ARM GAS  C:\Users\umasu\AppData\Local\Temp\ccsvoD3F.s 			page 1


   1              		.syntax unified
   2              		.cpu cortex-m3
   3              		.fpu softvfp
   4              		.eabi_attribute 20, 1
   5              		.eabi_attribute 21, 1
   6              		.eabi_attribute 23, 3
   7              		.eabi_attribute 24, 1
   8              		.eabi_attribute 25, 1
   9              		.eabi_attribute 26, 1
  10              		.eabi_attribute 30, 1
  11              		.eabi_attribute 34, 1
  12              		.eabi_attribute 18, 4
  13              		.thumb
  14              		.syntax unified
  15              		.file	"movements.c"
  16              		.text
  17              	.Ltext0:
  18              		.cfi_sections	.debug_frame
  19              	.Letext0:
  20              		.section	.debug_line,"",%progbits
  21              	.Ldebug_line0:
  22              		.section	.debug_str,"MS",%progbits,1
  23              	.LASF0:
  24 0000 443A5C53 		.ascii	"D:\\Semester 2\\COMPSYS 303 - Microcomputers and Em"
  24      656D6573 
  24      74657220 
  24      325C434F 
  24      4D505359 
  25 0031 62656464 		.ascii	"bedded Systems\\GITHUB\\COMPSYS303\\301backup\\Uma\\"
  25      65642053 
  25      79737465 
  25      6D735C47 
  25      49544855 
  26 0060 3330315F 		.ascii	"301_15_path_following\\Additional_HD.cydsn\000"
  26      31355F70 
  26      6174685F 
  26      666F6C6C 
  26      6F77696E 
  27              	.LASF1:
  28 008a 474E5520 		.ascii	"GNU C11 5.4.1 20160609 (release) [ARM/embedded-5-br"
  28      43313120 
  28      352E342E 
  28      31203230 
  28      31363036 
  29 00bd 616E6368 		.ascii	"anch revision 237715] -mcpu=cortex-m3 -mthumb -g -O"
  29      20726576 
  29      6973696F 
  29      6E203233 
  29      37373135 
  30 00f0 67202D66 		.ascii	"g -ffunction-sections -ffat-lto-objects\000"
  30      66756E63 
  30      74696F6E 
  30      2D736563 
  30      74696F6E 
  31              	.LASF2:
  32 0118 6D6F7665 		.ascii	"movements.c\000"
  32      6D656E74 
ARM GAS  C:\Users\umasu\AppData\Local\Temp\ccsvoD3F.s 			page 2


  32      732E6300 
  33              		.ident	"GCC: (GNU Tools for ARM Embedded Processors) 5.4.1 20160609 (release) [ARM/embedded-5-bran
