Archive member included to satisfy reference by file (symbol)

.\CortexM3\ARM_GCC_541\Debug\Additional_HD.a(CyLib.o)
                              .\CortexM3\ARM_GCC_541\Debug\Cm3Start.o (CyHalt)
.\CortexM3\ARM_GCC_541\Debug\Additional_HD.a(cyPm.o)
                              .\CortexM3\ARM_GCC_541\Debug\Additional_HD.a(CyLib.o) (CyPmReadStatus)
.\CortexM3\ARM_GCC_541\Debug\Additional_HD.a(isr_1.o)
                              .\CortexM3\ARM_GCC_541\Debug\main.o (isr_1_StartEx)
.\CortexM3\ARM_GCC_541\Debug\Additional_HD.a(Timer_1.o)
                              .\CortexM3\ARM_GCC_541\Debug\main.o (Timer_1_ReadStatusRegister)
.\CortexM3\ARM_GCC_541\Debug\Additional_HD.a(Comp_1.o)
                              .\CortexM3\ARM_GCC_541\Debug\main.o (Comp_1_Start)
.\CortexM3\ARM_GCC_541\Debug\Additional_HD.a(Comp_2.o)
                              .\CortexM3\ARM_GCC_541\Debug\main.o (Comp_2_Start)
.\CortexM3\ARM_GCC_541\Debug\Additional_HD.a(LED_1.o)
                              .\CortexM3\ARM_GCC_541\Debug\main.o (LED_1_Write)
.\CortexM3\ARM_GCC_541\Debug\Additional_HD.a(Comp_3.o)
                              .\CortexM3\ARM_GCC_541\Debug\main.o (Comp_3_Start)
.\CortexM3\ARM_GCC_541\Debug\Additional_HD.a(LED_3.o)
                              .\CortexM3\ARM_GCC_541\Debug\main.o (LED_3_Write)
.\CortexM3\ARM_GCC_541\Debug\Additional_HD.a(Comp_0.o)
                              .\CortexM3\ARM_GCC_541\Debug\main.o (Comp_0_Start)
.\CortexM3\ARM_GCC_541\Debug\Additional_HD.a(LED_2.o)
                              .\CortexM3\ARM_GCC_541\Debug\main.o (LED_2_Write)
.\CortexM3\ARM_GCC_541\Debug\Additional_HD.a(Sout_R.o)
                              .\CortexM3\ARM_GCC_541\Debug\main.o (Sout_R_Read)
.\CortexM3\ARM_GCC_541\Debug\Additional_HD.a(Sout_L.o)
                              .\CortexM3\ARM_GCC_541\Debug\main.o (Sout_L_Read)
.\CortexM3\ARM_GCC_541\Debug\Additional_HD.a(Clock_PWM.o)
                              .\CortexM3\ARM_GCC_541\Debug\main.o (Clock_PWM_Start)
.\CortexM3\ARM_GCC_541\Debug\Additional_HD.a(PWM_1.o)
                              .\CortexM3\ARM_GCC_541\Debug\main.o (PWM_1_WritePeriod)
.\CortexM3\ARM_GCC_541\Debug\Additional_HD.a(PWM_2.o)
                              .\CortexM3\ARM_GCC_541\Debug\main.o (PWM_2_WritePeriod)
.\CortexM3\ARM_GCC_541\Debug\Additional_HD.a(QuadDec_M1.o)
                              .\CortexM3\ARM_GCC_541\Debug\main.o (QuadDec_M1_GetCounter)
.\CortexM3\ARM_GCC_541\Debug\Additional_HD.a(QuadDec_M1_INT.o)
                              .\CortexM3\ARM_GCC_541\Debug\Additional_HD.a(QuadDec_M1.o) (QuadDec_M1_ISR)
.\CortexM3\ARM_GCC_541\Debug\Additional_HD.a(QuadDec_M2.o)
                              .\CortexM3\ARM_GCC_541\Debug\main.o (QuadDec_M2_GetCounter)
.\CortexM3\ARM_GCC_541\Debug\Additional_HD.a(QuadDec_M2_INT.o)
                              .\CortexM3\ARM_GCC_541\Debug\Additional_HD.a(QuadDec_M2.o) (QuadDec_M2_ISR)
.\CortexM3\ARM_GCC_541\Debug\Additional_HD.a(QuadDec_M1_Cnt16.o)
                              .\CortexM3\ARM_GCC_541\Debug\Additional_HD.a(QuadDec_M1.o) (QuadDec_M1_Cnt16_Stop)
.\CortexM3\ARM_GCC_541\Debug\Additional_HD.a(QuadDec_M2_Cnt16.o)
                              .\CortexM3\ARM_GCC_541\Debug\Additional_HD.a(QuadDec_M2.o) (QuadDec_M2_Cnt16_Stop)
.\CortexM3\ARM_GCC_541\Debug\Additional_HD.a(CyBootAsmGnu.o)
                              .\CortexM3\ARM_GCC_541\Debug\cyfitter_cfg.o (CyDelayCycles)
.\CortexM3\ARM_GCC_541\Debug\Additional_HD.a(CyFlash.o)
                              .\CortexM3\ARM_GCC_541\Debug\Additional_HD.a(cyPm.o) (CyFlash_SetWaitCycles)
.\CortexM3\ARM_GCC_541\Debug\Additional_HD.a(CySpc.o)
                              .\CortexM3\ARM_GCC_541\Debug\Additional_HD.a(CyFlash.o) (CySpcStart)
c:/program files (x86)/cypress/psoc creator/4.4/psoc creator/import/gnu/arm/5.4.1/bin/../lib/gcc/arm-none-eabi/5.4.1/armv7-m\libgcc.a(_arm_addsubdf3.o)
                              .\CortexM3\ARM_GCC_541\Debug\functions.o (__aeabi_i2d)
c:/program files (x86)/cypress/psoc creator/4.4/psoc creator/import/gnu/arm/5.4.1/bin/../lib/gcc/arm-none-eabi/5.4.1/armv7-m\libgcc.a(_arm_muldivdf3.o)
                              .\CortexM3\ARM_GCC_541\Debug\functions.o (__aeabi_dmul)
c:/program files (x86)/cypress/psoc creator/4.4/psoc creator/import/gnu/arm/5.4.1/bin/../lib/gcc/arm-none-eabi/5.4.1/armv7-m\libgcc.a(_arm_fixdfsi.o)
                              .\CortexM3\ARM_GCC_541\Debug\functions.o (__aeabi_d2iz)
c:/program files (x86)/cypress/psoc creator/4.4/psoc creator/import/gnu/arm/5.4.1/bin/../lib/gcc/arm-none-eabi/5.4.1/../../../../arm-none-eabi/lib/armv7-m\libg_nano.a(lib_a-errno.o)
                              .\CortexM3\ARM_GCC_541\Debug\Cm3Start.o (__errno)
c:/program files (x86)/cypress/psoc creator/4.4/psoc creator/import/gnu/arm/5.4.1/bin/../lib/gcc/arm-none-eabi/5.4.1/../../../../arm-none-eabi/lib/armv7-m\libg_nano.a(lib_a-exit.o)
[...]
Memory Configuration

Name             Origin             Length             Attributes
rom              0x00000000         0x00040000         xr
ram              0x1fff8000         0x00010000         xrw
*default*        0x00000000         0xffffffff

Linker script and memory map

LOAD c:/program files (x86)/cypress/psoc creator/4.4/psoc creator/import/gnu/arm/5.4.1/bin/../lib/gcc/arm-none-eabi/5.4.1/armv7-m/crti.o
LOAD c:/program files (x86)/cypress/psoc creator/4.4/psoc creator/import/gnu/arm/5.4.1/bin/../lib/gcc/arm-none-eabi/5.4.1/armv7-m/crtbegin.o
LOAD c:/program files (x86)/cypress/psoc creator/4.4/psoc creator/import/gnu/arm/5.4.1/bin/../lib/gcc/arm-none-eabi/5.4.1/../../../../arm-none-eabi/lib/armv7-m/crt0.o
START GROUP
LOAD .\CortexM3\ARM_GCC_541\Debug\main.o
LOAD .\CortexM3\ARM_GCC_541\Debug\functions.o
LOAD .\CortexM3\ARM_GCC_541\Debug\comments.o
LOAD .\CortexM3\ARM_GCC_541\Debug\cyfitter_cfg.o
LOAD .\CortexM3\ARM_GCC_541\Debug\cymetadata.o
LOAD .\CortexM3\ARM_GCC_541\Debug\Cm3Start.o
LOAD .\CortexM3\ARM_GCC_541\Debug\Additional_HD.a
LOAD C:\Program Files (x86)\Cypress\PSoC Creator\4.4\PSoC Creator\psoc\content\cycomponentlibrary\CyComponentLibrary.cylib\CortexM3\ARM_GCC_541\Debug\CyComponentLibrary.a
END GROUP
START GROUP
LOAD c:/program files (x86)/cypress/psoc creator/4.4/psoc creator/import/gnu/arm/5.4.1/bin/../lib/gcc/arm-none-eabi/5.4.1/armv7-m\libgcc.a
LOAD c:/program files (x86)/cypress/psoc creator/4.4/psoc creator/import/gnu/arm/5.4.1/bin/../lib/gcc/arm-none-eabi/5.4.1/../../../../arm-none-eabi/lib/armv7-m\libg_nano.a
LOAD c:/program files (x86)/cypress/psoc creator/4.4/psoc creator/import/gnu/arm/5.4.1/bin/../lib/gcc/arm-none-eabi/5.4.1/../../../../arm-none-eabi/lib/armv7-m\libc_nano.a
END GROUP
START GROUP
LOAD c:/program files (x86)/cypress/psoc creator/4.4/psoc creator/import/gnu/arm/5.4.1/bin/../lib/gcc/arm-none-eabi/5.4.1/armv7-m\libgcc.a
LOAD c:/program files (x86)/cypress/psoc creator/4.4/psoc creator/import/gnu/arm/5.4.1/bin/../lib/gcc/arm-none-eabi/5.4.1/../../../../arm-none-eabi/lib/armv7-m\libc_nano.a
END GROUP
LOAD c:/program files (x86)/cypress/psoc creator/4.4/psoc creator/import/gnu/arm/5.4.1/bin/../lib/gcc/arm-none-eabi/5.4.1/armv7-m/crtend.o
LOAD c:/program files (x86)/cypress/psoc creator/4.4/psoc creator/import/gnu/arm/5.4.1/bin/../lib/gcc/arm-none-eabi/5.4.1/armv7-m/crtn.o
START GROUP
LOAD c:/program files (x86)/cypress/psoc creator/4.4/psoc creator/import/gnu/arm/5.4.1/bin/../lib/gcc/arm-none-eabi/5.4.1/armv7-m\libgcc.a
LOAD c:/program files (x86)/cypress/psoc creator/4.4/psoc creator/import/gnu/arm/5.4.1/bin/../lib/gcc/arm-none-eabi/5.4.1/../../../../arm-none-eabi/lib/armv7-m\libc.a
LOAD c:/program files (x86)/cypress/psoc creator/4.4/psoc creator/import/gnu/arm/5.4.1/bin/../lib/gcc/arm-none-eabi/5.4.1/../../../../arm-none-eabi/lib/armv7-m\libnosys.a
END GROUP
                0x00000000                CY_APPL_ORIGIN = 0x0
                0x00000100                CY_FLASH_ROW_SIZE = 0x100
                0x00000020                CY_ECC_ROW_SIZE = 0x20
                0x00000000                CY_EE_IN_BTLDR = 0x0
                0x00000000                CY_APPL_LOADABLE = 0x0
                0x00000800                CY_EE_SIZE = 0x800
                0x00000001                CY_APPL_NUM = 0x1
                0x00000001                CY_APPL_MAX = 0x1
                0x00000040                CY_METADATA_SIZE = 0x40
                0x00000000                CY_APPL_LOADABLE = 0x0
                0x00000000                CY_CHECKSUM_EXCLUDE_SIZE = ALIGN (0x0, CY_FLASH_ROW_SIZE)
                [!provide]                PROVIDE (__cy_heap_start, _end)
                0x00000001                PROVIDE (__cy_region_num, ((__cy_regions_end - __cy_regions) / 0x10))
                0x20008000                PROVIDE (__cy_stack, (ORIGIN (ram) + LENGTH (ram)))
                [!provide]                PROVIDE (__cy_heap_end, (__cy_stack - 0x800))

.cybootloader   0x00000000        0x0
 *(.cybootloader)
                0x00000000                appl1_start = CY_APPL_ORIGIN?CY_APPL_ORIGIN:ALIGN (CY_FLASH_ROW_SIZE)
                0x0001ff00                appl2_start = (appl1_start + ALIGN ((((LENGTH (rom) - appl1_start) - (0x2 * CY_FLASH_ROW_SIZE)) / 0x2), CY_FLASH_ROW_SIZE))
                0x00000000                appl_start = (CY_APPL_NUM == 0x1)?appl1_start:appl2_start
                0x00000000                ecc_offset = ((appl_start / CY_FLASH_ROW_SIZE) * CY_ECC_ROW_SIZE)
                0x00000000                ee_offset = (CY_APPL_LOADABLE && ! (CY_EE_IN_BTLDR))?((CY_EE_SIZE / CY_APPL_MAX) * (CY_APPL_NUM - 0x1)):0x0
                0x00000800                ee_size = (CY_APPL_LOADABLE && ! (CY_EE_IN_BTLDR))?(CY_EE_SIZE / CY_APPL_MAX):CY_EE_SIZE
                [!provide]                PROVIDE (CY_ECC_OFFSET, ecc_offset)

.text           0x00000000     0x228a
 CREATE_OBJECT_SYMBOLS
                0x00000000                PROVIDE (__cy_interrupt_vector, RomVectors)
 *(.romvectors)
 .romvectors    0x00000000       0x10 .\CortexM3\ARM_GCC_541\Debug\Cm3Start.o
                0x00000000                RomVectors
                0x00000001                ASSERT ((. != __cy_interrupt_vector), No interrupt vector)
                0x00000001                ASSERT (CY_APPL_ORIGIN?(SIZEOF (.cybootloader) <= CY_APPL_ORIGIN):0x1, Wrong image location)
                0x00000010                PROVIDE (__cy_reset, Reset)
 *(.text.Reset)
 .text.Reset    0x00000010       0x18 .\CortexM3\ARM_GCC_541\Debug\Cm3Start.o
                0x00000010                Reset
                0x00000001                ASSERT ((. != __cy_reset), No reset code)
 *(.dma_init)
                0x00000001                ASSERT ((((appl_start + .) <= 0x10000) || 0x1), DMA Init must be within the first 64k of flash)
 *(.text .text.* .gnu.linkonce.t.*)
 .text          0x00000028       0x5c c:/program files (x86)/cypress/psoc creator/4.4/psoc creator/import/gnu/arm/5.4.1/bin/../lib/gcc/arm-none-eabi/5.4.1/armv7-m/crtbegin.o
 .text.isr_1_handler
                0x00000084       0x74 .\CortexM3\ARM_GCC_541\Debug\main.o
                0x00000084                isr_1_handler
 .text.stop     0x000000f8       0x10 .\CortexM3\ARM_GCC_541\Debug\main.o
                0x000000f8                stop
 .text.turnLeft
                0x00000108       0x30 .\CortexM3\ARM_GCC_541\Debug\main.o
                0x00000108                turnLeft
 .text.turnRight
                0x00000138       0x30 .\CortexM3\ARM_GCC_541\Debug\main.o
                0x00000138                turnRight
 .text.reverse  0x00000168       0x10 .\CortexM3\ARM_GCC_541\Debug\main.o
                0x00000168                reverse
 .text.turn_180
                0x00000178       0x4c .\CortexM3\ARM_GCC_541\Debug\main.o
                0x00000178                turn_180
 .text.goStraight_cm
                0x000001c4       0x74 .\CortexM3\ARM_GCC_541\Debug\main.o
                0x000001c4                goStraight_cm
 .text.goStraight
                0x00000238       0x58 .\CortexM3\ARM_GCC_541\Debug\main.o
                0x00000238                goStraight
 .text.changeDirection
                0x00000290       0xe8 .\CortexM3\ARM_GCC_541\Debug\main.o
                0x00000290                changeDirection
 .text.main     0x00000378      0x134 .\CortexM3\ARM_GCC_541\Debug\main.o
                0x00000378                main
 .text.getCurrentDirection
                0x000004ac        0xc .\CortexM3\ARM_GCC_541\Debug\functions.o
                0x000004ac                getCurrentDirection
 .text.isValidCell
                0x000004b8       0x1c .\CortexM3\ARM_GCC_541\Debug\functions.o
                0x000004b8                isValidCell
 .text.dijkstra
                0x000004d4      0x218 .\CortexM3\ARM_GCC_541\Debug\functions.o
                0x000004d4                dijkstra
 *fill*         0x000006ec        0x4 
 .text.getDistance_H
                0x000006f0       0x9c .\CortexM3\ARM_GCC_541\Debug\functions.o
                0x000006f0                getDistance_H
 *fill*         0x0000078c        0x4 
 .text.getDistance_V
                0x00000790       0xa8 .\CortexM3\ARM_GCC_541\Debug\functions.o
                0x00000790                getDistance_V
 .text.getMovementArray
                0x00000838      0x22c .\CortexM3\ARM_GCC_541\Debug\functions.o
                0x00000838                getMovementArray
 .text.CyClockStartupError
                0x00000a64        0x4 .\CortexM3\ARM_GCC_541\Debug\cyfitter_cfg.o
 .text.cfg_write_bytes32
                0x00000a68       0x34 .\CortexM3\ARM_GCC_541\Debug\cyfitter_cfg.o
 .text.AnalogSetDefault
                0x00000a9c       0x70 .\CortexM3\ARM_GCC_541\Debug\cyfitter_cfg.o
 .text.CYMEMZERO
                0x00000b0c        0xc .\CortexM3\ARM_GCC_541\Debug\cyfitter_cfg.o
 .text.CYCONFIGCPY
                0x00000b18        0x8 .\CortexM3\ARM_GCC_541\Debug\cyfitter_cfg.o
 .text.ClockSetup
                0x00000b20      0x108 .\CortexM3\ARM_GCC_541\Debug\cyfitter_cfg.o
 .text.cyfitter_cfg
                0x00000c28      0x164 .\CortexM3\ARM_GCC_541\Debug\cyfitter_cfg.o
                0x00000c28                cyfitter_cfg
 .text.IntDefaultHandler
                0x00000d8c       0x10 .\CortexM3\ARM_GCC_541\Debug\Cm3Start.o
                0x00000d8c                IntDefaultHandler
 .text.Start_c  0x00000d9c       0x4c .\CortexM3\ARM_GCC_541\Debug\Cm3Start.o
                0x00000d9c                Start_c
 .text.initialize_psoc
                0x00000de8       0x68 .\CortexM3\ARM_GCC_541\Debug\Cm3Start.o
                0x00000de8                initialize_psoc
 .text.CyHalt   0x00000e50        0x4 .\CortexM3\ARM_GCC_541\Debug\Additional_HD.a(CyLib.o)
                0x00000e50                CyHalt
 .text.CyIntSetVector
                0x00000e54       0x28 .\CortexM3\ARM_GCC_541\Debug\Additional_HD.a(CyLib.o)
                0x00000e54                CyIntSetVector
 .text.CyIntSetPriority
                0x00000e7c       0x30 .\CortexM3\ARM_GCC_541\Debug\Additional_HD.a(CyLib.o)
                0x00000e7c                CyIntSetPriority
 .text.isr_1_SetVector
                0x00000eac       0x10 .\CortexM3\ARM_GCC_541\Debug\Additional_HD.a(isr_1.o)
                0x00000eac                isr_1_SetVector
 .text.isr_1_SetPriority
                0x00000ebc       0x10 .\CortexM3\ARM_GCC_541\Debug\Additional_HD.a(isr_1.o)
                0x00000ebc                isr_1_SetPriority
 .text.isr_1_Enable
                0x00000ecc       0x10 .\CortexM3\ARM_GCC_541\Debug\Additional_HD.a(isr_1.o)
                0x00000ecc                isr_1_Enable
 .text.isr_1_Disable
                0x00000edc       0x10 .\CortexM3\ARM_GCC_541\Debug\Additional_HD.a(isr_1.o)
                0x00000edc                isr_1_Disable
 .text.isr_1_StartEx
                0x00000eec       0x1c .\CortexM3\ARM_GCC_541\Debug\Additional_HD.a(isr_1.o)
                0x00000eec                isr_1_StartEx
 .text.Timer_1_Enable
                0x00000f08       0x28 .\CortexM3\ARM_GCC_541\Debug\Additional_HD.a(Timer_1.o)
                0x00000f08                Timer_1_Enable
 .text.Timer_1_SetInterruptMode
                0x00000f30        0xc .\CortexM3\ARM_GCC_541\Debug\Additional_HD.a(Timer_1.o)
                0x00000f30                Timer_1_SetInterruptMode
 .text.Timer_1_ReadStatusRegister
                0x00000f3c        0xc .\CortexM3\ARM_GCC_541\Debug\Additional_HD.a(Timer_1.o)
                0x00000f3c                Timer_1_ReadStatusRegister
 .text.Timer_1_WritePeriod
                0x00000f48        0xc .\CortexM3\ARM_GCC_541\Debug\Additional_HD.a(Timer_1.o)
                0x00000f48                Timer_1_WritePeriod
 .text.Timer_1_WriteCounter
                0x00000f54        0xc .\CortexM3\ARM_GCC_541\Debug\Additional_HD.a(Timer_1.o)
                0x00000f54                Timer_1_WriteCounter
 .text.Timer_1_Init
                0x00000f60       0x68 .\CortexM3\ARM_GCC_541\Debug\Additional_HD.a(Timer_1.o)
                0x00000f60                Timer_1_Init
 .text.Timer_1_Start
                0x00000fc8       0x1c .\CortexM3\ARM_GCC_541\Debug\Additional_HD.a(Timer_1.o)
                0x00000fc8                Timer_1_Start
 .text.Comp_1_Enable
                0x00000fe4       0x1c .\CortexM3\ARM_GCC_541\Debug\Additional_HD.a(Comp_1.o)
                0x00000fe4                Comp_1_Enable
 .text.Comp_1_SetSpeed
                0x00001000       0x58 .\CortexM3\ARM_GCC_541\Debug\Additional_HD.a(Comp_1.o)
                0x00001000                Comp_1_SetSpeed
 .text.Comp_1_Init
                0x00001058       0x3c .\CortexM3\ARM_GCC_541\Debug\Additional_HD.a(Comp_1.o)
                0x00001058                Comp_1_Init
 .text.Comp_1_Start
                0x00001094       0x1c .\CortexM3\ARM_GCC_541\Debug\Additional_HD.a(Comp_1.o)
                0x00001094                Comp_1_Start
 .text.Comp_1_GetCompare
                0x000010b0       0x10 .\CortexM3\ARM_GCC_541\Debug\Additional_HD.a(Comp_1.o)
                0x000010b0                Comp_1_GetCompare
 .text.Comp_2_Enable
                0x000010c0       0x1c .\CortexM3\ARM_GCC_541\Debug\Additional_HD.a(Comp_2.o)
                0x000010c0                Comp_2_Enable
 .text.Comp_2_SetSpeed
                0x000010dc       0x58 .\CortexM3\ARM_GCC_541\Debug\Additional_HD.a(Comp_2.o)
                0x000010dc                Comp_2_SetSpeed
 .text.Comp_2_Init
                0x00001134       0x3c .\CortexM3\ARM_GCC_541\Debug\Additional_HD.a(Comp_2.o)
                0x00001134                Comp_2_Init
 .text.Comp_2_Start
                0x00001170       0x1c .\CortexM3\ARM_GCC_541\Debug\Additional_HD.a(Comp_2.o)
                0x00001170                Comp_2_Start
 .text.Comp_2_GetCompare
                0x0000118c       0x10 .\CortexM3\ARM_GCC_541\Debug\Additional_HD.a(Comp_2.o)
                0x0000118c                Comp_2_GetCompare
 .text.LED_1_Write
                0x0000119c       0x18 .\CortexM3\ARM_GCC_541\Debug\Additional_HD.a(LED_1.o)
                0x0000119c                LED_1_Write
 .text.Comp_3_Enable
                0x000011b4       0x1c .\CortexM3\ARM_GCC_541\Debug\Additional_HD.a(Comp_3.o)
                0x000011b4                Comp_3_Enable
 .text.Comp_3_SetSpeed
                0x000011d0       0x58 .\CortexM3\ARM_GCC_541\Debug\Additional_HD.a(Comp_3.o)
                0x000011d0                Comp_3_SetSpeed
 .text.Comp_3_Init
                0x00001228       0x3c .\CortexM3\ARM_GCC_541\Debug\Additional_HD.a(Comp_3.o)
                0x00001228                Comp_3_Init
 .text.Comp_3_Start
                0x00001264       0x1c .\CortexM3\ARM_GCC_541\Debug\Additional_HD.a(Comp_3.o)
                0x00001264                Comp_3_Start
 .text.Comp_3_GetCompare
                0x00001280       0x10 .\CortexM3\ARM_GCC_541\Debug\Additional_HD.a(Comp_3.o)
                0x00001280                Comp_3_GetCompare
 .text.LED_3_Write
                0x00001290       0x18 .\CortexM3\ARM_GCC_541\Debug\Additional_HD.a(LED_3.o)
                0x00001290                LED_3_Write
 .text.Comp_0_Enable
                0x000012a8       0x1c .\CortexM3\ARM_GCC_541\Debug\Additional_HD.a(Comp_0.o)
                0x000012a8                Comp_0_Enable
 .text.Comp_0_SetSpeed
                0x000012c4       0x58 .\CortexM3\ARM_GCC_541\Debug\Additional_HD.a(Comp_0.o)
                0x000012c4                Comp_0_SetSpeed
 .text.Comp_0_Init
                0x0000131c       0x3c .\CortexM3\ARM_GCC_541\Debug\Additional_HD.a(Comp_0.o)
                0x0000131c                Comp_0_Init
 .text.Comp_0_Start
                0x00001358       0x1c .\CortexM3\ARM_GCC_541\Debug\Additional_HD.a(Comp_0.o)
                0x00001358                Comp_0_Start
 .text.Comp_0_GetCompare
                0x00001374       0x10 .\CortexM3\ARM_GCC_541\Debug\Additional_HD.a(Comp_0.o)
                0x00001374                Comp_0_GetCompare
 .text.LED_2_Write
                0x00001384       0x18 .\CortexM3\ARM_GCC_541\Debug\Additional_HD.a(LED_2.o)
                0x00001384                LED_2_Write
 .text.Sout_R_Read
                0x0000139c       0x10 .\CortexM3\ARM_GCC_541\Debug\Additional_HD.a(Sout_R.o)
                0x0000139c                Sout_R_Read
 .text.Sout_L_Read
                0x000013ac       0x10 .\CortexM3\ARM_GCC_541\Debug\Additional_HD.a(Sout_L.o)
                0x000013ac                Sout_L_Read
 .text.Clock_PWM_Start
                0x000013bc       0x1c .\CortexM3\ARM_GCC_541\Debug\Additional_HD.a(Clock_PWM.o)
                0x000013bc                Clock_PWM_Start
 .text.PWM_1_Enable
                0x000013d8       0x28 .\CortexM3\ARM_GCC_541\Debug\Additional_HD.a(PWM_1.o)
                0x000013d8                PWM_1_Enable
 .text.PWM_1_WritePeriod
                0x00001400        0xc .\CortexM3\ARM_GCC_541\Debug\Additional_HD.a(PWM_1.o)
                0x00001400                PWM_1_WritePeriod
 .text.PWM_1_WriteCompare
                0x0000140c        0xc .\CortexM3\ARM_GCC_541\Debug\Additional_HD.a(PWM_1.o)
                0x0000140c                PWM_1_WriteCompare
 .text.PWM_1_SetInterruptMode
                0x00001418        0xc .\CortexM3\ARM_GCC_541\Debug\Additional_HD.a(PWM_1.o)
                0x00001418                PWM_1_SetInterruptMode
 .text.PWM_1_Init
                0x00001424       0x74 .\CortexM3\ARM_GCC_541\Debug\Additional_HD.a(PWM_1.o)
                0x00001424                PWM_1_Init
 .text.PWM_1_Start
                0x00001498       0x1c .\CortexM3\ARM_GCC_541\Debug\Additional_HD.a(PWM_1.o)
                0x00001498                PWM_1_Start
 .text.PWM_1_ReadCompare
                0x000014b4        0xc .\CortexM3\ARM_GCC_541\Debug\Additional_HD.a(PWM_1.o)
                0x000014b4                PWM_1_ReadCompare
 .text.PWM_2_Enable
                0x000014c0       0x28 .\CortexM3\ARM_GCC_541\Debug\Additional_HD.a(PWM_2.o)
                0x000014c0                PWM_2_Enable
 .text.PWM_2_WritePeriod
                0x000014e8        0xc .\CortexM3\ARM_GCC_541\Debug\Additional_HD.a(PWM_2.o)
                0x000014e8                PWM_2_WritePeriod
 .text.PWM_2_WriteCompare
                0x000014f4        0xc .\CortexM3\ARM_GCC_541\Debug\Additional_HD.a(PWM_2.o)
                0x000014f4                PWM_2_WriteCompare
 .text.PWM_2_SetInterruptMode
                0x00001500        0xc .\CortexM3\ARM_GCC_541\Debug\Additional_HD.a(PWM_2.o)
                0x00001500                PWM_2_SetInterruptMode
 .text.PWM_2_Init
                0x0000150c       0x74 .\CortexM3\ARM_GCC_541\Debug\Additional_HD.a(PWM_2.o)
                0x0000150c                PWM_2_Init
 .text.PWM_2_Start
                0x00001580       0x1c .\CortexM3\ARM_GCC_541\Debug\Additional_HD.a(PWM_2.o)
                0x00001580                PWM_2_Start
 .text.PWM_2_ReadCompare
                0x0000159c        0xc .\CortexM3\ARM_GCC_541\Debug\Additional_HD.a(PWM_2.o)
                0x0000159c                PWM_2_ReadCompare
 .text.QuadDec_M1_Init
                0x000015a8       0x24 .\CortexM3\ARM_GCC_541\Debug\Additional_HD.a(QuadDec_M1.o)
                0x000015a8                QuadDec_M1_Init
 .text.QuadDec_M1_GetCounter
                0x000015cc       0x2c .\CortexM3\ARM_GCC_541\Debug\Additional_HD.a(QuadDec_M1.o)
                0x000015cc                QuadDec_M1_GetCounter
 .text.QuadDec_M1_SetCounter
                0x000015f8       0x28 .\CortexM3\ARM_GCC_541\Debug\Additional_HD.a(QuadDec_M1.o)
                0x000015f8                QuadDec_M1_SetCounter
 .text.QuadDec_M1_GetEvents
                0x00001620       0x10 .\CortexM3\ARM_GCC_541\Debug\Additional_HD.a(QuadDec_M1.o)
                0x00001620                QuadDec_M1_GetEvents
 .text.QuadDec_M1_SetInterruptMask
                0x00001630       0x10 .\CortexM3\ARM_GCC_541\Debug\Additional_HD.a(QuadDec_M1.o)
                0x00001630                QuadDec_M1_SetInterruptMask
 .text.QuadDec_M1_Enable
                0x00001640       0x30 .\CortexM3\ARM_GCC_541\Debug\Additional_HD.a(QuadDec_M1.o)
                0x00001640                QuadDec_M1_Enable
 .text.QuadDec_M1_Start
                0x00001670       0x34 .\CortexM3\ARM_GCC_541\Debug\Additional_HD.a(QuadDec_M1.o)
                0x00001670                QuadDec_M1_Start
 .text.QuadDec_M1_ISR
                0x000016a4       0x40 .\CortexM3\ARM_GCC_541\Debug\Additional_HD.a(QuadDec_M1_INT.o)
                0x000016a4                QuadDec_M1_ISR
 .text.QuadDec_M2_Init
                0x000016e4       0x24 .\CortexM3\ARM_GCC_541\Debug\Additional_HD.a(QuadDec_M2.o)
                0x000016e4                QuadDec_M2_Init
 .text.QuadDec_M2_GetCounter
                0x00001708       0x2c .\CortexM3\ARM_GCC_541\Debug\Additional_HD.a(QuadDec_M2.o)
                0x00001708                QuadDec_M2_GetCounter
 .text.QuadDec_M2_SetCounter
                0x00001734       0x28 .\CortexM3\ARM_GCC_541\Debug\Additional_HD.a(QuadDec_M2.o)
                0x00001734                QuadDec_M2_SetCounter
 .text.QuadDec_M2_GetEvents
                0x0000175c       0x10 .\CortexM3\ARM_GCC_541\Debug\Additional_HD.a(QuadDec_M2.o)
                0x0000175c                QuadDec_M2_GetEvents
 .text.QuadDec_M2_SetInterruptMask
                0x0000176c       0x10 .\CortexM3\ARM_GCC_541\Debug\Additional_HD.a(QuadDec_M2.o)
                0x0000176c                QuadDec_M2_SetInterruptMask
 .text.QuadDec_M2_Enable
                0x0000177c       0x30 .\CortexM3\ARM_GCC_541\Debug\Additional_HD.a(QuadDec_M2.o)
                0x0000177c                QuadDec_M2_Enable
 .text.QuadDec_M2_Start
                0x000017ac       0x34 .\CortexM3\ARM_GCC_541\Debug\Additional_HD.a(QuadDec_M2.o)
                0x000017ac                QuadDec_M2_Start
 .text.QuadDec_M2_ISR
                0x000017e0       0x40 .\CortexM3\ARM_GCC_541\Debug\Additional_HD.a(QuadDec_M2_INT.o)
                0x000017e0                QuadDec_M2_ISR
 .text.QuadDec_M1_Cnt16_Enable
                0x00001820       0x10 .\CortexM3\ARM_GCC_541\Debug\Additional_HD.a(QuadDec_M1_Cnt16.o)
                0x00001820                QuadDec_M1_Cnt16_Enable
 .text.QuadDec_M1_Cnt16_SetInterruptMode
                0x00001830        0xc .\CortexM3\ARM_GCC_541\Debug\Additional_HD.a(QuadDec_M1_Cnt16.o)
                0x00001830                QuadDec_M1_Cnt16_SetInterruptMode
 .text.QuadDec_M1_Cnt16_ReadStatusRegister
                0x0000183c        0xc .\CortexM3\ARM_GCC_541\Debug\Additional_HD.a(QuadDec_M1_Cnt16.o)
                0x0000183c                QuadDec_M1_Cnt16_ReadStatusRegister
 .text.QuadDec_M1_Cnt16_WriteCounter
                0x00001848        0xc .\CortexM3\ARM_GCC_541\Debug\Additional_HD.a(QuadDec_M1_Cnt16.o)
                0x00001848                QuadDec_M1_Cnt16_WriteCounter
 .text.QuadDec_M1_Cnt16_ReadCounter
                0x00001854       0x14 .\CortexM3\ARM_GCC_541\Debug\Additional_HD.a(QuadDec_M1_Cnt16.o)
                0x00001854                QuadDec_M1_Cnt16_ReadCounter
 .text.QuadDec_M1_Cnt16_ReadCapture
                0x00001868        0xc .\CortexM3\ARM_GCC_541\Debug\Additional_HD.a(QuadDec_M1_Cnt16.o)
                0x00001868                QuadDec_M1_Cnt16_ReadCapture
 .text.QuadDec_M1_Cnt16_WritePeriod
                0x00001874        0xc .\CortexM3\ARM_GCC_541\Debug\Additional_HD.a(QuadDec_M1_Cnt16.o)
                0x00001874                QuadDec_M1_Cnt16_WritePeriod
 .text.QuadDec_M1_Cnt16_WriteCompare
                0x00001880        0xc .\CortexM3\ARM_GCC_541\Debug\Additional_HD.a(QuadDec_M1_Cnt16.o)
                0x00001880                QuadDec_M1_Cnt16_WriteCompare
 .text.QuadDec_M1_Cnt16_ClearFIFO
                0x0000188c       0x14 .\CortexM3\ARM_GCC_541\Debug\Additional_HD.a(QuadDec_M1_Cnt16.o)
                0x0000188c                QuadDec_M1_Cnt16_ClearFIFO
 .text.QuadDec_M1_Cnt16_Init
                0x000018a0       0x58 .\CortexM3\ARM_GCC_541\Debug\Additional_HD.a(QuadDec_M1_Cnt16.o)
                0x000018a0                QuadDec_M1_Cnt16_Init
 .text.QuadDec_M1_Cnt16_Start
                0x000018f8       0x1c .\CortexM3\ARM_GCC_541\Debug\Additional_HD.a(QuadDec_M1_Cnt16.o)
                0x000018f8                QuadDec_M1_Cnt16_Start
 .text.QuadDec_M2_Cnt16_Enable
                0x00001914       0x10 .\CortexM3\ARM_GCC_541\Debug\Additional_HD.a(QuadDec_M2_Cnt16.o)
                0x00001914                QuadDec_M2_Cnt16_Enable
 .text.QuadDec_M2_Cnt16_SetInterruptMode
                0x00001924        0xc .\CortexM3\ARM_GCC_541\Debug\Additional_HD.a(QuadDec_M2_Cnt16.o)
                0x00001924                QuadDec_M2_Cnt16_SetInterruptMode
 .text.QuadDec_M2_Cnt16_ReadStatusRegister
                0x00001930        0xc .\CortexM3\ARM_GCC_541\Debug\Additional_HD.a(QuadDec_M2_Cnt16.o)
                0x00001930                QuadDec_M2_Cnt16_ReadStatusRegister
 .text.QuadDec_M2_Cnt16_WriteCounter
                0x0000193c        0xc .\CortexM3\ARM_GCC_541\Debug\Additional_HD.a(QuadDec_M2_Cnt16.o)
                0x0000193c                QuadDec_M2_Cnt16_WriteCounter
 .text.QuadDec_M2_Cnt16_ReadCounter
                0x00001948       0x14 .\CortexM3\ARM_GCC_541\Debug\Additional_HD.a(QuadDec_M2_Cnt16.o)
                0x00001948                QuadDec_M2_Cnt16_ReadCounter
 .text.QuadDec_M2_Cnt16_ReadCapture
                0x0000195c        0xc .\CortexM3\ARM_GCC_541\Debug\Additional_HD.a(QuadDec_M2_Cnt16.o)
                0x0000195c                QuadDec_M2_Cnt16_ReadCapture
 .text.QuadDec_M2_Cnt16_WritePeriod
                0x00001968        0xc .\CortexM3\ARM_GCC_541\Debug\Additional_HD.a(QuadDec_M2_Cnt16.o)
                0x00001968                QuadDec_M2_Cnt16_WritePeriod
 .text.QuadDec_M2_Cnt16_WriteCompare
                0x00001974        0xc .\CortexM3\ARM_GCC_541\Debug\Additional_HD.a(QuadDec_M2_Cnt16.o)
                0x00001974                QuadDec_M2_Cnt16_WriteCompare
 .text.QuadDec_M2_Cnt16_ClearFIFO
                0x00001980       0x14 .\CortexM3\ARM_GCC_541\Debug\Additional_HD.a(QuadDec_M2_Cnt16.o)
                0x00001980                QuadDec_M2_Cnt16_ClearFIFO
 .text.QuadDec_M2_Cnt16_Init
                0x00001994       0x58 .\CortexM3\ARM_GCC_541\Debug\Additional_HD.a(QuadDec_M2_Cnt16.o)
                0x00001994                QuadDec_M2_Cnt16_Init
 .text.QuadDec_M2_Cnt16_Start
                0x000019ec       0x1c .\CortexM3\ARM_GCC_541\Debug\Additional_HD.a(QuadDec_M2_Cnt16.o)
                0x000019ec                QuadDec_M2_Cnt16_Start
 .text          0x00001a08       0x20 .\CortexM3\ARM_GCC_541\Debug\Additional_HD.a(CyBootAsmGnu.o)
                0x00001a08                CyDelayCycles
                0x00001a18                CyEnterCriticalSection
                0x00001a20                CyExitCriticalSection
 .text          0x00001a28      0x370 c:/program files (x86)/cypress/psoc creator/4.4/psoc creator/import/gnu/arm/5.4.1/bin/../lib/gcc/arm-none-eabi/5.4.1/armv7-m\libgcc.a(_arm_addsubdf3.o)
                0x00001a28                __aeabi_drsub
                0x00001a30                __aeabi_dsub
                0x00001a30                __subdf3
                0x00001a34                __aeabi_dadd
                0x00001a34                __adddf3
                0x00001cac                __floatunsidf
                0x00001cac                __aeabi_ui2d
                0x00001ccc                __floatsidf
                0x00001ccc                __aeabi_i2d
                0x00001cf0                __aeabi_f2d
                0x00001cf0                __extendsfdf2
                0x00001d2c                __floatundidf
                0x00001d2c                __aeabi_ul2d
                0x00001d3c                __floatdidf
                0x00001d3c                __aeabi_l2d
 .text          0x00001d98      0x424 c:/program files (x86)/cypress/psoc creator/4.4/psoc creator/import/gnu/arm/5.4.1/bin/../lib/gcc/arm-none-eabi/5.4.1/armv7-m\libgcc.a(_arm_muldivdf3.o)
                0x00001d98                __aeabi_dmul
                0x00001d98                __muldf3
                0x00001fec                __divdf3
                0x00001fec                __aeabi_ddiv
 .text          0x000021bc       0x50 c:/program files (x86)/cypress/psoc creator/4.4/psoc creator/import/gnu/arm/5.4.1/bin/../lib/gcc/arm-none-eabi/5.4.1/armv7-m\libgcc.a(_arm_fixdfsi.o)
                0x000021bc                __aeabi_d2iz
                0x000021bc                __fixdfsi
 .text.__errno  0x0000220c        0xc c:/program files (x86)/cypress/psoc creator/4.4/psoc creator/import/gnu/arm/5.4.1/bin/../lib/gcc/arm-none-eabi/5.4.1/../../../../arm-none-eabi/lib/armv7-m\libg_nano.a(lib_a-errno.o)
                0x0000220c                __errno
 .text.__libc_init_array
                0x00002218       0x4c c:/program files (x86)/cypress/psoc creator/4.4/psoc creator/import/gnu/arm/5.4.1/bin/../lib/gcc/arm-none-eabi/5.4.1/../../../../arm-none-eabi/lib/armv7-m\libg_nano.a(lib_a-init.o)
                0x00002218                __libc_init_array
 .text.memcpy   0x00002264       0x16 c:/program files (x86)/cypress/psoc creator/4.4/psoc creator/import/gnu/arm/5.4.1/bin/../lib/gcc/arm-none-eabi/5.4.1/../../../../arm-none-eabi/lib/armv7-m\libg_nano.a(lib_a-memcpy-stub.o)
                0x00002264                memcpy
 .text.memset   0x0000227a       0x10 c:/program files (x86)/cypress/psoc creator/4.4/psoc creator/import/gnu/arm/5.4.1/bin/../lib/gcc/arm-none-eabi/5.4.1/../../../../arm-none-eabi/lib/armv7-m\libg_nano.a(lib_a-memset.o)
                0x0000227a                memset
 *(.plt)
 *(.gnu.warning)
 *(.glue_7t)
 .glue_7t       0x0000228a        0x0 linker stubs
 *(.glue_7)
 .glue_7        0x0000228a        0x0 linker stubs
 *(.vfp11_veneer)
 .vfp11_veneer  0x0000228a        0x0 linker stubs
 *(.bootloader)
 *(.ARM.extab* .gnu.linkonce.armextab.*)
 *(.gcc_except_table)

.v4_bx          0x0000228c        0x0
 .v4_bx         0x0000228c        0x0 linker stubs

.iplt           0x0000228c        0x0
 .iplt          0x0000228c        0x0 c:/program files (x86)/cypress/psoc creator/4.4/psoc creator/import/gnu/arm/5.4.1/bin/../lib/gcc/arm-none-eabi/5.4.1/armv7-m/crtbegin.o

.eh_frame_hdr
 *(.eh_frame_hdr)

.eh_frame       0x0000228c        0x4
 *(.eh_frame)
 .eh_frame      0x0000228c        0x0 c:/program files (x86)/cypress/psoc creator/4.4/psoc creator/import/gnu/arm/5.4.1/bin/../lib/gcc/arm-none-eabi/5.4.1/armv7-m/crtbegin.o
 .eh_frame      0x0000228c        0x4 c:/program files (x86)/cypress/psoc creator/4.4/psoc creator/import/gnu/arm/5.4.1/bin/../lib/gcc/arm-none-eabi/5.4.1/armv7-m/crtend.o
                [!provide]                PROVIDE (__exidx_start, .)

.ARM.exidx
 *(.ARM.exidx* .gnu.linkonce.armexidx.*)
                0x00002290                __exidx_end = .

.rodata         0x00002290       0x80
 *(.rodata .rodata.* .gnu.linkonce.r.*)
 .rodata        0x00002290       0x20 .\CortexM3\ARM_GCC_541\Debug\functions.o
 .rodata        0x000022b0       0x2a .\CortexM3\ARM_GCC_541\Debug\cyfitter_cfg.o
 .rodata.str1.1
                0x000022da        0x2 c:/program files (x86)/cypress/psoc creator/4.4/psoc creator/import/gnu/arm/5.4.1/bin/../lib/gcc/arm-none-eabi/5.4.1/../../../../arm-none-eabi/lib/armv7-m\libg_nano.a(lib_a-impure.o)
                0x000022dc                . = ALIGN (0x4)
 *(.init)
 .init          0x000022dc        0x4 c:/program files (x86)/cypress/psoc creator/4.4/psoc creator/import/gnu/arm/5.4.1/bin/../lib/gcc/arm-none-eabi/5.4.1/armv7-m/crti.o
                0x000022dc                _init
 .init          0x000022e0        0x8 c:/program files (x86)/cypress/psoc creator/4.4/psoc creator/import/gnu/arm/5.4.1/bin/../lib/gcc/arm-none-eabi/5.4.1/armv7-m/crtn.o
                0x000022e8                . = ALIGN (0x4)
                0x000022e8                __preinit_array_start = .
 *(.preinit_array)
                0x000022e8                __preinit_array_end = .
                0x000022e8                . = ALIGN (0x4)
                0x000022e8                __init_array_start = .
 *(SORT(.init_array.*))
 *(.init_array)
 .init_array    0x000022e8        0x4 c:/program files (x86)/cypress/psoc creator/4.4/psoc creator/import/gnu/arm/5.4.1/bin/../lib/gcc/arm-none-eabi/5.4.1/armv7-m/crtbegin.o
 .init_array    0x000022ec        0x4 .\CortexM3\ARM_GCC_541\Debug\Cm3Start.o
                0x000022f0                __init_array_end = .
                0x000022f0                . = ALIGN (0x4)
 *(.fini)
 .fini          0x000022f0        0x4 c:/program files (x86)/cypress/psoc creator/4.4/psoc creator/import/gnu/arm/5.4.1/bin/../lib/gcc/arm-none-eabi/5.4.1/armv7-m/crti.o
                0x000022f0                _fini
 .fini          0x000022f4        0x8 c:/program files (x86)/cypress/psoc creator/4.4/psoc creator/import/gnu/arm/5.4.1/bin/../lib/gcc/arm-none-eabi/5.4.1/armv7-m/crtn.o
                0x000022fc                . = ALIGN (0x4)
                0x000022fc                __fini_array_start = .
 *(.fini_array)
 .fini_array    0x000022fc        0x4 c:/program files (x86)/cypress/psoc creator/4.4/psoc creator/import/gnu/arm/5.4.1/bin/../lib/gcc/arm-none-eabi/5.4.1/armv7-m/crtbegin.o
 *(SORT(.fini_array.*))
                0x00002300                __fini_array_end = .
                0x00002300                . = ALIGN (0x4)
 *crtbegin.o(.ctors)
 *(EXCLUDE_FILE(*crtend.o) .ctors)
 *(SORT(.ctors.*))
 *crtend.o(.ctors)
                0x00002300                . = ALIGN (0x4)
 *crtbegin.o(.dtors)
 *(EXCLUDE_FILE(*crtend.o) .dtors)
 *(SORT(.dtors.*))
 *crtend.o(.dtors)
                0x00002300                . = ALIGN (0x4)
                0x00002300                __cy_regions = .
                0x00002300        0x4 LONG 0x2310 __cy_region_init_ram
                0x00002304        0x4 LONG 0x1fff80c8 __cy_region_start_data
                0x00002308        0x4 LONG 0x528 __cy_region_init_size_ram
                0x0000230c        0x4 LONG 0xa00 __cy_region_zero_size_ram
                0x00002310                __cy_regions_end = .
                0x00002310                . = ALIGN (0x8)
                0x00002310                _etext = .

.cy_checksum_exclude
                0x00002310        0x0
 *(.cy_checksum_exclude)

.ramvectors     0x1fff8000       0xc0
                0x1fff8000                __cy_region_start_ram = .
 *(.ramvectors)
 .ramvectors    0x1fff8000       0xc0 .\CortexM3\ARM_GCC_541\Debug\Cm3Start.o
                0x1fff8000                CyRamVectors

.noinit         0x1fff80c0        0x1
 *(.noinit)
 .noinit        0x1fff80c0        0x1 .\CortexM3\ARM_GCC_541\Debug\Additional_HD.a(CyLib.o)
                0x1fff80c0                CyResetStatus

.data           0x1fff80c8      0x528 load address 0x00002310
                0x1fff80c8                __cy_region_start_data = .
 *(.jcr)
 .jcr           0x1fff80c8        0x0 c:/program files (x86)/cypress/psoc creator/4.4/psoc creator/import/gnu/arm/5.4.1/bin/../lib/gcc/arm-none-eabi/5.4.1/armv7-m/crtbegin.o
 .jcr           0x1fff80c8        0x4 c:/program files (x86)/cypress/psoc creator/4.4/psoc creator/import/gnu/arm/5.4.1/bin/../lib/gcc/arm-none-eabi/5.4.1/armv7-m/crtend.o
 *(.got.plt)
 *(.got)
 *(.shdata)
 *(.data .data.* .gnu.linkonce.d.*)
 *fill*         0x1fff80cc        0x4 
 .data          0x1fff80d0       0x48 .\CortexM3\ARM_GCC_541\Debug\main.o
                0x1fff80d0                food_list
                0x1fff8100                startDirectionArray
                0x1fff8105                current_state
                0x1fff8108                timeInterval_s
                0x1fff8110                wheelCircumference_cm
                0x1fff8114                CPR
 .data          0x1fff8118      0x474 .\CortexM3\ARM_GCC_541\Debug\functions.o
                0x1fff8118                map
 .data.impure_data
                0x1fff858c       0x60 c:/program files (x86)/cypress/psoc creator/4.4/psoc creator/import/gnu/arm/5.4.1/bin/../lib/gcc/arm-none-eabi/5.4.1/../../../../arm-none-eabi/lib/armv7-m\libg_nano.a(lib_a-impure.o)
 .data._impure_ptr
                0x1fff85ec        0x4 c:/program files (x86)/cypress/psoc creator/4.4/psoc creator/import/gnu/arm/5.4.1/bin/../lib/gcc/arm-none-eabi/5.4.1/../../../../arm-none-eabi/lib/armv7-m\libg_nano.a(lib_a-impure.o)
                0x1fff85ec                _impure_ptr
                0x1fff85f0                . = ALIGN (0x8)
 *(.ram)
                0x1fff85f0                _edata = .

.igot.plt       0x1fff85f0        0x0 load address 0x00002838
 .igot.plt      0x1fff85f0        0x0 c:/program files (x86)/cypress/psoc creator/4.4/psoc creator/import/gnu/arm/5.4.1/bin/../lib/gcc/arm-none-eabi/5.4.1/armv7-m/crtbegin.o

.bss            0x1fff85f0      0xa00 load address 0x00002838
                0x1fff85f0                PROVIDE (__bss_start__, .)
 *(.shbss)
 *(.bss .bss.* .gnu.linkonce.b.*)
 .bss           0x1fff85f0       0x1c c:/program files (x86)/cypress/psoc creator/4.4/psoc creator/import/gnu/arm/5.4.1/bin/../lib/gcc/arm-none-eabi/5.4.1/armv7-m/crtbegin.o
 .bss           0x1fff860c        0x5 .\CortexM3\ARM_GCC_541\Debug\main.o
                0x1fff860c                count
                0x1fff8610                isTurning
 *fill*         0x1fff8611        0x3 
 .bss           0x1fff8614        0x4 .\CortexM3\ARM_GCC_541\Debug\functions.o
                0x1fff8614                pathLength
 .bss           0x1fff8618        0x1 .\CortexM3\ARM_GCC_541\Debug\Additional_HD.a(Timer_1.o)
                0x1fff8618                Timer_1_initVar
 .bss           0x1fff8619        0x1 .\CortexM3\ARM_GCC_541\Debug\Additional_HD.a(Comp_1.o)
                0x1fff8619                Comp_1_initVar
 .bss           0x1fff861a        0x1 .\CortexM3\ARM_GCC_541\Debug\Additional_HD.a(Comp_2.o)
                0x1fff861a                Comp_2_initVar
 .bss           0x1fff861b        0x1 .\CortexM3\ARM_GCC_541\Debug\Additional_HD.a(Comp_3.o)
                0x1fff861b                Comp_3_initVar
 .bss           0x1fff861c        0x1 .\CortexM3\ARM_GCC_541\Debug\Additional_HD.a(Comp_0.o)
                0x1fff861c                Comp_0_initVar
 .bss           0x1fff861d        0x1 .\CortexM3\ARM_GCC_541\Debug\Additional_HD.a(PWM_1.o)
                0x1fff861d                PWM_1_initVar
 .bss           0x1fff861e        0x1 .\CortexM3\ARM_GCC_541\Debug\Additional_HD.a(PWM_2.o)
                0x1fff861e                PWM_2_initVar
 .bss           0x1fff861f        0x1 .\CortexM3\ARM_GCC_541\Debug\Additional_HD.a(QuadDec_M1.o)
                0x1fff861f                QuadDec_M1_initVar
 .bss           0x1fff8620        0x4 .\CortexM3\ARM_GCC_541\Debug\Additional_HD.a(QuadDec_M1_INT.o)
                0x1fff8620                QuadDec_M1_count32SoftPart
 .bss           0x1fff8624        0x1 .\CortexM3\ARM_GCC_541\Debug\Additional_HD.a(QuadDec_M2.o)
                0x1fff8624                QuadDec_M2_initVar
 *fill*         0x1fff8625        0x3 
 .bss           0x1fff8628        0x4 .\CortexM3\ARM_GCC_541\Debug\Additional_HD.a(QuadDec_M2_INT.o)
                0x1fff8628                QuadDec_M2_count32SoftPart
 .bss           0x1fff862c        0x1 .\CortexM3\ARM_GCC_541\Debug\Additional_HD.a(QuadDec_M1_Cnt16.o)
                0x1fff862c                QuadDec_M1_Cnt16_initVar
 .bss           0x1fff862d        0x1 .\CortexM3\ARM_GCC_541\Debug\Additional_HD.a(QuadDec_M2_Cnt16.o)
                0x1fff862d                QuadDec_M2_Cnt16_initVar
 *(COMMON)
 *fill*         0x1fff862e        0x2 
 COMMON         0x1fff8630        0x8 .\CortexM3\ARM_GCC_541\Debug\main.o
                0x1fff8630                path_length
                0x1fff8634                comp1_sum
                0x1fff8635                comp3_sum
                0x1fff8636                comp0_sum
                0x1fff8637                comp2_sum
 COMMON         0x1fff8638      0x9b1 .\CortexM3\ARM_GCC_541\Debug\functions.o
                0x1fff8638                path
                0x1fff8f20                movementArray
                0x1fff8fe8                robot_direction
                0x1fff8ff0                . = ALIGN (0x8)
 *fill*         0x1fff8fe9        0x7 
 *(.ram.b)
                0x1fff8ff0                _end = .
                0x1fff8ff0                __end = .
                0x1fff8ff0                PROVIDE (end, .)
                0x1fff8ff0                PROVIDE (__bss_end__, .)
                0x00002310                __cy_region_init_ram = LOADADDR (.data)
                0x00000528                __cy_region_init_size_ram = (_edata - ADDR (.data))
                0x00000a00                __cy_region_zero_size_ram = (_end - _edata)

.heap           0x1fff8ff0       0x80 load address 0x00002838
                0x1fff8ff0                . = _end
                0x1fff9070                . = (. + 0x80)
 *fill*         0x1fff8ff0       0x80 
                0x1fff9070                __cy_heap_limit = .

.stack          0x20007800      0x800
                0x20007800                __cy_stack_limit = .
                0x20008000                . = (. + 0x800)
 *fill*         0x20007800      0x800 
                0x00000001                ASSERT ((__cy_stack_limit >= __cy_heap_limit), region RAM overflowed with stack)
                0x00000000                cy_checksum_exclude_size = (CY_APPL_LOADABLE == 0x1)?SIZEOF (.cy_checksum_exclude):0x0
                0x00000001                ASSERT ((cy_checksum_exclude_size <= CY_CHECKSUM_EXCLUDE_SIZE), CY_BOOT: Section .cy_checksum_exclude size exceedes specified limit.)

.cyloadermeta
 *(.cyloadermeta)

.cyloadablemeta
 *(.cyloadablemeta)

.cyconfigecc    0x80000000      0x9b8
 *(.cyconfigecc)
 .cyconfigecc   0x80000000      0x9b8 .\CortexM3\ARM_GCC_541\Debug\cymetadata.o
                0x80000000                cy_meta_configecc

.cycustnvl      0x90000000        0x4
 *(.cycustnvl)
 .cycustnvl     0x90000000        0x4 .\CortexM3\ARM_GCC_541\Debug\cymetadata.o
                0x90000000                cy_meta_custnvl

.cywolatch      0x90100000        0x4
 *(.cywolatch)
 .cywolatch     0x90100000        0x4 .\CortexM3\ARM_GCC_541\Debug\cymetadata.o
                0x90100000                cy_meta_wonvl

.cyeeprom       0x90200000        0x0
 *(.cyeeprom)
                0x00000001                ASSERT ((. <= ((0x90200000 + ee_offset) + ee_size)), .cyeeprom data will not fit in EEPROM)

.cyflashprotect
                0x90400000      0x100
 *(.cyflashprotect)
 .cyflashprotect
                0x90400000      0x100 .\CortexM3\ARM_GCC_541\Debug\cymetadata.o
                0x90400000                cy_meta_flashprotect

.cymeta         0x90500000        0xc
 *(.cymeta)
 .cymeta        0x90500000        0xc .\CortexM3\ARM_GCC_541\Debug\cymetadata.o
                0x90500000                cy_metadata

.rel.dyn        0x00002838        0x0 load address 0x9050000c
 .rel.iplt      0x00002838        0x0 c:/program files (x86)/cypress/psoc creator/4.4/psoc creator/import/gnu/arm/5.4.1/bin/../lib/gcc/arm-none-eabi/5.4.1/armv7-m/crtbegin.o

.stab
 *(.stab)

.stabstr
 *(.stabstr)

.debug
 *(.debug)

.line
 *(.line)

.debug_srcinfo
 *(.debug_srcinfo)

.debug_sfnames
 *(.debug_sfnames)

.debug_aranges  0x00000000      0xd38
 *(.debug_aranges)
 .debug_aranges
                0x00000000       0x68 .\CortexM3\ARM_GCC_541\Debug\main.o
 .debug_aranges
                0x00000068       0x48 .\CortexM3\ARM_GCC_541\Debug\functions.o
 .debug_aranges
                0x000000b0       0x58 .\CortexM3\ARM_GCC_541\Debug\cyfitter_cfg.o
 .debug_aranges
                0x00000108       0x18 .\CortexM3\ARM_GCC_541\Debug\cymetadata.o
 .debug_aranges
                0x00000120       0x48 .\CortexM3\ARM_GCC_541\Debug\Cm3Start.o
 .debug_aranges
                0x00000168      0x2a0 .\CortexM3\ARM_GCC_541\Debug\Additional_HD.a(CyLib.o)
 .debug_aranges
                0x00000408       0x98 .\CortexM3\ARM_GCC_541\Debug\Additional_HD.a(cyPm.o)
 .debug_aranges
                0x000004a0       0x80 .\CortexM3\ARM_GCC_541\Debug\Additional_HD.a(isr_1.o)
 .debug_aranges
                0x00000520       0x88 .\CortexM3\ARM_GCC_541\Debug\Additional_HD.a(Timer_1.o)
 .debug_aranges
                0x000005a8       0x70 .\CortexM3\ARM_GCC_541\Debug\Additional_HD.a(Comp_1.o)
 .debug_aranges
                0x00000618       0x70 .\CortexM3\ARM_GCC_541\Debug\Additional_HD.a(Comp_2.o)
 .debug_aranges
                0x00000688       0x38 .\CortexM3\ARM_GCC_541\Debug\Additional_HD.a(LED_1.o)
 .debug_aranges
                0x000006c0       0x70 .\CortexM3\ARM_GCC_541\Debug\Additional_HD.a(Comp_3.o)
 .debug_aranges
                0x00000730       0x38 .\CortexM3\ARM_GCC_541\Debug\Additional_HD.a(LED_3.o)
 .debug_aranges
                0x00000768       0x70 .\CortexM3\ARM_GCC_541\Debug\Additional_HD.a(Comp_0.o)
 .debug_aranges
                0x000007d8       0x38 .\CortexM3\ARM_GCC_541\Debug\Additional_HD.a(LED_2.o)
 .debug_aranges
                0x00000810       0x38 .\CortexM3\ARM_GCC_541\Debug\Additional_HD.a(Sout_R.o)
 .debug_aranges
                0x00000848       0x38 .\CortexM3\ARM_GCC_541\Debug\Additional_HD.a(Sout_L.o)
 .debug_aranges
                0x00000880       0x70 .\CortexM3\ARM_GCC_541\Debug\Additional_HD.a(Clock_PWM.o)
 .debug_aranges
                0x000008f0       0x78 .\CortexM3\ARM_GCC_541\Debug\Additional_HD.a(PWM_1.o)
 .debug_aranges
                0x00000968       0x78 .\CortexM3\ARM_GCC_541\Debug\Additional_HD.a(PWM_2.o)
 .debug_aranges
                0x000009e0       0x60 .\CortexM3\ARM_GCC_541\Debug\Additional_HD.a(QuadDec_M1.o)
 .debug_aranges
                0x00000a40       0x20 .\CortexM3\ARM_GCC_541\Debug\Additional_HD.a(QuadDec_M1_INT.o)
 .debug_aranges
                0x00000a60       0x60 .\CortexM3\ARM_GCC_541\Debug\Additional_HD.a(QuadDec_M2.o)
 .debug_aranges
                0x00000ac0       0x20 .\CortexM3\ARM_GCC_541\Debug\Additional_HD.a(QuadDec_M2_INT.o)
 .debug_aranges
                0x00000ae0       0x98 .\CortexM3\ARM_GCC_541\Debug\Additional_HD.a(QuadDec_M1_Cnt16.o)
 .debug_aranges
                0x00000b78       0x98 .\CortexM3\ARM_GCC_541\Debug\Additional_HD.a(QuadDec_M2_Cnt16.o)
 .debug_aranges
                0x00000c10       0x20 .\CortexM3\ARM_GCC_541\Debug\Additional_HD.a(CyBootAsmGnu.o)
 .debug_aranges
                0x00000c30       0x88 .\CortexM3\ARM_GCC_541\Debug\Additional_HD.a(CyFlash.o)
 .debug_aranges
                0x00000cb8       0x80 .\CortexM3\ARM_GCC_541\Debug\Additional_HD.a(CySpc.o)

.debug_pubnames
 *(.debug_pubnames)

.debug_info     0x00000000     0x717a
 *(.debug_info .gnu.linkonce.wi.*)
 .debug_info    0x00000000      0xa88 .\CortexM3\ARM_GCC_541\Debug\main.o
 .debug_info    0x00000a88      0x5d5 .\CortexM3\ARM_GCC_541\Debug\functions.o
 .debug_info    0x0000105d      0x56e .\CortexM3\ARM_GCC_541\Debug\cyfitter_cfg.o
 .debug_info    0x000015cb      0x139 .\CortexM3\ARM_GCC_541\Debug\cymetadata.o
 .debug_info    0x00001704      0x3bb .\CortexM3\ARM_GCC_541\Debug\Cm3Start.o
 .debug_info    0x00001abf     0x1374 .\CortexM3\ARM_GCC_541\Debug\Additional_HD.a(CyLib.o)
 .debug_info    0x00002e33      0xa2a .\CortexM3\ARM_GCC_541\Debug\Additional_HD.a(cyPm.o)
 .debug_info    0x0000385d      0x2d2 .\CortexM3\ARM_GCC_541\Debug\Additional_HD.a(isr_1.o)
 .debug_info    0x00003b2f      0x295 .\CortexM3\ARM_GCC_541\Debug\Additional_HD.a(Timer_1.o)
 .debug_info    0x00003dc4      0x2c8 .\CortexM3\ARM_GCC_541\Debug\Additional_HD.a(Comp_1.o)
 .debug_info    0x0000408c      0x2c8 .\CortexM3\ARM_GCC_541\Debug\Additional_HD.a(Comp_2.o)
 .debug_info    0x00004354      0x11f .\CortexM3\ARM_GCC_541\Debug\Additional_HD.a(LED_1.o)
 .debug_info    0x00004473      0x2c8 .\CortexM3\ARM_GCC_541\Debug\Additional_HD.a(Comp_3.o)
 .debug_info    0x0000473b      0x11f .\CortexM3\ARM_GCC_541\Debug\Additional_HD.a(LED_3.o)
 .debug_info    0x0000485a      0x2c8 .\CortexM3\ARM_GCC_541\Debug\Additional_HD.a(Comp_0.o)
 .debug_info    0x00004b22      0x11f .\CortexM3\ARM_GCC_541\Debug\Additional_HD.a(LED_2.o)
 .debug_info    0x00004c41      0x11f .\CortexM3\ARM_GCC_541\Debug\Additional_HD.a(Sout_R.o)
 .debug_info    0x00004d60      0x11f .\CortexM3\ARM_GCC_541\Debug\Additional_HD.a(Sout_L.o)
 .debug_info    0x00004e7f      0x283 .\CortexM3\ARM_GCC_541\Debug\Additional_HD.a(Clock_PWM.o)
 .debug_info    0x00005102      0x27f .\CortexM3\ARM_GCC_541\Debug\Additional_HD.a(PWM_1.o)
 .debug_info    0x00005381      0x27f .\CortexM3\ARM_GCC_541\Debug\Additional_HD.a(PWM_2.o)
 .debug_info    0x00005600      0x357 .\CortexM3\ARM_GCC_541\Debug\Additional_HD.a(QuadDec_M1.o)
 .debug_info    0x00005957       0xf3 .\CortexM3\ARM_GCC_541\Debug\Additional_HD.a(QuadDec_M1_INT.o)
 .debug_info    0x00005a4a      0x357 .\CortexM3\ARM_GCC_541\Debug\Additional_HD.a(QuadDec_M2.o)
 .debug_info    0x00005da1       0xf3 .\CortexM3\ARM_GCC_541\Debug\Additional_HD.a(QuadDec_M2_INT.o)
 .debug_info    0x00005e94      0x348 .\CortexM3\ARM_GCC_541\Debug\Additional_HD.a(QuadDec_M1_Cnt16.o)
 .debug_info    0x000061dc      0x348 .\CortexM3\ARM_GCC_541\Debug\Additional_HD.a(QuadDec_M2_Cnt16.o)
 .debug_info    0x00006524       0xb9 .\CortexM3\ARM_GCC_541\Debug\Additional_HD.a(CyBootAsmGnu.o)
 .debug_info    0x000065dd      0x64d .\CortexM3\ARM_GCC_541\Debug\Additional_HD.a(CyFlash.o)
 .debug_info    0x00006c2a      0x550 .\CortexM3\ARM_GCC_541\Debug\Additional_HD.a(CySpc.o)

.debug_abbrev   0x00000000     0x2356
 *(.debug_abbrev)
 .debug_abbrev  0x00000000      0x19a .\CortexM3\ARM_GCC_541\Debug\main.o
 .debug_abbrev  0x0000019a      0x1fb .\CortexM3\ARM_GCC_541\Debug\functions.o
 .debug_abbrev  0x00000395      0x1fe .\CortexM3\ARM_GCC_541\Debug\cyfitter_cfg.o
 .debug_abbrev  0x00000593       0x77 .\CortexM3\ARM_GCC_541\Debug\cymetadata.o
 .debug_abbrev  0x0000060a      0x1e8 .\CortexM3\ARM_GCC_541\Debug\Cm3Start.o
 .debug_abbrev  0x000007f2      0x254 .\CortexM3\ARM_GCC_541\Debug\Additional_HD.a(CyLib.o)
 .debug_abbrev  0x00000a46      0x1ab .\CortexM3\ARM_GCC_541\Debug\Additional_HD.a(cyPm.o)
 .debug_abbrev  0x00000bf1      0x173 .\CortexM3\ARM_GCC_541\Debug\Additional_HD.a(isr_1.o)
 .debug_abbrev  0x00000d64      0x11a .\CortexM3\ARM_GCC_541\Debug\Additional_HD.a(Timer_1.o)
 .debug_abbrev  0x00000e7e      0x16e .\CortexM3\ARM_GCC_541\Debug\Additional_HD.a(Comp_1.o)
 .debug_abbrev  0x00000fec      0x16e .\CortexM3\ARM_GCC_541\Debug\Additional_HD.a(Comp_2.o)
 .debug_abbrev  0x0000115a       0x90 .\CortexM3\ARM_GCC_541\Debug\Additional_HD.a(LED_1.o)
 .debug_abbrev  0x000011ea      0x16e .\CortexM3\ARM_GCC_541\Debug\Additional_HD.a(Comp_3.o)
 .debug_abbrev  0x00001358       0x90 .\CortexM3\ARM_GCC_541\Debug\Additional_HD.a(LED_3.o)
 .debug_abbrev  0x000013e8      0x16e .\CortexM3\ARM_GCC_541\Debug\Additional_HD.a(Comp_0.o)
 .debug_abbrev  0x00001556       0x90 .\CortexM3\ARM_GCC_541\Debug\Additional_HD.a(LED_2.o)
 .debug_abbrev  0x000015e6       0x90 .\CortexM3\ARM_GCC_541\Debug\Additional_HD.a(Sout_R.o)
 .debug_abbrev  0x00001676       0x90 .\CortexM3\ARM_GCC_541\Debug\Additional_HD.a(Sout_L.o)
 .debug_abbrev  0x00001706      0x139 .\CortexM3\ARM_GCC_541\Debug\Additional_HD.a(Clock_PWM.o)
 .debug_abbrev  0x0000183f      0x12d .\CortexM3\ARM_GCC_541\Debug\Additional_HD.a(PWM_1.o)
 .debug_abbrev  0x0000196c      0x12d .\CortexM3\ARM_GCC_541\Debug\Additional_HD.a(PWM_2.o)
 .debug_abbrev  0x00001a99      0x128 .\CortexM3\ARM_GCC_541\Debug\Additional_HD.a(QuadDec_M1.o)
 .debug_abbrev  0x00001bc1       0x78 .\CortexM3\ARM_GCC_541\Debug\Additional_HD.a(QuadDec_M1_INT.o)
 .debug_abbrev  0x00001c39      0x128 .\CortexM3\ARM_GCC_541\Debug\Additional_HD.a(QuadDec_M2.o)
 .debug_abbrev  0x00001d61       0x78 .\CortexM3\ARM_GCC_541\Debug\Additional_HD.a(QuadDec_M2_INT.o)
 .debug_abbrev  0x00001dd9      0x117 .\CortexM3\ARM_GCC_541\Debug\Additional_HD.a(QuadDec_M1_Cnt16.o)
 .debug_abbrev  0x00001ef0      0x117 .\CortexM3\ARM_GCC_541\Debug\Additional_HD.a(QuadDec_M2_Cnt16.o)
 .debug_abbrev  0x00002007       0x14 .\CortexM3\ARM_GCC_541\Debug\Additional_HD.a(CyBootAsmGnu.o)
 .debug_abbrev  0x0000201b      0x1a7 .\CortexM3\ARM_GCC_541\Debug\Additional_HD.a(CyFlash.o)
 .debug_abbrev  0x000021c2      0x194 .\CortexM3\ARM_GCC_541\Debug\Additional_HD.a(CySpc.o)

.debug_line     0x00000000     0x3229
 *(.debug_line)
 .debug_line    0x00000000      0x3b4 .\CortexM3\ARM_GCC_541\Debug\main.o
 .debug_line    0x000003b4      0x360 .\CortexM3\ARM_GCC_541\Debug\functions.o
 .debug_line    0x00000714        0x0 .\CortexM3\ARM_GCC_541\Debug\comments.o
 .debug_line    0x00000714      0x1f4 .\CortexM3\ARM_GCC_541\Debug\cyfitter_cfg.o
 .debug_line    0x00000908      0x141 .\CortexM3\ARM_GCC_541\Debug\cymetadata.o
 .debug_line    0x00000a49      0x234 .\CortexM3\ARM_GCC_541\Debug\Cm3Start.o
 .debug_line    0x00000c7d      0x816 .\CortexM3\ARM_GCC_541\Debug\Additional_HD.a(CyLib.o)
 .debug_line    0x00001493      0x367 .\CortexM3\ARM_GCC_541\Debug\Additional_HD.a(cyPm.o)
 .debug_line    0x000017fa      0x132 .\CortexM3\ARM_GCC_541\Debug\Additional_HD.a(isr_1.o)
 .debug_line    0x0000192c      0x155 .\CortexM3\ARM_GCC_541\Debug\Additional_HD.a(Timer_1.o)
 .debug_line    0x00001a81      0x165 .\CortexM3\ARM_GCC_541\Debug\Additional_HD.a(Comp_1.o)
 .debug_line    0x00001be6      0x165 .\CortexM3\ARM_GCC_541\Debug\Additional_HD.a(Comp_2.o)
 .debug_line    0x00001d4b       0x92 .\CortexM3\ARM_GCC_541\Debug\Additional_HD.a(LED_1.o)
 .debug_line    0x00001ddd      0x165 .\CortexM3\ARM_GCC_541\Debug\Additional_HD.a(Comp_3.o)
 .debug_line    0x00001f42       0x92 .\CortexM3\ARM_GCC_541\Debug\Additional_HD.a(LED_3.o)
 .debug_line    0x00001fd4      0x165 .\CortexM3\ARM_GCC_541\Debug\Additional_HD.a(Comp_0.o)
 .debug_line    0x00002139       0x92 .\CortexM3\ARM_GCC_541\Debug\Additional_HD.a(LED_2.o)
 .debug_line    0x000021cb       0x93 .\CortexM3\ARM_GCC_541\Debug\Additional_HD.a(Sout_R.o)
 .debug_line    0x0000225e       0x93 .\CortexM3\ARM_GCC_541\Debug\Additional_HD.a(Sout_L.o)
 .debug_line    0x000022f1      0x178 .\CortexM3\ARM_GCC_541\Debug\Additional_HD.a(Clock_PWM.o)
 .debug_line    0x00002469      0x133 .\CortexM3\ARM_GCC_541\Debug\Additional_HD.a(PWM_1.o)
 .debug_line    0x0000259c      0x133 .\CortexM3\ARM_GCC_541\Debug\Additional_HD.a(PWM_2.o)
 .debug_line    0x000026cf      0x140 .\CortexM3\ARM_GCC_541\Debug\Additional_HD.a(QuadDec_M1.o)
 .debug_line    0x0000280f       0x6d .\CortexM3\ARM_GCC_541\Debug\Additional_HD.a(QuadDec_M1_INT.o)
 .debug_line    0x0000287c      0x140 .\CortexM3\ARM_GCC_541\Debug\Additional_HD.a(QuadDec_M2.o)
 .debug_line    0x000029bc       0x6d .\CortexM3\ARM_GCC_541\Debug\Additional_HD.a(QuadDec_M2_INT.o)
 .debug_line    0x00002a29      0x190 .\CortexM3\ARM_GCC_541\Debug\Additional_HD.a(QuadDec_M1_Cnt16.o)
 .debug_line    0x00002bb9      0x190 .\CortexM3\ARM_GCC_541\Debug\Additional_HD.a(QuadDec_M2_Cnt16.o)
 .debug_line    0x00002d49       0x66 .\CortexM3\ARM_GCC_541\Debug\Additional_HD.a(CyBootAsmGnu.o)
 .debug_line    0x00002daf      0x21a .\CortexM3\ARM_GCC_541\Debug\Additional_HD.a(CyFlash.o)
 .debug_line    0x00002fc9      0x260 .\CortexM3\ARM_GCC_541\Debug\Additional_HD.a(CySpc.o)

.debug_frame    0x00000000     0x1f8c
 *(.debug_frame)
 .debug_frame   0x00000000      0x134 .\CortexM3\ARM_GCC_541\Debug\main.o
 .debug_frame   0x00000134       0xd0 .\CortexM3\ARM_GCC_541\Debug\functions.o
 .debug_frame   0x00000204       0xe4 .\CortexM3\ARM_GCC_541\Debug\cyfitter_cfg.o
 .debug_frame   0x000002e8       0xb8 .\CortexM3\ARM_GCC_541\Debug\Cm3Start.o
 .debug_frame   0x000003a0      0x738 .\CortexM3\ARM_GCC_541\Debug\Additional_HD.a(CyLib.o)
 .debug_frame   0x00000ad8      0x1f8 .\CortexM3\ARM_GCC_541\Debug\Additional_HD.a(cyPm.o)
 .debug_frame   0x00000cd0      0x104 .\CortexM3\ARM_GCC_541\Debug\Additional_HD.a(isr_1.o)
 .debug_frame   0x00000dd4      0x108 .\CortexM3\ARM_GCC_541\Debug\Additional_HD.a(Timer_1.o)
 .debug_frame   0x00000edc      0x108 .\CortexM3\ARM_GCC_541\Debug\Additional_HD.a(Comp_1.o)
 .debug_frame   0x00000fe4      0x108 .\CortexM3\ARM_GCC_541\Debug\Additional_HD.a(Comp_2.o)
 .debug_frame   0x000010ec       0x50 .\CortexM3\ARM_GCC_541\Debug\Additional_HD.a(LED_1.o)
 .debug_frame   0x0000113c      0x108 .\CortexM3\ARM_GCC_541\Debug\Additional_HD.a(Comp_3.o)
 .debug_frame   0x00001244       0x50 .\CortexM3\ARM_GCC_541\Debug\Additional_HD.a(LED_3.o)
 .debug_frame   0x00001294      0x108 .\CortexM3\ARM_GCC_541\Debug\Additional_HD.a(Comp_0.o)
 .debug_frame   0x0000139c       0x50 .\CortexM3\ARM_GCC_541\Debug\Additional_HD.a(LED_2.o)
 .debug_frame   0x000013ec       0x50 .\CortexM3\ARM_GCC_541\Debug\Additional_HD.a(Sout_R.o)
 .debug_frame   0x0000143c       0x50 .\CortexM3\ARM_GCC_541\Debug\Additional_HD.a(Sout_L.o)
 .debug_frame   0x0000148c       0xe0 .\CortexM3\ARM_GCC_541\Debug\Additional_HD.a(Clock_PWM.o)
 .debug_frame   0x0000156c       0xe8 .\CortexM3\ARM_GCC_541\Debug\Additional_HD.a(PWM_1.o)
 .debug_frame   0x00001654       0xe8 .\CortexM3\ARM_GCC_541\Debug\Additional_HD.a(PWM_2.o)
 .debug_frame   0x0000173c       0xec .\CortexM3\ARM_GCC_541\Debug\Additional_HD.a(QuadDec_M1.o)
 .debug_frame   0x00001828       0x20 .\CortexM3\ARM_GCC_541\Debug\Additional_HD.a(QuadDec_M1_INT.o)
 .debug_frame   0x00001848       0xec .\CortexM3\ARM_GCC_541\Debug\Additional_HD.a(QuadDec_M2.o)
 .debug_frame   0x00001934       0x20 .\CortexM3\ARM_GCC_541\Debug\Additional_HD.a(QuadDec_M2_INT.o)
 .debug_frame   0x00001954      0x134 .\CortexM3\ARM_GCC_541\Debug\Additional_HD.a(QuadDec_M1_Cnt16.o)
 .debug_frame   0x00001a88      0x134 .\CortexM3\ARM_GCC_541\Debug\Additional_HD.a(QuadDec_M2_Cnt16.o)
 .debug_frame   0x00001bbc      0x194 .\CortexM3\ARM_GCC_541\Debug\Additional_HD.a(CyFlash.o)
 .debug_frame   0x00001d50      0x180 .\CortexM3\ARM_GCC_541\Debug\Additional_HD.a(CySpc.o)
 .debug_frame   0x00001ed0       0x20 c:/program files (x86)/cypress/psoc creator/4.4/psoc creator/import/gnu/arm/5.4.1/bin/../lib/gcc/arm-none-eabi/5.4.1/../../../../arm-none-eabi/lib/armv7-m\libg_nano.a(lib_a-errno.o)
 .debug_frame   0x00001ef0       0x28 c:/program files (x86)/cypress/psoc creator/4.4/psoc creator/import/gnu/arm/5.4.1/bin/../lib/gcc/arm-none-eabi/5.4.1/../../../../arm-none-eabi/lib/armv7-m\libg_nano.a(lib_a-exit.o)
 .debug_frame   0x00001f18       0x2c c:/program files (x86)/cypress/psoc creator/4.4/psoc creator/import/gnu/arm/5.4.1/bin/../lib/gcc/arm-none-eabi/5.4.1/../../../../arm-none-eabi/lib/armv7-m\libg_nano.a(lib_a-init.o)
 .debug_frame   0x00001f44       0x28 c:/program files (x86)/cypress/psoc creator/4.4/psoc creator/import/gnu/arm/5.4.1/bin/../lib/gcc/arm-none-eabi/5.4.1/../../../../arm-none-eabi/lib/armv7-m\libg_nano.a(lib_a-memcpy-stub.o)
 .debug_frame   0x00001f6c       0x20 c:/program files (x86)/cypress/psoc creator/4.4/psoc creator/import/gnu/arm/5.4.1/bin/../lib/gcc/arm-none-eabi/5.4.1/../../../../arm-none-eabi/lib/armv7-m\libg_nano.a(lib_a-memset.o)

.debug_str      0x00000000     0x2a17
 *(.debug_str)
 .debug_str     0x00000000      0x576 .\CortexM3\ARM_GCC_541\Debug\main.o
                                0x5c4 (size before relaxing)
 .debug_str     0x00000576      0x13f .\CortexM3\ARM_GCC_541\Debug\functions.o
                                0x3ad (size before relaxing)
 .debug_str     0x000006b5       0x87 .\CortexM3\ARM_GCC_541\Debug\comments.o
                                0x115 (size before relaxing)
 .debug_str     0x0000073c      0x17a .\CortexM3\ARM_GCC_541\Debug\cyfitter_cfg.o
                                0x34f (size before relaxing)
 .debug_str     0x000008b6       0xea .\CortexM3\ARM_GCC_541\Debug\cymetadata.o
                                0x20d (size before relaxing)
 .debug_str     0x000009a0      0x13e .\CortexM3\ARM_GCC_541\Debug\Cm3Start.o
                                0x344 (size before relaxing)
 .debug_str     0x00000ade      0x837 .\CortexM3\ARM_GCC_541\Debug\Additional_HD.a(CyLib.o)
                                0xa70 (size before relaxing)
 .debug_str     0x00001315      0x365 .\CortexM3\ARM_GCC_541\Debug\Additional_HD.a(cyPm.o)
                                0x76d (size before relaxing)
 .debug_str     0x0000167a       0xd8 .\CortexM3\ARM_GCC_541\Debug\Additional_HD.a(isr_1.o)
                                0x2e0 (size before relaxing)
 .debug_str     0x00001752      0x159 .\CortexM3\ARM_GCC_541\Debug\Additional_HD.a(Timer_1.o)
                                0x33e (size before relaxing)
 .debug_str     0x000018ab      0x11b .\CortexM3\ARM_GCC_541\Debug\Additional_HD.a(Comp_1.o)
                                0x301 (size before relaxing)
 .debug_str     0x000019c6       0xcf .\CortexM3\ARM_GCC_541\Debug\Additional_HD.a(Comp_2.o)
                                0x301 (size before relaxing)
 .debug_str     0x00001a95       0x5a .\CortexM3\ARM_GCC_541\Debug\Additional_HD.a(LED_1.o)
                                0x20b (size before relaxing)
 .debug_str     0x00001aef       0xcf .\CortexM3\ARM_GCC_541\Debug\Additional_HD.a(Comp_3.o)
                                0x301 (size before relaxing)
 .debug_str     0x00001bbe       0x4f .\CortexM3\ARM_GCC_541\Debug\Additional_HD.a(LED_3.o)
                                0x20b (size before relaxing)
 .debug_str     0x00001c0d       0xcf .\CortexM3\ARM_GCC_541\Debug\Additional_HD.a(Comp_0.o)
                                0x301 (size before relaxing)
 .debug_str     0x00001cdc       0x4f .\CortexM3\ARM_GCC_541\Debug\Additional_HD.a(LED_2.o)
                                0x20b (size before relaxing)
 .debug_str     0x00001d2b       0x54 .\CortexM3\ARM_GCC_541\Debug\Additional_HD.a(Sout_R.o)
                                0x210 (size before relaxing)
 .debug_str     0x00001d7f       0x54 .\CortexM3\ARM_GCC_541\Debug\Additional_HD.a(Sout_L.o)
                                0x210 (size before relaxing)
 .debug_str     0x00001dd3      0x16a .\CortexM3\ARM_GCC_541\Debug\Additional_HD.a(Clock_PWM.o)
                                0x32f (size before relaxing)
 .debug_str     0x00001f3d       0xda .\CortexM3\ARM_GCC_541\Debug\Additional_HD.a(PWM_1.o)
                                0x2f6 (size before relaxing)
 .debug_str     0x00002017       0xc6 .\CortexM3\ARM_GCC_541\Debug\Additional_HD.a(PWM_2.o)
                                0x2f6 (size before relaxing)
 .debug_str     0x000020dd      0x159 .\CortexM3\ARM_GCC_541\Debug\Additional_HD.a(QuadDec_M1.o)
                                0x3c3 (size before relaxing)
 .debug_str     0x00002236       0x4b .\CortexM3\ARM_GCC_541\Debug\Additional_HD.a(QuadDec_M1_INT.o)
                                0x22c (size before relaxing)
 .debug_str     0x00002281      0x139 .\CortexM3\ARM_GCC_541\Debug\Additional_HD.a(QuadDec_M2.o)
                                0x3c3 (size before relaxing)
 .debug_str     0x000023ba       0x4b .\CortexM3\ARM_GCC_541\Debug\Additional_HD.a(QuadDec_M2_INT.o)
                                0x22c (size before relaxing)
 .debug_str     0x00002405      0x1dd .\CortexM3\ARM_GCC_541\Debug\Additional_HD.a(QuadDec_M1_Cnt16.o)
                                0x452 (size before relaxing)
 .debug_str     0x000025e2      0x1ce .\CortexM3\ARM_GCC_541\Debug\Additional_HD.a(QuadDec_M2_Cnt16.o)
                                0x452 (size before relaxing)
 .debug_str     0x000027b0      0x1bb .\CortexM3\ARM_GCC_541\Debug\Additional_HD.a(CyFlash.o)
                                0x3e9 (size before relaxing)
 .debug_str     0x0000296b       0xac .\CortexM3\ARM_GCC_541\Debug\Additional_HD.a(CySpc.o)
                                0x361 (size before relaxing)

.debug_loc      0x00000000     0x2dc4
 *(.debug_loc)
 .debug_loc     0x00000000      0x1a6 .\CortexM3\ARM_GCC_541\Debug\main.o
 .debug_loc     0x000001a6      0x9a3 .\CortexM3\ARM_GCC_541\Debug\functions.o
 .debug_loc     0x00000b49      0x1d7 .\CortexM3\ARM_GCC_541\Debug\cyfitter_cfg.o
 .debug_loc     0x00000d20      0x144 .\CortexM3\ARM_GCC_541\Debug\Cm3Start.o
 .debug_loc     0x00000e64      0xa11 .\CortexM3\ARM_GCC_541\Debug\Additional_HD.a(CyLib.o)
 .debug_loc     0x00001875      0x1e4 .\CortexM3\ARM_GCC_541\Debug\Additional_HD.a(cyPm.o)
 .debug_loc     0x00001a59       0x56 .\CortexM3\ARM_GCC_541\Debug\Additional_HD.a(isr_1.o)
 .debug_loc     0x00001aaf       0xed .\CortexM3\ARM_GCC_541\Debug\Additional_HD.a(Comp_1.o)
 .debug_loc     0x00001b9c       0xed .\CortexM3\ARM_GCC_541\Debug\Additional_HD.a(Comp_2.o)
 .debug_loc     0x00001c89       0x42 .\CortexM3\ARM_GCC_541\Debug\Additional_HD.a(LED_1.o)
 .debug_loc     0x00001ccb       0xed .\CortexM3\ARM_GCC_541\Debug\Additional_HD.a(Comp_3.o)
 .debug_loc     0x00001db8       0x42 .\CortexM3\ARM_GCC_541\Debug\Additional_HD.a(LED_3.o)
 .debug_loc     0x00001dfa       0xed .\CortexM3\ARM_GCC_541\Debug\Additional_HD.a(Comp_0.o)
 .debug_loc     0x00001ee7       0x42 .\CortexM3\ARM_GCC_541\Debug\Additional_HD.a(LED_2.o)
 .debug_loc     0x00001f29       0x42 .\CortexM3\ARM_GCC_541\Debug\Additional_HD.a(Sout_R.o)
 .debug_loc     0x00001f6b       0x42 .\CortexM3\ARM_GCC_541\Debug\Additional_HD.a(Sout_L.o)
 .debug_loc     0x00001fad      0x128 .\CortexM3\ARM_GCC_541\Debug\Additional_HD.a(Clock_PWM.o)
 .debug_loc     0x000020d5       0x13 .\CortexM3\ARM_GCC_541\Debug\Additional_HD.a(PWM_1.o)
 .debug_loc     0x000020e8       0x13 .\CortexM3\ARM_GCC_541\Debug\Additional_HD.a(PWM_2.o)
 .debug_loc     0x000020fb       0xb9 .\CortexM3\ARM_GCC_541\Debug\Additional_HD.a(QuadDec_M1.o)
 .debug_loc     0x000021b4       0x13 .\CortexM3\ARM_GCC_541\Debug\Additional_HD.a(QuadDec_M1_INT.o)
 .debug_loc     0x000021c7       0xb9 .\CortexM3\ARM_GCC_541\Debug\Additional_HD.a(QuadDec_M2.o)
 .debug_loc     0x00002280       0x13 .\CortexM3\ARM_GCC_541\Debug\Additional_HD.a(QuadDec_M2_INT.o)
 .debug_loc     0x00002293       0x3d .\CortexM3\ARM_GCC_541\Debug\Additional_HD.a(QuadDec_M1_Cnt16.o)
 .debug_loc     0x000022d0       0x3d .\CortexM3\ARM_GCC_541\Debug\Additional_HD.a(QuadDec_M2_Cnt16.o)
 .debug_loc     0x0000230d      0x3b2 .\CortexM3\ARM_GCC_541\Debug\Additional_HD.a(CyFlash.o)
 .debug_loc     0x000026bf      0x705 .\CortexM3\ARM_GCC_541\Debug\Additional_HD.a(CySpc.o)

.debug_macinfo
 *(.debug_macinfo)

.debug_ranges   0x00000000      0xba0
 *(.debug_ranges)
 .debug_ranges  0x00000000       0x70 .\CortexM3\ARM_GCC_541\Debug\main.o
 .debug_ranges  0x00000070       0x80 .\CortexM3\ARM_GCC_541\Debug\functions.o
 .debug_ranges  0x000000f0       0x48 .\CortexM3\ARM_GCC_541\Debug\cyfitter_cfg.o
 .debug_ranges  0x00000138       0x38 .\CortexM3\ARM_GCC_541\Debug\Cm3Start.o
 .debug_ranges  0x00000170      0x290 .\CortexM3\ARM_GCC_541\Debug\Additional_HD.a(CyLib.o)
 .debug_ranges  0x00000400       0x88 .\CortexM3\ARM_GCC_541\Debug\Additional_HD.a(cyPm.o)
 .debug_ranges  0x00000488       0x70 .\CortexM3\ARM_GCC_541\Debug\Additional_HD.a(isr_1.o)
 .debug_ranges  0x000004f8       0x78 .\CortexM3\ARM_GCC_541\Debug\Additional_HD.a(Timer_1.o)
 .debug_ranges  0x00000570       0x60 .\CortexM3\ARM_GCC_541\Debug\Additional_HD.a(Comp_1.o)
 .debug_ranges  0x000005d0       0x60 .\CortexM3\ARM_GCC_541\Debug\Additional_HD.a(Comp_2.o)
 .debug_ranges  0x00000630       0x28 .\CortexM3\ARM_GCC_541\Debug\Additional_HD.a(LED_1.o)
 .debug_ranges  0x00000658       0x60 .\CortexM3\ARM_GCC_541\Debug\Additional_HD.a(Comp_3.o)
 .debug_ranges  0x000006b8       0x28 .\CortexM3\ARM_GCC_541\Debug\Additional_HD.a(LED_3.o)
 .debug_ranges  0x000006e0       0x60 .\CortexM3\ARM_GCC_541\Debug\Additional_HD.a(Comp_0.o)
 .debug_ranges  0x00000740       0x28 .\CortexM3\ARM_GCC_541\Debug\Additional_HD.a(LED_2.o)
 .debug_ranges  0x00000768       0x28 .\CortexM3\ARM_GCC_541\Debug\Additional_HD.a(Sout_R.o)
 .debug_ranges  0x00000790       0x28 .\CortexM3\ARM_GCC_541\Debug\Additional_HD.a(Sout_L.o)
 .debug_ranges  0x000007b8       0x60 .\CortexM3\ARM_GCC_541\Debug\Additional_HD.a(Clock_PWM.o)
 .debug_ranges  0x00000818       0x68 .\CortexM3\ARM_GCC_541\Debug\Additional_HD.a(PWM_1.o)
 .debug_ranges  0x00000880       0x68 .\CortexM3\ARM_GCC_541\Debug\Additional_HD.a(PWM_2.o)
 .debug_ranges  0x000008e8       0x50 .\CortexM3\ARM_GCC_541\Debug\Additional_HD.a(QuadDec_M1.o)
 .debug_ranges  0x00000938       0x10 .\CortexM3\ARM_GCC_541\Debug\Additional_HD.a(QuadDec_M1_INT.o)
 .debug_ranges  0x00000948       0x50 .\CortexM3\ARM_GCC_541\Debug\Additional_HD.a(QuadDec_M2.o)
 .debug_ranges  0x00000998       0x10 .\CortexM3\ARM_GCC_541\Debug\Additional_HD.a(QuadDec_M2_INT.o)
 .debug_ranges  0x000009a8       0x88 .\CortexM3\ARM_GCC_541\Debug\Additional_HD.a(QuadDec_M1_Cnt16.o)
 .debug_ranges  0x00000a30       0x88 .\CortexM3\ARM_GCC_541\Debug\Additional_HD.a(QuadDec_M2_Cnt16.o)
 .debug_ranges  0x00000ab8       0x78 .\CortexM3\ARM_GCC_541\Debug\Additional_HD.a(CyFlash.o)
 .debug_ranges  0x00000b30       0x70 .\CortexM3\ARM_GCC_541\Debug\Additional_HD.a(CySpc.o)

.comment        0x00000000       0x6e
 .comment       0x00000000       0x6e .\CortexM3\ARM_GCC_541\Debug\main.o
                                 0x6f (size before relaxing)
 .comment       0x0000006e       0x6f .\CortexM3\ARM_GCC_541\Debug\functions.o
 .comment       0x0000006e       0x6f .\CortexM3\ARM_GCC_541\Debug\comments.o
 .comment       0x0000006e       0x6f .\CortexM3\ARM_GCC_541\Debug\cyfitter_cfg.o
 .comment       0x0000006e       0x6f .\CortexM3\ARM_GCC_541\Debug\cymetadata.o
 .comment       0x0000006e       0x6f .\CortexM3\ARM_GCC_541\Debug\Cm3Start.o
 .comment       0x0000006e       0x6f .\CortexM3\ARM_GCC_541\Debug\Additional_HD.a(CyLib.o)
 .comment       0x0000006e       0x6f .\CortexM3\ARM_GCC_541\Debug\Additional_HD.a(cyPm.o)
 .comment       0x0000006e       0x6f .\CortexM3\ARM_GCC_541\Debug\Additional_HD.a(isr_1.o)
 .comment       0x0000006e       0x6f .\CortexM3\ARM_GCC_541\Debug\Additional_HD.a(Timer_1.o)
 .comment       0x0000006e       0x6f .\CortexM3\ARM_GCC_541\Debug\Additional_HD.a(Comp_1.o)
 .comment       0x0000006e       0x6f .\CortexM3\ARM_GCC_541\Debug\Additional_HD.a(Comp_2.o)
 .comment       0x0000006e       0x6f .\CortexM3\ARM_GCC_541\Debug\Additional_HD.a(LED_1.o)
 .comment       0x0000006e       0x6f .\CortexM3\ARM_GCC_541\Debug\Additional_HD.a(Comp_3.o)
 .comment       0x0000006e       0x6f .\CortexM3\ARM_GCC_541\Debug\Additional_HD.a(LED_3.o)
 .comment       0x0000006e       0x6f .\CortexM3\ARM_GCC_541\Debug\Additional_HD.a(Comp_0.o)
 .comment       0x0000006e       0x6f .\CortexM3\ARM_GCC_541\Debug\Additional_HD.a(LED_2.o)
 .comment       0x0000006e       0x6f .\CortexM3\ARM_GCC_541\Debug\Additional_HD.a(Sout_R.o)
 .comment       0x0000006e       0x6f .\CortexM3\ARM_GCC_541\Debug\Additional_HD.a(Sout_L.o)
 .comment       0x0000006e       0x6f .\CortexM3\ARM_GCC_541\Debug\Additional_HD.a(Clock_PWM.o)
 .comment       0x0000006e       0x6f .\CortexM3\ARM_GCC_541\Debug\Additional_HD.a(PWM_1.o)
 .comment       0x0000006e       0x6f .\CortexM3\ARM_GCC_541\Debug\Additional_HD.a(PWM_2.o)
 .comment       0x0000006e       0x6f .\CortexM3\ARM_GCC_541\Debug\Additional_HD.a(QuadDec_M1.o)
 .comment       0x0000006e       0x6f .\CortexM3\ARM_GCC_541\Debug\Additional_HD.a(QuadDec_M1_INT.o)
 .comment       0x0000006e       0x6f .\CortexM3\ARM_GCC_541\Debug\Additional_HD.a(QuadDec_M2.o)
 .comment       0x0000006e       0x6f .\CortexM3\ARM_GCC_541\Debug\Additional_HD.a(QuadDec_M2_INT.o)
 .comment       0x0000006e       0x6f .\CortexM3\ARM_GCC_541\Debug\Additional_HD.a(QuadDec_M1_Cnt16.o)
 .comment       0x0000006e       0x6f .\CortexM3\ARM_GCC_541\Debug\Additional_HD.a(QuadDec_M2_Cnt16.o)
 .comment       0x0000006e       0x6f .\CortexM3\ARM_GCC_541\Debug\Additional_HD.a(CyFlash.o)
 .comment       0x0000006e       0x6f .\CortexM3\ARM_GCC_541\Debug\Additional_HD.a(CySpc.o)

.debug_weaknames
 *(.debug_weaknames)

.debug_funcnames
 *(.debug_funcnames)

.debug_typenames
 *(.debug_typenames)

.debug_varnames
 *(.debug_varnames)

.note.gnu.arm.ident
 *(.note.gnu.arm.ident)

.ARM.attributes
                0x00000000       0x29
 *(.ARM.attributes)
 .ARM.attributes
                0x00000000       0x1d c:/program files (x86)/cypress/psoc creator/4.4/psoc creator/import/gnu/arm/5.4.1/bin/../lib/gcc/arm-none-eabi/5.4.1/armv7-m/crti.o
 .ARM.attributes
                0x0000001d       0x2d c:/program files (x86)/cypress/psoc creator/4.4/psoc creator/import/gnu/arm/5.4.1/bin/../lib/gcc/arm-none-eabi/5.4.1/armv7-m/crtbegin.o
 .ARM.attributes
                0x0000004a       0x1b c:/program files (x86)/cypress/psoc creator/4.4/psoc creator/import/gnu/arm/5.4.1/bin/../lib/gcc/arm-none-eabi/5.4.1/../../../../arm-none-eabi/lib/armv7-m/crt0.o
 .ARM.attributes
                0x00000065       0x33 .\CortexM3\ARM_GCC_541\Debug\main.o
 .ARM.attributes
                0x00000098       0x33 .\CortexM3\ARM_GCC_541\Debug\functions.o
 .ARM.attributes
                0x000000cb       0x33 .\CortexM3\ARM_GCC_541\Debug\comments.o
 .ARM.attributes
                0x000000fe       0x33 .\CortexM3\ARM_GCC_541\Debug\cyfitter_cfg.o
 .ARM.attributes
                0x00000131       0x33 .\CortexM3\ARM_GCC_541\Debug\cymetadata.o
 .ARM.attributes
                0x00000164       0x33 .\CortexM3\ARM_GCC_541\Debug\Cm3Start.o
 .ARM.attributes
                0x00000197       0x33 .\CortexM3\ARM_GCC_541\Debug\Additional_HD.a(CyLib.o)
 .ARM.attributes
                0x000001ca       0x33 .\CortexM3\ARM_GCC_541\Debug\Additional_HD.a(cyPm.o)
 .ARM.attributes
                0x000001fd       0x33 .\CortexM3\ARM_GCC_541\Debug\Additional_HD.a(isr_1.o)
 .ARM.attributes
                0x00000230       0x33 .\CortexM3\ARM_GCC_541\Debug\Additional_HD.a(Timer_1.o)
 .ARM.attributes
                0x00000263       0x33 .\CortexM3\ARM_GCC_541\Debug\Additional_HD.a(Comp_1.o)
 .ARM.attributes
                0x00000296       0x33 .\CortexM3\ARM_GCC_541\Debug\Additional_HD.a(Comp_2.o)
 .ARM.attributes
                0x000002c9       0x33 .\CortexM3\ARM_GCC_541\Debug\Additional_HD.a(LED_1.o)
 .ARM.attributes
                0x000002fc       0x33 .\CortexM3\ARM_GCC_541\Debug\Additional_HD.a(Comp_3.o)
 .ARM.attributes
                0x0000032f       0x33 .\CortexM3\ARM_GCC_541\Debug\Additional_HD.a(LED_3.o)
 .ARM.attributes
                0x00000362       0x33 .\CortexM3\ARM_GCC_541\Debug\Additional_HD.a(Comp_0.o)
 .ARM.attributes
                0x00000395       0x33 .\CortexM3\ARM_GCC_541\Debug\Additional_HD.a(LED_2.o)
 .ARM.attributes
                0x000003c8       0x33 .\CortexM3\ARM_GCC_541\Debug\Additional_HD.a(Sout_R.o)
 .ARM.attributes
                0x000003fb       0x33 .\CortexM3\ARM_GCC_541\Debug\Additional_HD.a(Sout_L.o)
 .ARM.attributes
                0x0000042e       0x33 .\CortexM3\ARM_GCC_541\Debug\Additional_HD.a(Clock_PWM.o)
 .ARM.attributes
                0x00000461       0x33 .\CortexM3\ARM_GCC_541\Debug\Additional_HD.a(PWM_1.o)
 .ARM.attributes
                0x00000494       0x33 .\CortexM3\ARM_GCC_541\Debug\Additional_HD.a(PWM_2.o)
 .ARM.attributes
                0x000004c7       0x33 .\CortexM3\ARM_GCC_541\Debug\Additional_HD.a(QuadDec_M1.o)
 .ARM.attributes
                0x000004fa       0x33 .\CortexM3\ARM_GCC_541\Debug\Additional_HD.a(QuadDec_M1_INT.o)
 .ARM.attributes
                0x0000052d       0x33 .\CortexM3\ARM_GCC_541\Debug\Additional_HD.a(QuadDec_M2.o)
 .ARM.attributes
                0x00000560       0x33 .\CortexM3\ARM_GCC_541\Debug\Additional_HD.a(QuadDec_M2_INT.o)
 .ARM.attributes
                0x00000593       0x33 .\CortexM3\ARM_GCC_541\Debug\Additional_HD.a(QuadDec_M1_Cnt16.o)
 .ARM.attributes
                0x000005c6       0x33 .\CortexM3\ARM_GCC_541\Debug\Additional_HD.a(QuadDec_M2_Cnt16.o)
 .ARM.attributes
                0x000005f9       0x21 .\CortexM3\ARM_GCC_541\Debug\Additional_HD.a(CyBootAsmGnu.o)
 .ARM.attributes
                0x0000061a       0x33 .\CortexM3\ARM_GCC_541\Debug\Additional_HD.a(CyFlash.o)
 .ARM.attributes
                0x0000064d       0x33 .\CortexM3\ARM_GCC_541\Debug\Additional_HD.a(CySpc.o)
 .ARM.attributes
                0x00000680       0x1d c:/program files (x86)/cypress/psoc creator/4.4/psoc creator/import/gnu/arm/5.4.1/bin/../lib/gcc/arm-none-eabi/5.4.1/armv7-m\libgcc.a(_arm_addsubdf3.o)
 .ARM.attributes
                0x0000069d       0x1d c:/program files (x86)/cypress/psoc creator/4.4/psoc creator/import/gnu/arm/5.4.1/bin/../lib/gcc/arm-none-eabi/5.4.1/armv7-m\libgcc.a(_arm_muldivdf3.o)
 .ARM.attributes
                0x000006ba       0x1d c:/program files (x86)/cypress/psoc creator/4.4/psoc creator/import/gnu/arm/5.4.1/bin/../lib/gcc/arm-none-eabi/5.4.1/armv7-m\libgcc.a(_arm_fixdfsi.o)
 .ARM.attributes
                0x000006d7       0x2d c:/program files (x86)/cypress/psoc creator/4.4/psoc creator/import/gnu/arm/5.4.1/bin/../lib/gcc/arm-none-eabi/5.4.1/../../../../arm-none-eabi/lib/armv7-m\libg_nano.a(lib_a-errno.o)
 .ARM.attributes
                0x00000704       0x2d c:/program files (x86)/cypress/psoc creator/4.4/psoc creator/import/gnu/arm/5.4.1/bin/../lib/gcc/arm-none-eabi/5.4.1/../../../../arm-none-eabi/lib/armv7-m\libg_nano.a(lib_a-exit.o)
 .ARM.attributes
                0x00000731       0x2d c:/program files (x86)/cypress/psoc creator/4.4/psoc creator/import/gnu/arm/5.4.1/bin/../lib/gcc/arm-none-eabi/5.4.1/../../../../arm-none-eabi/lib/armv7-m\libg_nano.a(lib_a-impure.o)
 .ARM.attributes
                0x0000075e       0x2d c:/program files (x86)/cypress/psoc creator/4.4/psoc creator/import/gnu/arm/5.4.1/bin/../lib/gcc/arm-none-eabi/5.4.1/../../../../arm-none-eabi/lib/armv7-m\libg_nano.a(lib_a-init.o)
 .ARM.attributes
                0x0000078b       0x2d c:/program files (x86)/cypress/psoc creator/4.4/psoc creator/import/gnu/arm/5.4.1/bin/../lib/gcc/arm-none-eabi/5.4.1/../../../../arm-none-eabi/lib/armv7-m\libg_nano.a(lib_a-memcpy-stub.o)
 .ARM.attributes
                0x000007b8       0x2d c:/program files (x86)/cypress/psoc creator/4.4/psoc creator/import/gnu/arm/5.4.1/bin/../lib/gcc/arm-none-eabi/5.4.1/../../../../arm-none-eabi/lib/armv7-m\libg_nano.a(lib_a-memset.o)
 .ARM.attributes
                0x000007e5       0x2d c:/program files (x86)/cypress/psoc creator/4.4/psoc creator/import/gnu/arm/5.4.1/bin/../lib/gcc/arm-none-eabi/5.4.1/armv7-m/crtend.o
 .ARM.attributes
                0x00000812       0x1d c:/program files (x86)/cypress/psoc creator/4.4/psoc creator/import/gnu/arm/5.4.1/bin/../lib/gcc/arm-none-eabi/5.4.1/armv7-m/crtn.o

/DISCARD/
 *(.note.GNU-stack)
OUTPUT(C:\Users\dulan\OneDrive\Desktop\ENGGEN\2023_sem2\303\COMPSYS303\301backup\Dulanya\5_points\301_15_path_following\Additional_HD.cydsn\CortexM3\ARM_GCC_541\Debug\Additional_HD.elf elf32-littlearm)
