Archive member included to satisfy reference by file (symbol)

c:/intelfpga_lite/18.1/nios2eds/bin/gnu/h-x86_64-mingw32/bin/../lib/gcc/nios2-elf/5.3.0/../../../../../H-x86_64-mingw32/nios2-elf/lib\libc.a(lib_a-fclose.o)
                              obj/default/hello_world.o (fclose)
c:/intelfpga_lite/18.1/nios2eds/bin/gnu/h-x86_64-mingw32/bin/../lib/gcc/nios2-elf/5.3.0/../../../../../H-x86_64-mingw32/nios2-elf/lib\libc.a(lib_a-fflush.o)
                              c:/intelfpga_lite/18.1/nios2eds/bin/gnu/h-x86_64-mingw32/bin/../lib/gcc/nios2-elf/5.3.0/../../../../../H-x86_64-mingw32/nios2-elf/lib\libc.a(lib_a-fclose.o) (__sflush_r)
c:/intelfpga_lite/18.1/nios2eds/bin/gnu/h-x86_64-mingw32/bin/../lib/gcc/nios2-elf/5.3.0/../../../../../H-x86_64-mingw32/nios2-elf/lib\libc.a(lib_a-fgetc.o)
                              obj/default/hello_world.o (fgetc)
c:/intelfpga_lite/18.1/nios2eds/bin/gnu/h-x86_64-mingw32/bin/../lib/gcc/nios2-elf/5.3.0/../../../../../H-x86_64-mingw32/nios2-elf/lib\libc.a(lib_a-findfp.o)
                              c:/intelfpga_lite/18.1/nios2eds/bin/gnu/h-x86_64-mingw32/bin/../lib/gcc/nios2-elf/5.3.0/../../../../../H-x86_64-mingw32/nios2-elf/lib\libc.a(lib_a-fclose.o) (__sinit)
c:/intelfpga_lite/18.1/nios2eds/bin/gnu/h-x86_64-mingw32/bin/../lib/gcc/nios2-elf/5.3.0/../../../../../H-x86_64-mingw32/nios2-elf/lib\libc.a(lib_a-fopen.o)
                              obj/default/hello_world.o (fopen)
c:/intelfpga_lite/18.1/nios2eds/bin/gnu/h-x86_64-mingw32/bin/../lib/gcc/nios2-elf/5.3.0/../../../../../H-x86_64-mingw32/nios2-elf/lib\libc.a(lib_a-freer.o)
                              c:/intelfpga_lite/18.1/nios2eds/bin/gnu/h-x86_64-mingw32/bin/../lib/gcc/nios2-elf/5.3.0/../../../../../H-x86_64-mingw32/nios2-elf/lib\libc.a(lib_a-fclose.o) (_free_r)
c:/intelfpga_lite/18.1/nios2eds/bin/gnu/h-x86_64-mingw32/bin/../lib/gcc/nios2-elf/5.3.0/../../../../../H-x86_64-mingw32/nios2-elf/lib\libc.a(lib_a-fseek.o)
                              c:/intelfpga_lite/18.1/nios2eds/bin/gnu/h-x86_64-mingw32/bin/../lib/gcc/nios2-elf/5.3.0/../../../../../H-x86_64-mingw32/nios2-elf/lib\libc.a(lib_a-fopen.o) (_fseek_r)
c:/intelfpga_lite/18.1/nios2eds/bin/gnu/h-x86_64-mingw32/bin/../lib/gcc/nios2-elf/5.3.0/../../../../../H-x86_64-mingw32/nios2-elf/lib\libc.a(lib_a-fseeko.o)
                              c:/intelfpga_lite/18.1/nios2eds/bin/gnu/h-x86_64-mingw32/bin/../lib/gcc/nios2-elf/5.3.0/../../../../../H-x86_64-mingw32/nios2-elf/lib\libc.a(lib_a-fseek.o) (_fseeko_r)
c:/intelfpga_lite/18.1/nios2eds/bin/gnu/h-x86_64-mingw32/bin/../lib/gcc/nios2-elf/5.3.0/../../../../../H-x86_64-mingw32/nios2-elf/lib\libc.a(lib_a-fstatr.o)
                              c:/intelfpga_lite/18.1/nios2eds/bin/gnu/h-x86_64-mingw32/bin/../lib/gcc/nios2-elf/5.3.0/../../../../../H-x86_64-mingw32/nios2-elf/lib\libc.a(lib_a-fseeko.o) (_fstat_r)
c:/intelfpga_lite/18.1/nios2eds/bin/gnu/h-x86_64-mingw32/bin/../lib/gcc/nios2-elf/5.3.0/../../../../../H-x86_64-mingw32/nios2-elf/lib\libc.a(lib_a-fwalk.o)
                              c:/intelfpga_lite/18.1/nios2eds/bin/gnu/h-x86_64-mingw32/bin/../lib/gcc/nios2-elf/5.3.0/../../../../../H-x86_64-mingw32/nios2-elf/lib\libc.a(lib_a-findfp.o) (_fwalk)
c:/intelfpga_lite/18.1/nios2eds/bin/gnu/h-x86_64-mingw32/bin/../lib/gcc/nios2-elf/5.3.0/../../../../../H-x86_64-mingw32/nios2-elf/lib\libc.a(lib_a-impure.o)
                              c:/intelfpga_lite/18.1/nios2eds/bin/gnu/h-x86_64-mingw32/bin/../lib/gcc/nios2-elf/5.3.0/../../../../../H-x86_64-mingw32/nios2-elf/lib\libc.a(lib_a-fflush.o) (_global_impure_ptr)
c:/intelfpga_lite/18.1/nios2eds/bin/gnu/h-x86_64-mingw32/bin/../lib/gcc/nios2-elf/5.3.0/../../../../../H-x86_64-mingw32/nios2-elf/lib\libc.a(lib_a-int_errno.o)
                              c:/intelfpga_lite/18.1/nios2eds/bin/gnu/h-x86_64-mingw32/bin/../lib/gcc/nios2-elf/5.3.0/../../../../../H-x86_64-mingw32/nios2-elf/lib\libc.a(lib_a-fstatr.o) (errno)
c:/intelfpga_lite/18.1/nios2eds/bin/gnu/h-x86_64-mingw32/bin/../lib/gcc/nios2-elf/5.3.0/../../../../../H-x86_64-mingw32/nios2-elf/lib\libc.a(lib_a-makebuf.o)
                              c:/intelfpga_lite/18.1/nios2eds/bin/gnu/h-x86_64-mingw32/bin/../lib/gcc/nios2-elf/5.3.0/../../../../../H-x86_64-mingw32/nios2-elf/lib\libc.a(lib_a-fseeko.o) (__smakebuf_r)
c:/intelfpga_lite/18.1/nios2eds/bin/gnu/h-x86_64-mingw32/bin/../lib/gcc/nios2-elf/5.3.0/../../../../../H-x86_64-mingw32/nios2-elf/lib\libc.a(lib_a-mallocr.o)
                              c:/intelfpga_lite/18.1/nios2eds/bin/gnu/h-x86_64-mingw32/bin/../lib/gcc/nios2-elf/5.3.0/../../../../../H-x86_64-mingw32/nios2-elf/lib\libc.a(lib_a-findfp.o) (_malloc_r)
c:/intelfpga_lite/18.1/nios2eds/bin/gnu/h-x86_64-mingw32/bin/../lib/gcc/nios2-elf/5.3.0/../../../../../H-x86_64-mingw32/nios2-elf/lib\libc.a(lib_a-memset.o)
                              c:/intelfpga_lite/18.1/nios2eds/bin/gnu/h-x86_64-mingw32/bin/../lib/gcc/nios2-elf/5.3.0/../../../../../H-x86_64-mingw32/nios2-elf/lib\libc.a(lib_a-findfp.o) (memset)
[...]
Memory Configuration

Name             Origin             Length             Attributes
reset            0x0000000000800000 0x0000000000000020
sdram            0x0000000000800020 0x00000000007fffe0
onchip_mem       0x0000000001008000 0x0000000000007800
*default*        0x0000000000000000 0xffffffffffffffff

Linker script and memory map

LOAD C:/Users/dulan/OneDrive/Desktop/ENGGEN/2023_sem2/303/COMPSYS303/project303_bsp//obj/HAL/src/crt0.o
LOAD obj/default/hello_world.o
LOAD c:/intelfpga_lite/18.1/nios2eds/bin/gnu/h-x86_64-mingw32/bin/../lib/gcc/nios2-elf/5.3.0/../../../../../H-x86_64-mingw32/nios2-elf/lib\libstdc++.a
LOAD c:/intelfpga_lite/18.1/nios2eds/bin/gnu/h-x86_64-mingw32/bin/../lib/gcc/nios2-elf/5.3.0/../../../../../H-x86_64-mingw32/nios2-elf/lib\libm.a
LOAD c:/intelfpga_lite/18.1/nios2eds/bin/gnu/h-x86_64-mingw32/bin/../lib/gcc/nios2-elf/5.3.0\libgcc.a
START GROUP
LOAD c:/intelfpga_lite/18.1/nios2eds/bin/gnu/h-x86_64-mingw32/bin/../lib/gcc/nios2-elf/5.3.0/../../../../../H-x86_64-mingw32/nios2-elf/lib\libc.a
LOAD c:/intelfpga_lite/18.1/nios2eds/bin/gnu/h-x86_64-mingw32/bin/../lib/gcc/nios2-elf/5.3.0\libgcc.a
LOAD C:/Users/dulan/OneDrive/Desktop/ENGGEN/2023_sem2/303/COMPSYS303/project303_bsp/\libhal_bsp.a
LOAD c:/intelfpga_lite/18.1/nios2eds/bin/gnu/h-x86_64-mingw32/bin/../lib/gcc/nios2-elf/5.3.0/../../../../../H-x86_64-mingw32/nios2-elf/lib\libm.a
END GROUP
LOAD c:/intelfpga_lite/18.1/nios2eds/bin/gnu/h-x86_64-mingw32/bin/../lib/gcc/nios2-elf/5.3.0\libgcc.a
                0x0000000000800000                __alt_mem_sdram = 0x800000
                0x0000000001008000                __alt_mem_onchip_mem = 0x1008000

.entry          0x0000000000800000       0x20
 *(.entry)
 .entry         0x0000000000800000       0x20 C:/Users/dulan/OneDrive/Desktop/ENGGEN/2023_sem2/303/COMPSYS303/project303_bsp//obj/HAL/src/crt0.o
                0x0000000000800000                __reset

.exceptions     0x0000000000800020      0x224
                0x0000000000800020                PROVIDE (__ram_exceptions_start, ABSOLUTE (.))
                0x0000000000800020                . = ALIGN (0x20)
 *(.irq)
 *(.exceptions.entry.label)
 .exceptions.entry.label
                0x0000000000800020        0x0 C:/Users/dulan/OneDrive/Desktop/ENGGEN/2023_sem2/303/COMPSYS303/project303_bsp/\libhal_bsp.a(alt_irq_entry.o)
                0x0000000000800020                alt_irq_entry
 .exceptions.entry.label
                0x0000000000800020        0x0 C:/Users/dulan/OneDrive/Desktop/ENGGEN/2023_sem2/303/COMPSYS303/project303_bsp/\libhal_bsp.a(alt_exception_entry.o)
                0x0000000000800020                alt_exception
 *(.exceptions.entry.user)
 *(.exceptions.entry.ecc_fatal)
 *(.exceptions.entry)
 .exceptions.entry
                0x0000000000800020       0x54 C:/Users/dulan/OneDrive/Desktop/ENGGEN/2023_sem2/303/COMPSYS303/project303_bsp/\libhal_bsp.a(alt_exception_entry.o)
 *(.exceptions.irqtest.user)
 *(.exceptions.irqtest)
 .exceptions.irqtest
                0x0000000000800074       0x10 C:/Users/dulan/OneDrive/Desktop/ENGGEN/2023_sem2/303/COMPSYS303/project303_bsp/\libhal_bsp.a(alt_irq_entry.o)
 *(.exceptions.irqhandler.user)
 *(.exceptions.irqhandler)
 .exceptions.irqhandler
                0x0000000000800084        0x4 C:/Users/dulan/OneDrive/Desktop/ENGGEN/2023_sem2/303/COMPSYS303/project303_bsp/\libhal_bsp.a(alt_irq_entry.o)
 *(.exceptions.irqreturn.user)
 *(.exceptions.irqreturn)
 .exceptions.irqreturn
                0x0000000000800088        0x4 C:/Users/dulan/OneDrive/Desktop/ENGGEN/2023_sem2/303/COMPSYS303/project303_bsp/\libhal_bsp.a(alt_irq_entry.o)
 *(.exceptions.notirq.label)
 .exceptions.notirq.label
                0x000000000080008c        0x0 C:/Users/dulan/OneDrive/Desktop/ENGGEN/2023_sem2/303/COMPSYS303/project303_bsp/\libhal_bsp.a(alt_irq_entry.o)
 *(.exceptions.notirq.user)
 *(.exceptions.notirq)
 .exceptions.notirq
                0x000000000080008c        0x8 C:/Users/dulan/OneDrive/Desktop/ENGGEN/2023_sem2/303/COMPSYS303/project303_bsp/\libhal_bsp.a(alt_exception_entry.o)
 *(.exceptions.soft.user)
 *(.exceptions.soft)
 *(.exceptions.unknown.user)
 *(.exceptions.unknown)
 .exceptions.unknown
                0x0000000000800094       0x14 C:/Users/dulan/OneDrive/Desktop/ENGGEN/2023_sem2/303/COMPSYS303/project303_bsp/\libhal_bsp.a(alt_exception_entry.o)
 *(.exceptions.exit.label)
 .exceptions.exit.label
                0x00000000008000a8        0x0 C:/Users/dulan/OneDrive/Desktop/ENGGEN/2023_sem2/303/COMPSYS303/project303_bsp/\libhal_bsp.a(alt_irq_entry.o)
 .exceptions.exit.label
                0x00000000008000a8        0x0 C:/Users/dulan/OneDrive/Desktop/ENGGEN/2023_sem2/303/COMPSYS303/project303_bsp/\libhal_bsp.a(alt_exception_entry.o)
 *(.exceptions.exit.user)
 *(.exceptions.exit)
 .exceptions.exit
                0x00000000008000a8       0x54 C:/Users/dulan/OneDrive/Desktop/ENGGEN/2023_sem2/303/COMPSYS303/project303_bsp/\libhal_bsp.a(alt_exception_entry.o)
 *(.exceptions)
 .exceptions    0x00000000008000fc       0xd4 C:/Users/dulan/OneDrive/Desktop/ENGGEN/2023_sem2/303/COMPSYS303/project303_bsp/\libhal_bsp.a(alt_irq_handler.o)
                0x00000000008000fc                alt_irq_handler
 .exceptions    0x00000000008001d0       0x74 C:/Users/dulan/OneDrive/Desktop/ENGGEN/2023_sem2/303/COMPSYS303/project303_bsp/\libhal_bsp.a(alt_instruction_exception_entry.o)
                0x00000000008001d0                alt_instruction_exception_entry
                0x0000000000800244                PROVIDE (__ram_exceptions_end, ABSOLUTE (.))
                0x0000000000800020                PROVIDE (__flash_exceptions_start, LOADADDR (.exceptions))

.text           0x0000000000800244     0x7c90
                [!provide]                        PROVIDE (stext, ABSOLUTE (.))
 *(.interp)
 *(.hash)
 *(.dynsym)
 *(.dynstr)
 *(.gnu.version)
 *(.gnu.version_d)
 *(.gnu.version_r)
 *(.rel.init)
 *(.rela.init)
 *(.rel.text .rel.text.* .rel.gnu.linkonce.t.*)
 *(.rela.text .rela.text.* .rela.gnu.linkonce.t.*)
 *(.rel.fini)
 *(.rela.fini)
 *(.rel.rodata .rel.rodata.* .rel.gnu.linkonce.r.*)
 *(.rela.rodata .rela.rodata.* .rela.gnu.linkonce.r.*)
 *(.rel.data .rel.data.* .rel.gnu.linkonce.d.*)
 *(.rela.data .rela.data.* .rela.gnu.linkonce.d.*)
 *(.rel.tdata .rel.tdata.* .rel.gnu.linkonce.td.*)
 *(.rela.tdata .rela.tdata.* .rela.gnu.linkonce.td.*)
 *(.rel.tbss .rel.tbss.* .rel.gnu.linkonce.tb.*)
 *(.rela.tbss .rela.tbss.* .rela.gnu.linkonce.tb.*)
 *(.rel.ctors)
 *(.rela.ctors)
 *(.rel.dtors)
 *(.rela.dtors)
 *(.rel.got)
 *(.rela.got)
 *(.rel.sdata .rel.sdata.* .rel.gnu.linkonce.s.*)
 *(.rela.sdata .rela.sdata.* .rela.gnu.linkonce.s.*)
 *(.rel.sbss .rel.sbss.* .rel.gnu.linkonce.sb.*)
 *(.rela.sbss .rela.sbss.* .rela.gnu.linkonce.sb.*)
 *(.rel.sdata2 .rel.sdata2.* .rel.gnu.linkonce.s2.*)
 *(.rela.sdata2 .rela.sdata2.* .rela.gnu.linkonce.s2.*)
 *(.rel.sbss2 .rel.sbss2.* .rel.gnu.linkonce.sb2.*)
 *(.rela.sbss2 .rela.sbss2.* .rela.gnu.linkonce.sb2.*)
 *(.rel.bss .rel.bss.* .rel.gnu.linkonce.b.*)
 *(.rela.bss .rela.bss.* .rela.gnu.linkonce.b.*)
 *(.rel.plt)
 *(.rela.plt)
 *(.rel.dyn)
 *(.init)
 *(.plt)
 *(.text .stub .text.* .gnu.linkonce.t.*)
 .text          0x0000000000800244       0x4c C:/Users/dulan/OneDrive/Desktop/ENGGEN/2023_sem2/303/COMPSYS303/project303_bsp//obj/HAL/src/crt0.o
                0x0000000000800244                _start
 .text          0x0000000000800290       0x94 obj/default/hello_world.o
                0x0000000000800290                main
 .text          0x0000000000800324        0x0 c:/intelfpga_lite/18.1/nios2eds/bin/gnu/h-x86_64-mingw32/bin/../lib/gcc/nios2-elf/5.3.0/../../../../../H-x86_64-mingw32/nios2-elf/lib\libc.a(lib_a-fclose.o)
 .text._fclose_r
                0x0000000000800324       0xf0 c:/intelfpga_lite/18.1/nios2eds/bin/gnu/h-x86_64-mingw32/bin/../lib/gcc/nios2-elf/5.3.0/../../../../../H-x86_64-mingw32/nios2-elf/lib\libc.a(lib_a-fclose.o)
                0x0000000000800324                _fclose_r
 .text.fclose   0x0000000000800414       0x14 c:/intelfpga_lite/18.1/nios2eds/bin/gnu/h-x86_64-mingw32/bin/../lib/gcc/nios2-elf/5.3.0/../../../../../H-x86_64-mingw32/nios2-elf/lib\libc.a(lib_a-fclose.o)
                0x0000000000800414                fclose
 .text          0x0000000000800428        0x0 c:/intelfpga_lite/18.1/nios2eds/bin/gnu/h-x86_64-mingw32/bin/../lib/gcc/nios2-elf/5.3.0/../../../../../H-x86_64-mingw32/nios2-elf/lib\libc.a(lib_a-fflush.o)
 .text.__sflush_r
                0x0000000000800428      0x21c c:/intelfpga_lite/18.1/nios2eds/bin/gnu/h-x86_64-mingw32/bin/../lib/gcc/nios2-elf/5.3.0/../../../../../H-x86_64-mingw32/nios2-elf/lib\libc.a(lib_a-fflush.o)
                0x0000000000800428                __sflush_r
 .text._fflush_r
                0x0000000000800644       0x5c c:/intelfpga_lite/18.1/nios2eds/bin/gnu/h-x86_64-mingw32/bin/../lib/gcc/nios2-elf/5.3.0/../../../../../H-x86_64-mingw32/nios2-elf/lib\libc.a(lib_a-fflush.o)
                0x0000000000800644                _fflush_r
 .text.fflush   0x00000000008006a0       0x30 c:/intelfpga_lite/18.1/nios2eds/bin/gnu/h-x86_64-mingw32/bin/../lib/gcc/nios2-elf/5.3.0/../../../../../H-x86_64-mingw32/nios2-elf/lib\libc.a(lib_a-fflush.o)
                0x00000000008006a0                fflush
 .text          0x00000000008006d0        0x0 c:/intelfpga_lite/18.1/nios2eds/bin/gnu/h-x86_64-mingw32/bin/../lib/gcc/nios2-elf/5.3.0/../../../../../H-x86_64-mingw32/nios2-elf/lib\libc.a(lib_a-fgetc.o)
 .text._fgetc_r
                0x00000000008006d0       0x70 c:/intelfpga_lite/18.1/nios2eds/bin/gnu/h-x86_64-mingw32/bin/../lib/gcc/nios2-elf/5.3.0/../../../../../H-x86_64-mingw32/nios2-elf/lib\libc.a(lib_a-fgetc.o)
                0x00000000008006d0                _fgetc_r
 .text.fgetc    0x0000000000800740       0x88 c:/intelfpga_lite/18.1/nios2eds/bin/gnu/h-x86_64-mingw32/bin/../lib/gcc/nios2-elf/5.3.0/../../../../../H-x86_64-mingw32/nios2-elf/lib\libc.a(lib_a-fgetc.o)
                0x0000000000800740                fgetc
 .text          0x00000000008007c8        0x0 c:/intelfpga_lite/18.1/nios2eds/bin/gnu/h-x86_64-mingw32/bin/../lib/gcc/nios2-elf/5.3.0/../../../../../H-x86_64-mingw32/nios2-elf/lib\libc.a(lib_a-findfp.o)
 .text.__fp_unlock
                0x00000000008007c8        0x8 c:/intelfpga_lite/18.1/nios2eds/bin/gnu/h-x86_64-mingw32/bin/../lib/gcc/nios2-elf/5.3.0/../../../../../H-x86_64-mingw32/nios2-elf/lib\libc.a(lib_a-findfp.o)
 .text._cleanup_r
                0x00000000008007d0        0xc c:/intelfpga_lite/18.1/nios2eds/bin/gnu/h-x86_64-mingw32/bin/../lib/gcc/nios2-elf/5.3.0/../../../../../H-x86_64-mingw32/nios2-elf/lib\libc.a(lib_a-findfp.o)
                0x00000000008007d0                _cleanup_r
 .text.__sinit.part.1
                0x00000000008007dc      0x19c c:/intelfpga_lite/18.1/nios2eds/bin/gnu/h-x86_64-mingw32/bin/../lib/gcc/nios2-elf/5.3.0/../../../../../H-x86_64-mingw32/nios2-elf/lib\libc.a(lib_a-findfp.o)
 .text.__fp_lock
                0x0000000000800978        0x8 c:/intelfpga_lite/18.1/nios2eds/bin/gnu/h-x86_64-mingw32/bin/../lib/gcc/nios2-elf/5.3.0/../../../../../H-x86_64-mingw32/nios2-elf/lib\libc.a(lib_a-findfp.o)
 .text.__sfmoreglue
                0x0000000000800980       0x68 c:/intelfpga_lite/18.1/nios2eds/bin/gnu/h-x86_64-mingw32/bin/../lib/gcc/nios2-elf/5.3.0/../../../../../H-x86_64-mingw32/nios2-elf/lib\libc.a(lib_a-findfp.o)
                0x0000000000800980                __sfmoreglue
 .text.__sfp    0x00000000008009e8      0x118 c:/intelfpga_lite/18.1/nios2eds/bin/gnu/h-x86_64-mingw32/bin/../lib/gcc/nios2-elf/5.3.0/../../../../../H-x86_64-mingw32/nios2-elf/lib\libc.a(lib_a-findfp.o)
                0x00000000008009e8                __sfp
 .text._cleanup
                0x0000000000800b00       0x18 c:/intelfpga_lite/18.1/nios2eds/bin/gnu/h-x86_64-mingw32/bin/../lib/gcc/nios2-elf/5.3.0/../../../../../H-x86_64-mingw32/nios2-elf/lib\libc.a(lib_a-findfp.o)
                0x0000000000800b00                _cleanup
 .text.__sinit  0x0000000000800b18       0x10 c:/intelfpga_lite/18.1/nios2eds/bin/gnu/h-x86_64-mingw32/bin/../lib/gcc/nios2-elf/5.3.0/../../../../../H-x86_64-mingw32/nios2-elf/lib\libc.a(lib_a-findfp.o)
                0x0000000000800b18                __sinit
 .text.__sfp_lock_acquire
                0x0000000000800b28        0x4 c:/intelfpga_lite/18.1/nios2eds/bin/gnu/h-x86_64-mingw32/bin/../lib/gcc/nios2-elf/5.3.0/../../../../../H-x86_64-mingw32/nios2-elf/lib\libc.a(lib_a-findfp.o)
                0x0000000000800b28                __sfp_lock_acquire
 .text.__sfp_lock_release
                0x0000000000800b2c        0x4 c:/intelfpga_lite/18.1/nios2eds/bin/gnu/h-x86_64-mingw32/bin/../lib/gcc/nios2-elf/5.3.0/../../../../../H-x86_64-mingw32/nios2-elf/lib\libc.a(lib_a-findfp.o)
                0x0000000000800b2c                __sfp_lock_release
 .text.__sinit_lock_acquire
                0x0000000000800b30        0x4 c:/intelfpga_lite/18.1/nios2eds/bin/gnu/h-x86_64-mingw32/bin/../lib/gcc/nios2-elf/5.3.0/../../../../../H-x86_64-mingw32/nios2-elf/lib\libc.a(lib_a-findfp.o)
                0x0000000000800b30                __sinit_lock_acquire
 .text.__sinit_lock_release
                0x0000000000800b34        0x4 c:/intelfpga_lite/18.1/nios2eds/bin/gnu/h-x86_64-mingw32/bin/../lib/gcc/nios2-elf/5.3.0/../../../../../H-x86_64-mingw32/nios2-elf/lib\libc.a(lib_a-findfp.o)
                0x0000000000800b34                __sinit_lock_release
 .text.__fp_lock_all
                0x0000000000800b38       0x18 c:/intelfpga_lite/18.1/nios2eds/bin/gnu/h-x86_64-mingw32/bin/../lib/gcc/nios2-elf/5.3.0/../../../../../H-x86_64-mingw32/nios2-elf/lib\libc.a(lib_a-findfp.o)
                0x0000000000800b38                __fp_lock_all
 .text.__fp_unlock_all
                0x0000000000800b50       0x18 c:/intelfpga_lite/18.1/nios2eds/bin/gnu/h-x86_64-mingw32/bin/../lib/gcc/nios2-elf/5.3.0/../../../../../H-x86_64-mingw32/nios2-elf/lib\libc.a(lib_a-findfp.o)
                0x0000000000800b50                __fp_unlock_all
 .text          0x0000000000800b68        0x0 c:/intelfpga_lite/18.1/nios2eds/bin/gnu/h-x86_64-mingw32/bin/../lib/gcc/nios2-elf/5.3.0/../../../../../H-x86_64-mingw32/nios2-elf/lib\libc.a(lib_a-fopen.o)
 .text._fopen_r
                0x0000000000800b68       0xf4 c:/intelfpga_lite/18.1/nios2eds/bin/gnu/h-x86_64-mingw32/bin/../lib/gcc/nios2-elf/5.3.0/../../../../../H-x86_64-mingw32/nios2-elf/lib\libc.a(lib_a-fopen.o)
                0x0000000000800b68                _fopen_r
 .text.fopen    0x0000000000800c5c       0x18 c:/intelfpga_lite/18.1/nios2eds/bin/gnu/h-x86_64-mingw32/bin/../lib/gcc/nios2-elf/5.3.0/../../../../../H-x86_64-mingw32/nios2-elf/lib\libc.a(lib_a-fopen.o)
                0x0000000000800c5c                fopen
 .text          0x0000000000800c74        0x0 c:/intelfpga_lite/18.1/nios2eds/bin/gnu/h-x86_64-mingw32/bin/../lib/gcc/nios2-elf/5.3.0/../../../../../H-x86_64-mingw32/nios2-elf/lib\libc.a(lib_a-freer.o)
 .text._malloc_trim_r
                0x0000000000800c74      0x124 c:/intelfpga_lite/18.1/nios2eds/bin/gnu/h-x86_64-mingw32/bin/../lib/gcc/nios2-elf/5.3.0/../../../../../H-x86_64-mingw32/nios2-elf/lib\libc.a(lib_a-freer.o)
                0x0000000000800c74                _malloc_trim_r
 .text._free_r  0x0000000000800d98      0x310 c:/intelfpga_lite/18.1/nios2eds/bin/gnu/h-x86_64-mingw32/bin/../lib/gcc/nios2-elf/5.3.0/../../../../../H-x86_64-mingw32/nios2-elf/lib\libc.a(lib_a-freer.o)
                0x0000000000800d98                _free_r
 .text          0x00000000008010a8        0x0 c:/intelfpga_lite/18.1/nios2eds/bin/gnu/h-x86_64-mingw32/bin/../lib/gcc/nios2-elf/5.3.0/../../../../../H-x86_64-mingw32/nios2-elf/lib\libc.a(lib_a-fseek.o)
 .text._fseek_r
                0x00000000008010a8        0x4 c:/intelfpga_lite/18.1/nios2eds/bin/gnu/h-x86_64-mingw32/bin/../lib/gcc/nios2-elf/5.3.0/../../../../../H-x86_64-mingw32/nios2-elf/lib\libc.a(lib_a-fseek.o)
                0x00000000008010a8                _fseek_r
 .text.fseek    0x00000000008010ac       0x1c c:/intelfpga_lite/18.1/nios2eds/bin/gnu/h-x86_64-mingw32/bin/../lib/gcc/nios2-elf/5.3.0/../../../../../H-x86_64-mingw32/nios2-elf/lib\libc.a(lib_a-fseek.o)
                0x00000000008010ac                fseek
 .text          0x00000000008010c8        0x0 c:/intelfpga_lite/18.1/nios2eds/bin/gnu/h-x86_64-mingw32/bin/../lib/gcc/nios2-elf/5.3.0/../../../../../H-x86_64-mingw32/nios2-elf/lib\libc.a(lib_a-fseeko.o)
 .text._fseeko_r
                0x00000000008010c8      0x444 c:/intelfpga_lite/18.1/nios2eds/bin/gnu/h-x86_64-mingw32/bin/../lib/gcc/nios2-elf/5.3.0/../../../../../H-x86_64-mingw32/nios2-elf/lib\libc.a(lib_a-fseeko.o)
                0x00000000008010c8                _fseeko_r
 .text.fseeko   0x000000000080150c       0x1c c:/intelfpga_lite/18.1/nios2eds/bin/gnu/h-x86_64-mingw32/bin/../lib/gcc/nios2-elf/5.3.0/../../../../../H-x86_64-mingw32/nios2-elf/lib\libc.a(lib_a-fseeko.o)
                0x000000000080150c                fseeko
 .text          0x0000000000801528        0x0 c:/intelfpga_lite/18.1/nios2eds/bin/gnu/h-x86_64-mingw32/bin/../lib/gcc/nios2-elf/5.3.0/../../../../../H-x86_64-mingw32/nios2-elf/lib\libc.a(lib_a-fstatr.o)
 .text._fstat_r
                0x0000000000801528       0x5c c:/intelfpga_lite/18.1/nios2eds/bin/gnu/h-x86_64-mingw32/bin/../lib/gcc/nios2-elf/5.3.0/../../../../../H-x86_64-mingw32/nios2-elf/lib\libc.a(lib_a-fstatr.o)
                0x0000000000801528                _fstat_r
 .text          0x0000000000801584        0x0 c:/intelfpga_lite/18.1/nios2eds/bin/gnu/h-x86_64-mingw32/bin/../lib/gcc/nios2-elf/5.3.0/../../../../../H-x86_64-mingw32/nios2-elf/lib\libc.a(lib_a-fwalk.o)
 .text._fwalk   0x0000000000801584       0xc4 c:/intelfpga_lite/18.1/nios2eds/bin/gnu/h-x86_64-mingw32/bin/../lib/gcc/nios2-elf/5.3.0/../../../../../H-x86_64-mingw32/nios2-elf/lib\libc.a(lib_a-fwalk.o)
                0x0000000000801584                _fwalk
 .text._fwalk_reent
                0x0000000000801648       0xc4 c:/intelfpga_lite/18.1/nios2eds/bin/gnu/h-x86_64-mingw32/bin/../lib/gcc/nios2-elf/5.3.0/../../../../../H-x86_64-mingw32/nios2-elf/lib\libc.a(lib_a-fwalk.o)
                0x0000000000801648                _fwalk_reent
 .text          0x000000000080170c        0x0 c:/intelfpga_lite/18.1/nios2eds/bin/gnu/h-x86_64-mingw32/bin/../lib/gcc/nios2-elf/5.3.0/../../../../../H-x86_64-mingw32/nios2-elf/lib\libc.a(lib_a-impure.o)
 .text          0x000000000080170c        0x0 c:/intelfpga_lite/18.1/nios2eds/bin/gnu/h-x86_64-mingw32/bin/../lib/gcc/nios2-elf/5.3.0/../../../../../H-x86_64-mingw32/nios2-elf/lib\libc.a(lib_a-int_errno.o)
 .text          0x000000000080170c        0x0 c:/intelfpga_lite/18.1/nios2eds/bin/gnu/h-x86_64-mingw32/bin/../lib/gcc/nios2-elf/5.3.0/../../../../../H-x86_64-mingw32/nios2-elf/lib\libc.a(lib_a-makebuf.o)
 .text.__smakebuf_r
                0x000000000080170c      0x1bc c:/intelfpga_lite/18.1/nios2eds/bin/gnu/h-x86_64-mingw32/bin/../lib/gcc/nios2-elf/5.3.0/../../../../../H-x86_64-mingw32/nios2-elf/lib\libc.a(lib_a-makebuf.o)
                0x000000000080170c                __smakebuf_r
 .text          0x00000000008018c8        0x0 c:/intelfpga_lite/18.1/nios2eds/bin/gnu/h-x86_64-mingw32/bin/../lib/gcc/nios2-elf/5.3.0/../../../../../H-x86_64-mingw32/nios2-elf/lib\libc.a(lib_a-mallocr.o)
 .text._malloc_r
                0x00000000008018c8      0x80c c:/intelfpga_lite/18.1/nios2eds/bin/gnu/h-x86_64-mingw32/bin/../lib/gcc/nios2-elf/5.3.0/../../../../../H-x86_64-mingw32/nios2-elf/lib\libc.a(lib_a-mallocr.o)
                0x00000000008018c8                _malloc_r
 .text          0x00000000008020d4        0x0 c:/intelfpga_lite/18.1/nios2eds/bin/gnu/h-x86_64-mingw32/bin/../lib/gcc/nios2-elf/5.3.0/../../../../../H-x86_64-mingw32/nios2-elf/lib\libc.a(lib_a-memset.o)
 .text.memset   0x00000000008020d4      0x128 c:/intelfpga_lite/18.1/nios2eds/bin/gnu/h-x86_64-mingw32/bin/../lib/gcc/nios2-elf/5.3.0/../../../../../H-x86_64-mingw32/nios2-elf/lib\libc.a(lib_a-memset.o)
                0x00000000008020d4                memset
 .text          0x00000000008021fc        0x0 c:/intelfpga_lite/18.1/nios2eds/bin/gnu/h-x86_64-mingw32/bin/../lib/gcc/nios2-elf/5.3.0/../../../../../H-x86_64-mingw32/nios2-elf/lib\libc.a(lib_a-openr.o)
 .text._open_r  0x00000000008021fc       0x60 c:/intelfpga_lite/18.1/nios2eds/bin/gnu/h-x86_64-mingw32/bin/../lib/gcc/nios2-elf/5.3.0/../../../../../H-x86_64-mingw32/nios2-elf/lib\libc.a(lib_a-openr.o)
                0x00000000008021fc                _open_r
 .text          0x000000000080225c        0x0 c:/intelfpga_lite/18.1/nios2eds/bin/gnu/h-x86_64-mingw32/bin/../lib/gcc/nios2-elf/5.3.0/../../../../../H-x86_64-mingw32/nios2-elf/lib\libc.a(lib_a-putc.o)
 .text._putc_r  0x000000000080225c       0xa0 c:/intelfpga_lite/18.1/nios2eds/bin/gnu/h-x86_64-mingw32/bin/../lib/gcc/nios2-elf/5.3.0/../../../../../H-x86_64-mingw32/nios2-elf/lib\libc.a(lib_a-putc.o)
                0x000000000080225c                _putc_r
 .text.putc     0x00000000008022fc       0xc8 c:/intelfpga_lite/18.1/nios2eds/bin/gnu/h-x86_64-mingw32/bin/../lib/gcc/nios2-elf/5.3.0/../../../../../H-x86_64-mingw32/nios2-elf/lib\libc.a(lib_a-putc.o)
                0x00000000008022fc                putc
 .text          0x00000000008023c4        0x0 c:/intelfpga_lite/18.1/nios2eds/bin/gnu/h-x86_64-mingw32/bin/../lib/gcc/nios2-elf/5.3.0/../../../../../H-x86_64-mingw32/nios2-elf/lib\libc.a(lib_a-puts.o)
 .text._puts_r  0x00000000008023c4       0xc0 c:/intelfpga_lite/18.1/nios2eds/bin/gnu/h-x86_64-mingw32/bin/../lib/gcc/nios2-elf/5.3.0/../../../../../H-x86_64-mingw32/nios2-elf/lib\libc.a(lib_a-puts.o)
                0x00000000008023c4                _puts_r
 .text.puts     0x0000000000802484       0x14 c:/intelfpga_lite/18.1/nios2eds/bin/gnu/h-x86_64-mingw32/bin/../lib/gcc/nios2-elf/5.3.0/../../../../../H-x86_64-mingw32/nios2-elf/lib\libc.a(lib_a-puts.o)
                0x0000000000802484                puts
 .text          0x0000000000802498        0x0 c:/intelfpga_lite/18.1/nios2eds/bin/gnu/h-x86_64-mingw32/bin/../lib/gcc/nios2-elf/5.3.0/../../../../../H-x86_64-mingw32/nios2-elf/lib\libc.a(lib_a-refill.o)
 .text.lflush   0x0000000000802498       0x1c c:/intelfpga_lite/18.1/nios2eds/bin/gnu/h-x86_64-mingw32/bin/../lib/gcc/nios2-elf/5.3.0/../../../../../H-x86_64-mingw32/nios2-elf/lib\libc.a(lib_a-refill.o)
 .text.__srefill_r
                0x00000000008024b4      0x1d4 c:/intelfpga_lite/18.1/nios2eds/bin/gnu/h-x86_64-mingw32/bin/../lib/gcc/nios2-elf/5.3.0/../../../../../H-x86_64-mingw32/nios2-elf/lib\libc.a(lib_a-refill.o)
                0x00000000008024b4                __srefill_r
 .text          0x0000000000802688        0x0 c:/intelfpga_lite/18.1/nios2eds/bin/gnu/h-x86_64-mingw32/bin/../lib/gcc/nios2-elf/5.3.0/../../../../../H-x86_64-mingw32/nios2-elf/lib\libc.a(lib_a-rget.o)
 .text.__srget_r
                0x0000000000802688       0x74 c:/intelfpga_lite/18.1/nios2eds/bin/gnu/h-x86_64-mingw32/bin/../lib/gcc/nios2-elf/5.3.0/../../../../../H-x86_64-mingw32/nios2-elf/lib\libc.a(lib_a-rget.o)
                0x0000000000802688                __srget_r
 .text.__srget  0x00000000008026fc       0x14 c:/intelfpga_lite/18.1/nios2eds/bin/gnu/h-x86_64-mingw32/bin/../lib/gcc/nios2-elf/5.3.0/../../../../../H-x86_64-mingw32/nios2-elf/lib\libc.a(lib_a-rget.o)
                0x00000000008026fc                __srget
 .text          0x0000000000802710        0x0 c:/intelfpga_lite/18.1/nios2eds/bin/gnu/h-x86_64-mingw32/bin/../lib/gcc/nios2-elf/5.3.0/../../../../../H-x86_64-mingw32/nios2-elf/lib\libc.a(lib_a-sbrkr.o)
 .text._sbrk_r  0x0000000000802710       0x54 c:/intelfpga_lite/18.1/nios2eds/bin/gnu/h-x86_64-mingw32/bin/../lib/gcc/nios2-elf/5.3.0/../../../../../H-x86_64-mingw32/nios2-elf/lib\libc.a(lib_a-sbrkr.o)
                0x0000000000802710                _sbrk_r
 .text          0x0000000000802764        0x0 c:/intelfpga_lite/18.1/nios2eds/bin/gnu/h-x86_64-mingw32/bin/../lib/gcc/nios2-elf/5.3.0/../../../../../H-x86_64-mingw32/nios2-elf/lib\libc.a(lib_a-stdio.o)
 .text.__sread  0x0000000000802764       0x54 c:/intelfpga_lite/18.1/nios2eds/bin/gnu/h-x86_64-mingw32/bin/../lib/gcc/nios2-elf/5.3.0/../../../../../H-x86_64-mingw32/nios2-elf/lib\libc.a(lib_a-stdio.o)
                0x0000000000802764                __sread
 .text.__seofread
                0x00000000008027b8        0x8 c:/intelfpga_lite/18.1/nios2eds/bin/gnu/h-x86_64-mingw32/bin/../lib/gcc/nios2-elf/5.3.0/../../../../../H-x86_64-mingw32/nios2-elf/lib\libc.a(lib_a-stdio.o)
                0x00000000008027b8                __seofread
 .text.__swrite
                0x00000000008027c0       0x7c c:/intelfpga_lite/18.1/nios2eds/bin/gnu/h-x86_64-mingw32/bin/../lib/gcc/nios2-elf/5.3.0/../../../../../H-x86_64-mingw32/nios2-elf/lib\libc.a(lib_a-stdio.o)
                0x00000000008027c0                __swrite
 .text.__sseek  0x000000000080283c       0x5c c:/intelfpga_lite/18.1/nios2eds/bin/gnu/h-x86_64-mingw32/bin/../lib/gcc/nios2-elf/5.3.0/../../../../../H-x86_64-mingw32/nios2-elf/lib\libc.a(lib_a-stdio.o)
                0x000000000080283c                __sseek
 .text.__sclose
                0x0000000000802898        0x8 c:/intelfpga_lite/18.1/nios2eds/bin/gnu/h-x86_64-mingw32/bin/../lib/gcc/nios2-elf/5.3.0/../../../../../H-x86_64-mingw32/nios2-elf/lib\libc.a(lib_a-stdio.o)
                0x0000000000802898                __sclose
 .text          0x00000000008028a0        0x0 c:/intelfpga_lite/18.1/nios2eds/bin/gnu/h-x86_64-mingw32/bin/../lib/gcc/nios2-elf/5.3.0/../../../../../H-x86_64-mingw32/nios2-elf/lib\libc.a(lib_a-strlen.o)
 .text.strlen   0x00000000008028a0       0x98 c:/intelfpga_lite/18.1/nios2eds/bin/gnu/h-x86_64-mingw32/bin/../lib/gcc/nios2-elf/5.3.0/../../../../../H-x86_64-mingw32/nios2-elf/lib\libc.a(lib_a-strlen.o)
                0x00000000008028a0                strlen
 .text          0x0000000000802938        0x0 c:/intelfpga_lite/18.1/nios2eds/bin/gnu/h-x86_64-mingw32/bin/../lib/gcc/nios2-elf/5.3.0/../../../../../H-x86_64-mingw32/nios2-elf/lib\libc.a(lib_a-wbuf.o)
 .text.__swbuf_r
                0x0000000000802938      0x140 c:/intelfpga_lite/18.1/nios2eds/bin/gnu/h-x86_64-mingw32/bin/../lib/gcc/nios2-elf/5.3.0/../../../../../H-x86_64-mingw32/nios2-elf/lib\libc.a(lib_a-wbuf.o)
                0x0000000000802938                __swbuf_r
 .text.__swbuf  0x0000000000802a78       0x18 c:/intelfpga_lite/18.1/nios2eds/bin/gnu/h-x86_64-mingw32/bin/../lib/gcc/nios2-elf/5.3.0/../../../../../H-x86_64-mingw32/nios2-elf/lib\libc.a(lib_a-wbuf.o)
                0x0000000000802a78                __swbuf
 .text          0x0000000000802a90        0x0 c:/intelfpga_lite/18.1/nios2eds/bin/gnu/h-x86_64-mingw32/bin/../lib/gcc/nios2-elf/5.3.0/../../../../../H-x86_64-mingw32/nios2-elf/lib\libc.a(lib_a-writer.o)
 .text._write_r
                0x0000000000802a90       0x60 c:/intelfpga_lite/18.1/nios2eds/bin/gnu/h-x86_64-mingw32/bin/../lib/gcc/nios2-elf/5.3.0/../../../../../H-x86_64-mingw32/nios2-elf/lib\libc.a(lib_a-writer.o)
                0x0000000000802a90                _write_r
 .text          0x0000000000802af0        0x0 c:/intelfpga_lite/18.1/nios2eds/bin/gnu/h-x86_64-mingw32/bin/../lib/gcc/nios2-elf/5.3.0/../../../../../H-x86_64-mingw32/nios2-elf/lib\libc.a(lib_a-wsetup.o)
 .text.__swsetup_r
                0x0000000000802af0      0x154 c:/intelfpga_lite/18.1/nios2eds/bin/gnu/h-x86_64-mingw32/bin/../lib/gcc/nios2-elf/5.3.0/../../../../../H-x86_64-mingw32/nios2-elf/lib\libc.a(lib_a-wsetup.o)
                0x0000000000802af0                __swsetup_r
 .text          0x0000000000802c44        0x0 c:/intelfpga_lite/18.1/nios2eds/bin/gnu/h-x86_64-mingw32/bin/../lib/gcc/nios2-elf/5.3.0/../../../../../H-x86_64-mingw32/nios2-elf/lib\libc.a(closer.o)
 .text._close_r
                0x0000000000802c44       0x54 c:/intelfpga_lite/18.1/nios2eds/bin/gnu/h-x86_64-mingw32/bin/../lib/gcc/nios2-elf/5.3.0/../../../../../H-x86_64-mingw32/nios2-elf/lib\libc.a(closer.o)
                0x0000000000802c44                _close_r
 .text          0x0000000000802c98        0x0 c:/intelfpga_lite/18.1/nios2eds/bin/gnu/h-x86_64-mingw32/bin/../lib/gcc/nios2-elf/5.3.0/../../../../../H-x86_64-mingw32/nios2-elf/lib\libc.a(lib_a-flags.o)
 .text.__sflags
                0x0000000000802c98       0xac c:/intelfpga_lite/18.1/nios2eds/bin/gnu/h-x86_64-mingw32/bin/../lib/gcc/nios2-elf/5.3.0/../../../../../H-x86_64-mingw32/nios2-elf/lib\libc.a(lib_a-flags.o)
                0x0000000000802c98                __sflags
 .text          0x0000000000802d44        0x0 c:/intelfpga_lite/18.1/nios2eds/bin/gnu/h-x86_64-mingw32/bin/../lib/gcc/nios2-elf/5.3.0/../../../../../H-x86_64-mingw32/nios2-elf/lib\libc.a(lib_a-fvwrite.o)
 .text.__sfvwrite_r
                0x0000000000802d44      0x4bc c:/intelfpga_lite/18.1/nios2eds/bin/gnu/h-x86_64-mingw32/bin/../lib/gcc/nios2-elf/5.3.0/../../../../../H-x86_64-mingw32/nios2-elf/lib\libc.a(lib_a-fvwrite.o)
                0x0000000000802d44                __sfvwrite_r
 .text          0x0000000000803200        0x0 c:/intelfpga_lite/18.1/nios2eds/bin/gnu/h-x86_64-mingw32/bin/../lib/gcc/nios2-elf/5.3.0/../../../../../H-x86_64-mingw32/nios2-elf/lib\libc.a(lib_a-isattyr.o)
 .text._isatty_r
                0x0000000000803200       0x54 c:/intelfpga_lite/18.1/nios2eds/bin/gnu/h-x86_64-mingw32/bin/../lib/gcc/nios2-elf/5.3.0/../../../../../H-x86_64-mingw32/nios2-elf/lib\libc.a(lib_a-isattyr.o)
                0x0000000000803200                _isatty_r
 .text          0x0000000000803254        0x0 c:/intelfpga_lite/18.1/nios2eds/bin/gnu/h-x86_64-mingw32/bin/../lib/gcc/nios2-elf/5.3.0/../../../../../H-x86_64-mingw32/nios2-elf/lib\libc.a(lib_a-lseekr.o)
 .text._lseek_r
                0x0000000000803254       0x60 c:/intelfpga_lite/18.1/nios2eds/bin/gnu/h-x86_64-mingw32/bin/../lib/gcc/nios2-elf/5.3.0/../../../../../H-x86_64-mingw32/nios2-elf/lib\libc.a(lib_a-lseekr.o)
                0x0000000000803254                _lseek_r
 .text          0x00000000008032b4        0x0 c:/intelfpga_lite/18.1/nios2eds/bin/gnu/h-x86_64-mingw32/bin/../lib/gcc/nios2-elf/5.3.0/../../../../../H-x86_64-mingw32/nios2-elf/lib\libc.a(lib_a-memchr.o)
 .text.memchr   0x00000000008032b4       0xe4 c:/intelfpga_lite/18.1/nios2eds/bin/gnu/h-x86_64-mingw32/bin/../lib/gcc/nios2-elf/5.3.0/../../../../../H-x86_64-mingw32/nios2-elf/lib\libc.a(lib_a-memchr.o)
                0x00000000008032b4                memchr
 .text          0x0000000000803398        0x0 c:/intelfpga_lite/18.1/nios2eds/bin/gnu/h-x86_64-mingw32/bin/../lib/gcc/nios2-elf/5.3.0/../../../../../H-x86_64-mingw32/nios2-elf/lib\libc.a(lib_a-memcpy.o)
 .text.memcpy   0x0000000000803398      0x148 c:/intelfpga_lite/18.1/nios2eds/bin/gnu/h-x86_64-mingw32/bin/../lib/gcc/nios2-elf/5.3.0/../../../../../H-x86_64-mingw32/nios2-elf/lib\libc.a(lib_a-memcpy.o)
                0x0000000000803398                memcpy
 .text          0x00000000008034e0        0x0 c:/intelfpga_lite/18.1/nios2eds/bin/gnu/h-x86_64-mingw32/bin/../lib/gcc/nios2-elf/5.3.0/../../../../../H-x86_64-mingw32/nios2-elf/lib\libc.a(lib_a-memmove.o)
 .text.memmove  0x00000000008034e0      0x15c c:/intelfpga_lite/18.1/nios2eds/bin/gnu/h-x86_64-mingw32/bin/../lib/gcc/nios2-elf/5.3.0/../../../../../H-x86_64-mingw32/nios2-elf/lib\libc.a(lib_a-memmove.o)
                0x00000000008034e0                memmove
 .text          0x000000000080363c        0x0 c:/intelfpga_lite/18.1/nios2eds/bin/gnu/h-x86_64-mingw32/bin/../lib/gcc/nios2-elf/5.3.0/../../../../../H-x86_64-mingw32/nios2-elf/lib\libc.a(lib_a-readr.o)
 .text._read_r  0x000000000080363c       0x60 c:/intelfpga_lite/18.1/nios2eds/bin/gnu/h-x86_64-mingw32/bin/../lib/gcc/nios2-elf/5.3.0/../../../../../H-x86_64-mingw32/nios2-elf/lib\libc.a(lib_a-readr.o)
                0x000000000080363c                _read_r
 .text          0x000000000080369c        0x0 c:/intelfpga_lite/18.1/nios2eds/bin/gnu/h-x86_64-mingw32/bin/../lib/gcc/nios2-elf/5.3.0/../../../../../H-x86_64-mingw32/nios2-elf/lib\libc.a(lib_a-reallocr.o)
 .text._realloc_r
                0x000000000080369c      0x564 c:/intelfpga_lite/18.1/nios2eds/bin/gnu/h-x86_64-mingw32/bin/../lib/gcc/nios2-elf/5.3.0/../../../../../H-x86_64-mingw32/nios2-elf/lib\libc.a(lib_a-reallocr.o)
                0x000000000080369c                _realloc_r
 .text          0x0000000000803c00      0x1b4 c:/intelfpga_lite/18.1/nios2eds/bin/gnu/h-x86_64-mingw32/bin/../lib/gcc/nios2-elf/5.3.0\libgcc.a(lib2-divmod.o)
                0x0000000000803c00                __divsi3
                0x0000000000803c84                __modsi3
                0x0000000000803cf8                __udivsi3
                0x0000000000803d5c                __umodsi3
 .text          0x0000000000803db4      0x10c C:/Users/dulan/OneDrive/Desktop/ENGGEN/2023_sem2/303/COMPSYS303/project303_bsp/\libhal_bsp.a(alt_close.o)
                0x0000000000803df0                close
 .text          0x0000000000803ec0       0x2c C:/Users/dulan/OneDrive/Desktop/ENGGEN/2023_sem2/303/COMPSYS303/project303_bsp/\libhal_bsp.a(alt_dev.o)
 .text          0x0000000000803eec        0x0 C:/Users/dulan/OneDrive/Desktop/ENGGEN/2023_sem2/303/COMPSYS303/project303_bsp/\libhal_bsp.a(alt_errno.o)
 .text          0x0000000000803eec       0xec C:/Users/dulan/OneDrive/Desktop/ENGGEN/2023_sem2/303/COMPSYS303/project303_bsp/\libhal_bsp.a(alt_fstat.o)
                0x0000000000803f28                fstat
 .text          0x0000000000803fd8       0xe0 C:/Users/dulan/OneDrive/Desktop/ENGGEN/2023_sem2/303/COMPSYS303/project303_bsp/\libhal_bsp.a(alt_isatty.o)
                0x0000000000804014                isatty
 .text          0x00000000008040b8       0xec C:/Users/dulan/OneDrive/Desktop/ENGGEN/2023_sem2/303/COMPSYS303/project303_bsp/\libhal_bsp.a(alt_load.o)
                0x0000000000804120                alt_load
 .text          0x00000000008041a4      0x110 C:/Users/dulan/OneDrive/Desktop/ENGGEN/2023_sem2/303/COMPSYS303/project303_bsp/\libhal_bsp.a(alt_lseek.o)
                0x00000000008041e0                lseek
 .text          0x00000000008042b4       0x7c C:/Users/dulan/OneDrive/Desktop/ENGGEN/2023_sem2/303/COMPSYS303/project303_bsp/\libhal_bsp.a(alt_main.o)
                0x00000000008042b4                alt_main
 .text          0x0000000000804330       0x48 C:/Users/dulan/OneDrive/Desktop/ENGGEN/2023_sem2/303/COMPSYS303/project303_bsp/\libhal_bsp.a(alt_malloc_lock.o)
                0x0000000000804330                __malloc_lock
                0x0000000000804354                __malloc_unlock
 .text          0x0000000000804378      0x254 C:/Users/dulan/OneDrive/Desktop/ENGGEN/2023_sem2/303/COMPSYS303/project303_bsp/\libhal_bsp.a(alt_open.o)
                0x0000000000804478                open
 .text          0x00000000008045cc      0x138 C:/Users/dulan/OneDrive/Desktop/ENGGEN/2023_sem2/303/COMPSYS303/project303_bsp/\libhal_bsp.a(alt_read.o)
                0x0000000000804608                read
 .text          0x0000000000804704       0x64 C:/Users/dulan/OneDrive/Desktop/ENGGEN/2023_sem2/303/COMPSYS303/project303_bsp/\libhal_bsp.a(alt_release_fd.o)
                0x0000000000804704                alt_release_fd
 .text          0x0000000000804768       0xb0 C:/Users/dulan/OneDrive/Desktop/ENGGEN/2023_sem2/303/COMPSYS303/project303_bsp/\libhal_bsp.a(alt_sbrk.o)
                0x0000000000804768                sbrk
 .text          0x0000000000804818      0x134 C:/Users/dulan/OneDrive/Desktop/ENGGEN/2023_sem2/303/COMPSYS303/project303_bsp/\libhal_bsp.a(alt_write.o)
                0x0000000000804854                write
 .text          0x000000000080494c      0x104 C:/Users/dulan/OneDrive/Desktop/ENGGEN/2023_sem2/303/COMPSYS303/project303_bsp/\libhal_bsp.a(alt_sys_init.o)
                0x0000000000804980                alt_irq_init
                0x00000000008049b8                alt_sys_init
 .text          0x0000000000804a50      0x164 C:/Users/dulan/OneDrive/Desktop/ENGGEN/2023_sem2/303/COMPSYS303/project303_bsp/\libhal_bsp.a(altera_avalon_jtag_uart_fd.o)
                0x0000000000804a50                altera_avalon_jtag_uart_read_fd
                0x0000000000804ab0                altera_avalon_jtag_uart_write_fd
                0x0000000000804b10                altera_avalon_jtag_uart_close_fd
                0x0000000000804b60                altera_avalon_jtag_uart_ioctl_fd
 .text          0x0000000000804bb4      0x3d4 C:/Users/dulan/OneDrive/Desktop/ENGGEN/2023_sem2/303/COMPSYS303/project303_bsp/\libhal_bsp.a(altera_avalon_jtag_uart_init.o)
                0x0000000000804bb4                altera_avalon_jtag_uart_init
                0x0000000000804f20                altera_avalon_jtag_uart_close
 .text          0x0000000000804f88       0xf0 C:/Users/dulan/OneDrive/Desktop/ENGGEN/2023_sem2/303/COMPSYS303/project303_bsp/\libhal_bsp.a(altera_avalon_jtag_uart_ioctl.o)
                0x0000000000804f88                altera_avalon_jtag_uart_ioctl
 .text          0x0000000000805078      0x21c C:/Users/dulan/OneDrive/Desktop/ENGGEN/2023_sem2/303/COMPSYS303/project303_bsp/\libhal_bsp.a(altera_avalon_jtag_uart_read.o)
                0x0000000000805078                altera_avalon_jtag_uart_read
 .text          0x0000000000805294      0x224 C:/Users/dulan/OneDrive/Desktop/ENGGEN/2023_sem2/303/COMPSYS303/project303_bsp/\libhal_bsp.a(altera_avalon_jtag_uart_write.o)
                0x0000000000805294                altera_avalon_jtag_uart_write
 .text          0x00000000008054b8      0xe7c C:/Users/dulan/OneDrive/Desktop/ENGGEN/2023_sem2/303/COMPSYS303/project303_bsp/\libhal_bsp.a(altera_avalon_lcd_16207.o)
                0x0000000000805c7c                altera_avalon_lcd_16207_write
                0x0000000000806200                altera_avalon_lcd_16207_init
 .text          0x0000000000806334       0x60 C:/Users/dulan/OneDrive/Desktop/ENGGEN/2023_sem2/303/COMPSYS303/project303_bsp/\libhal_bsp.a(altera_avalon_lcd_16207_fd.o)
                0x0000000000806334                altera_avalon_lcd_16207_write_fd
 .text          0x0000000000806394       0xf4 C:/Users/dulan/OneDrive/Desktop/ENGGEN/2023_sem2/303/COMPSYS303/project303_bsp/\libhal_bsp.a(altera_avalon_timer_sc.o)
                0x000000000080640c                alt_avalon_timer_sc_init
 .text          0x0000000000806488      0x110 C:/Users/dulan/OneDrive/Desktop/ENGGEN/2023_sem2/303/COMPSYS303/project303_bsp/\libhal_bsp.a(altera_avalon_uart_fd.o)
                0x0000000000806488                altera_avalon_uart_read_fd
                0x00000000008064e8                altera_avalon_uart_write_fd
                0x0000000000806548                altera_avalon_uart_close_fd
 .text          0x0000000000806598      0x3c8 C:/Users/dulan/OneDrive/Desktop/ENGGEN/2023_sem2/303/COMPSYS303/project303_bsp/\libhal_bsp.a(altera_avalon_uart_init.o)
                0x0000000000806598                altera_avalon_uart_init
                0x000000000080690c                altera_avalon_uart_close
 .text          0x0000000000806960      0x218 C:/Users/dulan/OneDrive/Desktop/ENGGEN/2023_sem2/303/COMPSYS303/project303_bsp/\libhal_bsp.a(altera_avalon_uart_read.o)
                0x000000000080699c                altera_avalon_uart_read
 .text          0x0000000000806b78      0x1e8 C:/Users/dulan/OneDrive/Desktop/ENGGEN/2023_sem2/303/COMPSYS303/project303_bsp/\libhal_bsp.a(altera_avalon_uart_write.o)
                0x0000000000806bb4                altera_avalon_uart_write
 .text          0x0000000000806d60      0x12c C:/Users/dulan/OneDrive/Desktop/ENGGEN/2023_sem2/303/COMPSYS303/project303_bsp/\libhal_bsp.a(alt_alarm_start.o)
                0x0000000000806d60                alt_alarm_start
 .text          0x0000000000806e8c       0x48 C:/Users/dulan/OneDrive/Desktop/ENGGEN/2023_sem2/303/COMPSYS303/project303_bsp/\libhal_bsp.a(alt_dcache_flush_all.o)
                0x0000000000806e8c                alt_dcache_flush_all
 .text          0x0000000000806ed4       0xe0 C:/Users/dulan/OneDrive/Desktop/ENGGEN/2023_sem2/303/COMPSYS303/project303_bsp/\libhal_bsp.a(alt_dev_llist_insert.o)
                0x0000000000806f10                alt_dev_llist_insert
 .text          0x0000000000806fb4       0x60 C:/Users/dulan/OneDrive/Desktop/ENGGEN/2023_sem2/303/COMPSYS303/project303_bsp/\libhal_bsp.a(alt_do_ctors.o)
                0x0000000000806fb4                _do_ctors
 .text          0x0000000000807014       0x60 C:/Users/dulan/OneDrive/Desktop/ENGGEN/2023_sem2/303/COMPSYS303/project303_bsp/\libhal_bsp.a(alt_do_dtors.o)
                0x0000000000807014                _do_dtors
 .text          0x0000000000807074       0x90 C:/Users/dulan/OneDrive/Desktop/ENGGEN/2023_sem2/303/COMPSYS303/project303_bsp/\libhal_bsp.a(alt_find_dev.o)
                0x0000000000807074                alt_find_dev
 .text          0x0000000000807104      0x108 C:/Users/dulan/OneDrive/Desktop/ENGGEN/2023_sem2/303/COMPSYS303/project303_bsp/\libhal_bsp.a(alt_find_file.o)
                0x0000000000807104                alt_find_file
 .text          0x000000000080720c       0xa4 C:/Users/dulan/OneDrive/Desktop/ENGGEN/2023_sem2/303/COMPSYS303/project303_bsp/\libhal_bsp.a(alt_get_fd.o)
                0x000000000080720c                alt_get_fd
 .text          0x00000000008072b0       0x34 C:/Users/dulan/OneDrive/Desktop/ENGGEN/2023_sem2/303/COMPSYS303/project303_bsp/\libhal_bsp.a(alt_icache_flush_all.o)
                0x00000000008072b0                alt_icache_flush_all
 .text          0x00000000008072e4      0x1b0 C:/Users/dulan/OneDrive/Desktop/ENGGEN/2023_sem2/303/COMPSYS303/project303_bsp/\libhal_bsp.a(alt_iic.o)
                0x00000000008072e4                alt_ic_isr_register
                0x0000000000807334                alt_ic_irq_enable
                0x00000000008073bc                alt_ic_irq_disable
                0x0000000000807448                alt_ic_irq_enabled
 .text          0x0000000000807494       0xf0 C:/Users/dulan/OneDrive/Desktop/ENGGEN/2023_sem2/303/COMPSYS303/project303_bsp/\libhal_bsp.a(alt_iic_isr_register.o)
                0x0000000000807494                alt_iic_isr_register
 .text          0x0000000000807584      0x140 C:/Users/dulan/OneDrive/Desktop/ENGGEN/2023_sem2/303/COMPSYS303/project303_bsp/\libhal_bsp.a(alt_io_redirect.o)
                0x0000000000807648                alt_io_redirect
 .text          0x00000000008076c4        0x0 C:/Users/dulan/OneDrive/Desktop/ENGGEN/2023_sem2/303/COMPSYS303/project303_bsp/\libhal_bsp.a(alt_irq_entry.o)
 .text          0x00000000008076c4        0x0 C:/Users/dulan/OneDrive/Desktop/ENGGEN/2023_sem2/303/COMPSYS303/project303_bsp/\libhal_bsp.a(alt_irq_handler.o)
 .text          0x00000000008076c4        0x0 C:/Users/dulan/OneDrive/Desktop/ENGGEN/2023_sem2/303/COMPSYS303/project303_bsp/\libhal_bsp.a(alt_irq_vars.o)
 .text          0x00000000008076c4      0x1a4 C:/Users/dulan/OneDrive/Desktop/ENGGEN/2023_sem2/303/COMPSYS303/project303_bsp/\libhal_bsp.a(alt_tick.o)
                0x00000000008076c4                alt_alarm_stop
                0x0000000000807760                alt_tick
 .text          0x0000000000807868       0x30 C:/Users/dulan/OneDrive/Desktop/ENGGEN/2023_sem2/303/COMPSYS303/project303_bsp/\libhal_bsp.a(alt_usleep.o)
                0x0000000000807868                usleep
 .text          0x0000000000807898       0x24 C:/Users/dulan/OneDrive/Desktop/ENGGEN/2023_sem2/303/COMPSYS303/project303_bsp/\libhal_bsp.a(altera_nios2_gen2_irq.o)
                0x0000000000807898                altera_nios2_gen2_irq_init
 .text          0x00000000008078bc      0x158 C:/Users/dulan/OneDrive/Desktop/ENGGEN/2023_sem2/303/COMPSYS303/project303_bsp/\libhal_bsp.a(alt_busy_sleep.o)
                0x00000000008078bc                alt_busy_sleep
 .text          0x0000000000807a14        0x0 C:/Users/dulan/OneDrive/Desktop/ENGGEN/2023_sem2/303/COMPSYS303/project303_bsp/\libhal_bsp.a(alt_exception_entry.o)
 .text          0x0000000000807a14       0x90 C:/Users/dulan/OneDrive/Desktop/ENGGEN/2023_sem2/303/COMPSYS303/project303_bsp/\libhal_bsp.a(alt_icache_flush.o)
                0x0000000000807a14                alt_icache_flush
 .text          0x0000000000807aa4       0x9c C:/Users/dulan/OneDrive/Desktop/ENGGEN/2023_sem2/303/COMPSYS303/project303_bsp/\libhal_bsp.a(alt_instruction_exception_entry.o)
                0x0000000000807aa4                alt_exception_cause_generated_bad_addr
 .text          0x0000000000807b40        0x0 c:/intelfpga_lite/18.1/nios2eds/bin/gnu/h-x86_64-mingw32/bin/../lib/gcc/nios2-elf/5.3.0/../../../../../H-x86_64-mingw32/nios2-elf/lib\libc.a(lib_a-atexit.o)
 .text.atexit   0x0000000000807b40       0x14 c:/intelfpga_lite/18.1/nios2eds/bin/gnu/h-x86_64-mingw32/bin/../lib/gcc/nios2-elf/5.3.0/../../../../../H-x86_64-mingw32/nios2-elf/lib\libc.a(lib_a-atexit.o)
                0x0000000000807b40                atexit
 .text          0x0000000000807b54        0x0 c:/intelfpga_lite/18.1/nios2eds/bin/gnu/h-x86_64-mingw32/bin/../lib/gcc/nios2-elf/5.3.0/../../../../../H-x86_64-mingw32/nios2-elf/lib\libc.a(lib_a-ctype_.o)
 .text          0x0000000000807b54        0x0 c:/intelfpga_lite/18.1/nios2eds/bin/gnu/h-x86_64-mingw32/bin/../lib/gcc/nios2-elf/5.3.0/../../../../../H-x86_64-mingw32/nios2-elf/lib\libc.a(lib_a-exit.o)
 .text.exit     0x0000000000807b54       0x38 c:/intelfpga_lite/18.1/nios2eds/bin/gnu/h-x86_64-mingw32/bin/../lib/gcc/nios2-elf/5.3.0/../../../../../H-x86_64-mingw32/nios2-elf/lib\libc.a(lib_a-exit.o)
                0x0000000000807b54                exit
 .text          0x0000000000807b8c        0x0 c:/intelfpga_lite/18.1/nios2eds/bin/gnu/h-x86_64-mingw32/bin/../lib/gcc/nios2-elf/5.3.0/../../../../../H-x86_64-mingw32/nios2-elf/lib\libc.a(lib_a-memcmp.o)
 .text.memcmp   0x0000000000807b8c       0x7c c:/intelfpga_lite/18.1/nios2eds/bin/gnu/h-x86_64-mingw32/bin/../lib/gcc/nios2-elf/5.3.0/../../../../../H-x86_64-mingw32/nios2-elf/lib\libc.a(lib_a-memcmp.o)
                0x0000000000807b8c                memcmp
 .text          0x0000000000807c08        0x0 c:/intelfpga_lite/18.1/nios2eds/bin/gnu/h-x86_64-mingw32/bin/../lib/gcc/nios2-elf/5.3.0/../../../../../H-x86_64-mingw32/nios2-elf/lib\libc.a(lib_a-__atexit.o)
 .text.__register_exitproc
                0x0000000000807c08      0x118 c:/intelfpga_lite/18.1/nios2eds/bin/gnu/h-x86_64-mingw32/bin/../lib/gcc/nios2-elf/5.3.0/../../../../../H-x86_64-mingw32/nios2-elf/lib\libc.a(lib_a-__atexit.o)
                0x0000000000807c08                __register_exitproc
 .text          0x0000000000807d20        0x0 c:/intelfpga_lite/18.1/nios2eds/bin/gnu/h-x86_64-mingw32/bin/../lib/gcc/nios2-elf/5.3.0/../../../../../H-x86_64-mingw32/nios2-elf/lib\libc.a(lib_a-__call_atexit.o)
 .text.__call_exitprocs
                0x0000000000807d20      0x180 c:/intelfpga_lite/18.1/nios2eds/bin/gnu/h-x86_64-mingw32/bin/../lib/gcc/nios2-elf/5.3.0/../../../../../H-x86_64-mingw32/nios2-elf/lib\libc.a(lib_a-__call_atexit.o)
                0x0000000000807d20                __call_exitprocs
 .text          0x0000000000807ea0       0x34 C:/Users/dulan/OneDrive/Desktop/ENGGEN/2023_sem2/303/COMPSYS303/project303_bsp/\libhal_bsp.a(alt_exit.o)
                0x0000000000807ea0                _exit
 *(.gnu.warning.*)
 *(.fini)
                [!provide]                        PROVIDE (__etext, ABSOLUTE (.))
                [!provide]                        PROVIDE (_etext, ABSOLUTE (.))
                [!provide]                        PROVIDE (etext, ABSOLUTE (.))
 *(.eh_frame_hdr)
                0x0000000000807ed4                . = ALIGN (0x4)
                [!provide]                        PROVIDE (__preinit_array_start, ABSOLUTE (.))
 *(.preinit_array)
                [!provide]                        PROVIDE (__preinit_array_end, ABSOLUTE (.))
                [!provide]                        PROVIDE (__init_array_start, ABSOLUTE (.))
 *(.init_array)
                [!provide]                        PROVIDE (__init_array_end, ABSOLUTE (.))
                [!provide]                        PROVIDE (__fini_array_start, ABSOLUTE (.))
 *(.fini_array)
                [!provide]                        PROVIDE (__fini_array_end, ABSOLUTE (.))
 *(.eh_frame)
 *(.gcc_except_table .gcc_except_table.*)
 *(.dynamic)
                0x0000000000807ed4                PROVIDE (__CTOR_LIST__, ABSOLUTE (.))
 *(.ctors)
 *(SORT(.ctors.*))
                0x0000000000807ed4                PROVIDE (__CTOR_END__, ABSOLUTE (.))
                0x0000000000807ed4                PROVIDE (__DTOR_LIST__, ABSOLUTE (.))
 *(.dtors)
 *(SORT(.dtors.*))
                0x0000000000807ed4                PROVIDE (__DTOR_END__, ABSOLUTE (.))
 *(.jcr)
                0x0000000000807ed4                . = ALIGN (0x4)

.rodata         0x0000000000807ed4      0x300
                0x0000000000807ed4                PROVIDE (__ram_rodata_start, ABSOLUTE (.))
                0x0000000000807ed4                . = ALIGN (0x4)
 *(.rodata .rodata.* .gnu.linkonce.r.*)
 .rodata        0x0000000000807ed4       0x31 obj/default/hello_world.o
 *fill*         0x0000000000807f05        0x3 
 .rodata.str1.4
                0x0000000000807f08        0x2 c:/intelfpga_lite/18.1/nios2eds/bin/gnu/h-x86_64-mingw32/bin/../lib/gcc/nios2-elf/5.3.0/../../../../../H-x86_64-mingw32/nios2-elf/lib\libc.a(lib_a-impure.o)
 *fill*         0x0000000000807f0a        0x2 
 .rodata.str1.4
                0x0000000000807f0c        0x4 c:/intelfpga_lite/18.1/nios2eds/bin/gnu/h-x86_64-mingw32/bin/../lib/gcc/nios2-elf/5.3.0/../../../../../H-x86_64-mingw32/nios2-elf/lib\libc.a(lib_a-puts.o)
                                          0x2 (size before relaxing)
 .rodata        0x0000000000807f10        0xa C:/Users/dulan/OneDrive/Desktop/ENGGEN/2023_sem2/303/COMPSYS303/project303_bsp/\libhal_bsp.a(alt_dev.o)
 *fill*         0x0000000000807f1a        0x2 
 .rodata        0x0000000000807f1c        0xf C:/Users/dulan/OneDrive/Desktop/ENGGEN/2023_sem2/303/COMPSYS303/project303_bsp/\libhal_bsp.a(alt_main.o)
 *fill*         0x0000000000807f2b        0x1 
 .rodata        0x0000000000807f2c       0x26 C:/Users/dulan/OneDrive/Desktop/ENGGEN/2023_sem2/303/COMPSYS303/project303_bsp/\libhal_bsp.a(alt_sys_init.o)
 .rodata._ctype_
                0x0000000000807f52      0x101 c:/intelfpga_lite/18.1/nios2eds/bin/gnu/h-x86_64-mingw32/bin/../lib/gcc/nios2-elf/5.3.0/../../../../../H-x86_64-mingw32/nios2-elf/lib\libc.a(lib_a-ctype_.o)
                0x0000000000807f52                _ctype_
 .rodata._ctype_b
                0x0000000000808053      0x180 c:/intelfpga_lite/18.1/nios2eds/bin/gnu/h-x86_64-mingw32/bin/../lib/gcc/nios2-elf/5.3.0/../../../../../H-x86_64-mingw32/nios2-elf/lib\libc.a(lib_a-ctype_.o)
 *(.rodata1)
                0x00000000008081d4                . = ALIGN (0x4)
 *fill*         0x00000000008081d3        0x1 
                0x00000000008081d4                PROVIDE (__ram_rodata_end, ABSOLUTE (.))
                0x0000000000807ed4                PROVIDE (__flash_rodata_start, LOADADDR (.rodata))

.rwdata         0x00000000008081d4     0x1c58 load address 0x0000000000809e2c
                0x00000000008081d4                PROVIDE (__ram_rwdata_start, ABSOLUTE (.))
                0x00000000008081d4                . = ALIGN (0x4)
 *(.got.plt)
 *(.got)
 *(.data1)
 *(.data .data.* .gnu.linkonce.d.*)
 .data          0x00000000008081d4        0x0 C:/Users/dulan/OneDrive/Desktop/ENGGEN/2023_sem2/303/COMPSYS303/project303_bsp//obj/HAL/src/crt0.o
 .data          0x00000000008081d4        0x0 obj/default/hello_world.o
 .data          0x00000000008081d4        0x0 c:/intelfpga_lite/18.1/nios2eds/bin/gnu/h-x86_64-mingw32/bin/../lib/gcc/nios2-elf/5.3.0/../../../../../H-x86_64-mingw32/nios2-elf/lib\libc.a(lib_a-fclose.o)
 .data          0x00000000008081d4        0x0 c:/intelfpga_lite/18.1/nios2eds/bin/gnu/h-x86_64-mingw32/bin/../lib/gcc/nios2-elf/5.3.0/../../../../../H-x86_64-mingw32/nios2-elf/lib\libc.a(lib_a-fflush.o)
 .data          0x00000000008081d4        0x0 c:/intelfpga_lite/18.1/nios2eds/bin/gnu/h-x86_64-mingw32/bin/../lib/gcc/nios2-elf/5.3.0/../../../../../H-x86_64-mingw32/nios2-elf/lib\libc.a(lib_a-fgetc.o)
 .data          0x00000000008081d4        0x0 c:/intelfpga_lite/18.1/nios2eds/bin/gnu/h-x86_64-mingw32/bin/../lib/gcc/nios2-elf/5.3.0/../../../../../H-x86_64-mingw32/nios2-elf/lib\libc.a(lib_a-findfp.o)
 .data          0x00000000008081d4        0x0 c:/intelfpga_lite/18.1/nios2eds/bin/gnu/h-x86_64-mingw32/bin/../lib/gcc/nios2-elf/5.3.0/../../../../../H-x86_64-mingw32/nios2-elf/lib\libc.a(lib_a-fopen.o)
 .data          0x00000000008081d4        0x0 c:/intelfpga_lite/18.1/nios2eds/bin/gnu/h-x86_64-mingw32/bin/../lib/gcc/nios2-elf/5.3.0/../../../../../H-x86_64-mingw32/nios2-elf/lib\libc.a(lib_a-freer.o)
 .data          0x00000000008081d4        0x0 c:/intelfpga_lite/18.1/nios2eds/bin/gnu/h-x86_64-mingw32/bin/../lib/gcc/nios2-elf/5.3.0/../../../../../H-x86_64-mingw32/nios2-elf/lib\libc.a(lib_a-fseek.o)
 .data          0x00000000008081d4        0x0 c:/intelfpga_lite/18.1/nios2eds/bin/gnu/h-x86_64-mingw32/bin/../lib/gcc/nios2-elf/5.3.0/../../../../../H-x86_64-mingw32/nios2-elf/lib\libc.a(lib_a-fseeko.o)
 .data          0x00000000008081d4        0x0 c:/intelfpga_lite/18.1/nios2eds/bin/gnu/h-x86_64-mingw32/bin/../lib/gcc/nios2-elf/5.3.0/../../../../../H-x86_64-mingw32/nios2-elf/lib\libc.a(lib_a-fstatr.o)
 .data          0x00000000008081d4        0x0 c:/intelfpga_lite/18.1/nios2eds/bin/gnu/h-x86_64-mingw32/bin/../lib/gcc/nios2-elf/5.3.0/../../../../../H-x86_64-mingw32/nios2-elf/lib\libc.a(lib_a-fwalk.o)
 .data          0x00000000008081d4        0x0 c:/intelfpga_lite/18.1/nios2eds/bin/gnu/h-x86_64-mingw32/bin/../lib/gcc/nios2-elf/5.3.0/../../../../../H-x86_64-mingw32/nios2-elf/lib\libc.a(lib_a-impure.o)
 .data.impure_data
                0x00000000008081d4      0x424 c:/intelfpga_lite/18.1/nios2eds/bin/gnu/h-x86_64-mingw32/bin/../lib/gcc/nios2-elf/5.3.0/../../../../../H-x86_64-mingw32/nios2-elf/lib\libc.a(lib_a-impure.o)
 .data          0x00000000008085f8        0x0 c:/intelfpga_lite/18.1/nios2eds/bin/gnu/h-x86_64-mingw32/bin/../lib/gcc/nios2-elf/5.3.0/../../../../../H-x86_64-mingw32/nios2-elf/lib\libc.a(lib_a-int_errno.o)
 .data          0x00000000008085f8        0x0 c:/intelfpga_lite/18.1/nios2eds/bin/gnu/h-x86_64-mingw32/bin/../lib/gcc/nios2-elf/5.3.0/../../../../../H-x86_64-mingw32/nios2-elf/lib\libc.a(lib_a-makebuf.o)
 .data          0x00000000008085f8        0x0 c:/intelfpga_lite/18.1/nios2eds/bin/gnu/h-x86_64-mingw32/bin/../lib/gcc/nios2-elf/5.3.0/../../../../../H-x86_64-mingw32/nios2-elf/lib\libc.a(lib_a-mallocr.o)
 .data.__malloc_av_
                0x00000000008085f8      0x408 c:/intelfpga_lite/18.1/nios2eds/bin/gnu/h-x86_64-mingw32/bin/../lib/gcc/nios2-elf/5.3.0/../../../../../H-x86_64-mingw32/nios2-elf/lib\libc.a(lib_a-mallocr.o)
                0x00000000008085f8                __malloc_av_
 .data          0x0000000000808a00        0x0 c:/intelfpga_lite/18.1/nios2eds/bin/gnu/h-x86_64-mingw32/bin/../lib/gcc/nios2-elf/5.3.0/../../../../../H-x86_64-mingw32/nios2-elf/lib\libc.a(lib_a-memset.o)
 .data          0x0000000000808a00        0x0 c:/intelfpga_lite/18.1/nios2eds/bin/gnu/h-x86_64-mingw32/bin/../lib/gcc/nios2-elf/5.3.0/../../../../../H-x86_64-mingw32/nios2-elf/lib\libc.a(lib_a-openr.o)
 .data          0x0000000000808a00        0x0 c:/intelfpga_lite/18.1/nios2eds/bin/gnu/h-x86_64-mingw32/bin/../lib/gcc/nios2-elf/5.3.0/../../../../../H-x86_64-mingw32/nios2-elf/lib\libc.a(lib_a-putc.o)
 .data          0x0000000000808a00        0x0 c:/intelfpga_lite/18.1/nios2eds/bin/gnu/h-x86_64-mingw32/bin/../lib/gcc/nios2-elf/5.3.0/../../../../../H-x86_64-mingw32/nios2-elf/lib\libc.a(lib_a-puts.o)
 .data          0x0000000000808a00        0x0 c:/intelfpga_lite/18.1/nios2eds/bin/gnu/h-x86_64-mingw32/bin/../lib/gcc/nios2-elf/5.3.0/../../../../../H-x86_64-mingw32/nios2-elf/lib\libc.a(lib_a-refill.o)
 .data          0x0000000000808a00        0x0 c:/intelfpga_lite/18.1/nios2eds/bin/gnu/h-x86_64-mingw32/bin/../lib/gcc/nios2-elf/5.3.0/../../../../../H-x86_64-mingw32/nios2-elf/lib\libc.a(lib_a-rget.o)
 .data          0x0000000000808a00        0x0 c:/intelfpga_lite/18.1/nios2eds/bin/gnu/h-x86_64-mingw32/bin/../lib/gcc/nios2-elf/5.3.0/../../../../../H-x86_64-mingw32/nios2-elf/lib\libc.a(lib_a-sbrkr.o)
 .data          0x0000000000808a00        0x0 c:/intelfpga_lite/18.1/nios2eds/bin/gnu/h-x86_64-mingw32/bin/../lib/gcc/nios2-elf/5.3.0/../../../../../H-x86_64-mingw32/nios2-elf/lib\libc.a(lib_a-stdio.o)
 .data          0x0000000000808a00        0x0 c:/intelfpga_lite/18.1/nios2eds/bin/gnu/h-x86_64-mingw32/bin/../lib/gcc/nios2-elf/5.3.0/../../../../../H-x86_64-mingw32/nios2-elf/lib\libc.a(lib_a-strlen.o)
 .data          0x0000000000808a00        0x0 c:/intelfpga_lite/18.1/nios2eds/bin/gnu/h-x86_64-mingw32/bin/../lib/gcc/nios2-elf/5.3.0/../../../../../H-x86_64-mingw32/nios2-elf/lib\libc.a(lib_a-wbuf.o)
 .data          0x0000000000808a00        0x0 c:/intelfpga_lite/18.1/nios2eds/bin/gnu/h-x86_64-mingw32/bin/../lib/gcc/nios2-elf/5.3.0/../../../../../H-x86_64-mingw32/nios2-elf/lib\libc.a(lib_a-writer.o)
 .data          0x0000000000808a00        0x0 c:/intelfpga_lite/18.1/nios2eds/bin/gnu/h-x86_64-mingw32/bin/../lib/gcc/nios2-elf/5.3.0/../../../../../H-x86_64-mingw32/nios2-elf/lib\libc.a(lib_a-wsetup.o)
 .data          0x0000000000808a00        0x0 c:/intelfpga_lite/18.1/nios2eds/bin/gnu/h-x86_64-mingw32/bin/../lib/gcc/nios2-elf/5.3.0/../../../../../H-x86_64-mingw32/nios2-elf/lib\libc.a(closer.o)
 .data          0x0000000000808a00        0x0 c:/intelfpga_lite/18.1/nios2eds/bin/gnu/h-x86_64-mingw32/bin/../lib/gcc/nios2-elf/5.3.0/../../../../../H-x86_64-mingw32/nios2-elf/lib\libc.a(lib_a-flags.o)
 .data          0x0000000000808a00        0x0 c:/intelfpga_lite/18.1/nios2eds/bin/gnu/h-x86_64-mingw32/bin/../lib/gcc/nios2-elf/5.3.0/../../../../../H-x86_64-mingw32/nios2-elf/lib\libc.a(lib_a-fvwrite.o)
 .data          0x0000000000808a00        0x0 c:/intelfpga_lite/18.1/nios2eds/bin/gnu/h-x86_64-mingw32/bin/../lib/gcc/nios2-elf/5.3.0/../../../../../H-x86_64-mingw32/nios2-elf/lib\libc.a(lib_a-isattyr.o)
 .data          0x0000000000808a00        0x0 c:/intelfpga_lite/18.1/nios2eds/bin/gnu/h-x86_64-mingw32/bin/../lib/gcc/nios2-elf/5.3.0/../../../../../H-x86_64-mingw32/nios2-elf/lib\libc.a(lib_a-lseekr.o)
 .data          0x0000000000808a00        0x0 c:/intelfpga_lite/18.1/nios2eds/bin/gnu/h-x86_64-mingw32/bin/../lib/gcc/nios2-elf/5.3.0/../../../../../H-x86_64-mingw32/nios2-elf/lib\libc.a(lib_a-memchr.o)
 .data          0x0000000000808a00        0x0 c:/intelfpga_lite/18.1/nios2eds/bin/gnu/h-x86_64-mingw32/bin/../lib/gcc/nios2-elf/5.3.0/../../../../../H-x86_64-mingw32/nios2-elf/lib\libc.a(lib_a-memcpy.o)
 .data          0x0000000000808a00        0x0 c:/intelfpga_lite/18.1/nios2eds/bin/gnu/h-x86_64-mingw32/bin/../lib/gcc/nios2-elf/5.3.0/../../../../../H-x86_64-mingw32/nios2-elf/lib\libc.a(lib_a-memmove.o)
 .data          0x0000000000808a00        0x0 c:/intelfpga_lite/18.1/nios2eds/bin/gnu/h-x86_64-mingw32/bin/../lib/gcc/nios2-elf/5.3.0/../../../../../H-x86_64-mingw32/nios2-elf/lib\libc.a(lib_a-readr.o)
 .data          0x0000000000808a00        0x0 c:/intelfpga_lite/18.1/nios2eds/bin/gnu/h-x86_64-mingw32/bin/../lib/gcc/nios2-elf/5.3.0/../../../../../H-x86_64-mingw32/nios2-elf/lib\libc.a(lib_a-reallocr.o)
 .data          0x0000000000808a00        0x0 c:/intelfpga_lite/18.1/nios2eds/bin/gnu/h-x86_64-mingw32/bin/../lib/gcc/nios2-elf/5.3.0\libgcc.a(lib2-divmod.o)
 .data          0x0000000000808a00        0x0 C:/Users/dulan/OneDrive/Desktop/ENGGEN/2023_sem2/303/COMPSYS303/project303_bsp/\libhal_bsp.a(alt_close.o)
 .data          0x0000000000808a00      0x1a8 C:/Users/dulan/OneDrive/Desktop/ENGGEN/2023_sem2/303/COMPSYS303/project303_bsp/\libhal_bsp.a(alt_dev.o)
                0x0000000000808a00                alt_dev_null
                0x0000000000808a28                alt_fd_list
 .data          0x0000000000808ba8        0x0 C:/Users/dulan/OneDrive/Desktop/ENGGEN/2023_sem2/303/COMPSYS303/project303_bsp/\libhal_bsp.a(alt_errno.o)
 .data          0x0000000000808ba8        0x0 C:/Users/dulan/OneDrive/Desktop/ENGGEN/2023_sem2/303/COMPSYS303/project303_bsp/\libhal_bsp.a(alt_fstat.o)
 .data          0x0000000000808ba8        0x0 C:/Users/dulan/OneDrive/Desktop/ENGGEN/2023_sem2/303/COMPSYS303/project303_bsp/\libhal_bsp.a(alt_isatty.o)
 .data          0x0000000000808ba8        0x0 C:/Users/dulan/OneDrive/Desktop/ENGGEN/2023_sem2/303/COMPSYS303/project303_bsp/\libhal_bsp.a(alt_load.o)
 .data          0x0000000000808ba8        0x0 C:/Users/dulan/OneDrive/Desktop/ENGGEN/2023_sem2/303/COMPSYS303/project303_bsp/\libhal_bsp.a(alt_lseek.o)
 .data          0x0000000000808ba8        0x0 C:/Users/dulan/OneDrive/Desktop/ENGGEN/2023_sem2/303/COMPSYS303/project303_bsp/\libhal_bsp.a(alt_main.o)
 .data          0x0000000000808ba8        0x0 C:/Users/dulan/OneDrive/Desktop/ENGGEN/2023_sem2/303/COMPSYS303/project303_bsp/\libhal_bsp.a(alt_malloc_lock.o)
 .data          0x0000000000808ba8        0x0 C:/Users/dulan/OneDrive/Desktop/ENGGEN/2023_sem2/303/COMPSYS303/project303_bsp/\libhal_bsp.a(alt_open.o)
 .data          0x0000000000808ba8        0x0 C:/Users/dulan/OneDrive/Desktop/ENGGEN/2023_sem2/303/COMPSYS303/project303_bsp/\libhal_bsp.a(alt_read.o)
 .data          0x0000000000808ba8        0x0 C:/Users/dulan/OneDrive/Desktop/ENGGEN/2023_sem2/303/COMPSYS303/project303_bsp/\libhal_bsp.a(alt_release_fd.o)
 .data          0x0000000000808ba8        0x0 C:/Users/dulan/OneDrive/Desktop/ENGGEN/2023_sem2/303/COMPSYS303/project303_bsp/\libhal_bsp.a(alt_sbrk.o)
 .data          0x0000000000808ba8        0x0 C:/Users/dulan/OneDrive/Desktop/ENGGEN/2023_sem2/303/COMPSYS303/project303_bsp/\libhal_bsp.a(alt_write.o)
 .data          0x0000000000808ba8     0x1244 C:/Users/dulan/OneDrive/Desktop/ENGGEN/2023_sem2/303/COMPSYS303/project303_bsp/\libhal_bsp.a(alt_sys_init.o)
 .data          0x0000000000809dec        0x0 C:/Users/dulan/OneDrive/Desktop/ENGGEN/2023_sem2/303/COMPSYS303/project303_bsp/\libhal_bsp.a(altera_avalon_jtag_uart_fd.o)
 .data          0x0000000000809dec        0x0 C:/Users/dulan/OneDrive/Desktop/ENGGEN/2023_sem2/303/COMPSYS303/project303_bsp/\libhal_bsp.a(altera_avalon_jtag_uart_init.o)
 .data          0x0000000000809dec        0x0 C:/Users/dulan/OneDrive/Desktop/ENGGEN/2023_sem2/303/COMPSYS303/project303_bsp/\libhal_bsp.a(altera_avalon_jtag_uart_ioctl.o)
 .data          0x0000000000809dec        0x0 C:/Users/dulan/OneDrive/Desktop/ENGGEN/2023_sem2/303/COMPSYS303/project303_bsp/\libhal_bsp.a(altera_avalon_jtag_uart_read.o)
 .data          0x0000000000809dec        0x0 C:/Users/dulan/OneDrive/Desktop/ENGGEN/2023_sem2/303/COMPSYS303/project303_bsp/\libhal_bsp.a(altera_avalon_jtag_uart_write.o)
 .data          0x0000000000809dec        0x0 C:/Users/dulan/OneDrive/Desktop/ENGGEN/2023_sem2/303/COMPSYS303/project303_bsp/\libhal_bsp.a(altera_avalon_lcd_16207.o)
 .data          0x0000000000809dec        0x0 C:/Users/dulan/OneDrive/Desktop/ENGGEN/2023_sem2/303/COMPSYS303/project303_bsp/\libhal_bsp.a(altera_avalon_lcd_16207_fd.o)
 .data          0x0000000000809dec        0x0 C:/Users/dulan/OneDrive/Desktop/ENGGEN/2023_sem2/303/COMPSYS303/project303_bsp/\libhal_bsp.a(altera_avalon_timer_sc.o)
 .data          0x0000000000809dec        0x0 C:/Users/dulan/OneDrive/Desktop/ENGGEN/2023_sem2/303/COMPSYS303/project303_bsp/\libhal_bsp.a(altera_avalon_uart_fd.o)
 .data          0x0000000000809dec        0x0 C:/Users/dulan/OneDrive/Desktop/ENGGEN/2023_sem2/303/COMPSYS303/project303_bsp/\libhal_bsp.a(altera_avalon_uart_init.o)
 .data          0x0000000000809dec        0x0 C:/Users/dulan/OneDrive/Desktop/ENGGEN/2023_sem2/303/COMPSYS303/project303_bsp/\libhal_bsp.a(altera_avalon_uart_read.o)
 .data          0x0000000000809dec        0x0 C:/Users/dulan/OneDrive/Desktop/ENGGEN/2023_sem2/303/COMPSYS303/project303_bsp/\libhal_bsp.a(altera_avalon_uart_write.o)
 .data          0x0000000000809dec        0x0 C:/Users/dulan/OneDrive/Desktop/ENGGEN/2023_sem2/303/COMPSYS303/project303_bsp/\libhal_bsp.a(alt_alarm_start.o)
 .data          0x0000000000809dec        0x0 C:/Users/dulan/OneDrive/Desktop/ENGGEN/2023_sem2/303/COMPSYS303/project303_bsp/\libhal_bsp.a(alt_dcache_flush_all.o)
 .data          0x0000000000809dec        0x0 C:/Users/dulan/OneDrive/Desktop/ENGGEN/2023_sem2/303/COMPSYS303/project303_bsp/\libhal_bsp.a(alt_dev_llist_insert.o)
 .data          0x0000000000809dec        0x0 C:/Users/dulan/OneDrive/Desktop/ENGGEN/2023_sem2/303/COMPSYS303/project303_bsp/\libhal_bsp.a(alt_do_ctors.o)
 .data          0x0000000000809dec        0x0 C:/Users/dulan/OneDrive/Desktop/ENGGEN/2023_sem2/303/COMPSYS303/project303_bsp/\libhal_bsp.a(alt_do_dtors.o)
 .data          0x0000000000809dec        0x0 C:/Users/dulan/OneDrive/Desktop/ENGGEN/2023_sem2/303/COMPSYS303/project303_bsp/\libhal_bsp.a(alt_find_dev.o)
 .data          0x0000000000809dec        0x0 C:/Users/dulan/OneDrive/Desktop/ENGGEN/2023_sem2/303/COMPSYS303/project303_bsp/\libhal_bsp.a(alt_find_file.o)
 .data          0x0000000000809dec        0x0 C:/Users/dulan/OneDrive/Desktop/ENGGEN/2023_sem2/303/COMPSYS303/project303_bsp/\libhal_bsp.a(alt_get_fd.o)
 .data          0x0000000000809dec        0x0 C:/Users/dulan/OneDrive/Desktop/ENGGEN/2023_sem2/303/COMPSYS303/project303_bsp/\libhal_bsp.a(alt_icache_flush_all.o)
 .data          0x0000000000809dec        0x0 C:/Users/dulan/OneDrive/Desktop/ENGGEN/2023_sem2/303/COMPSYS303/project303_bsp/\libhal_bsp.a(alt_iic.o)
 .data          0x0000000000809dec        0x0 C:/Users/dulan/OneDrive/Desktop/ENGGEN/2023_sem2/303/COMPSYS303/project303_bsp/\libhal_bsp.a(alt_iic_isr_register.o)
 .data          0x0000000000809dec        0x0 C:/Users/dulan/OneDrive/Desktop/ENGGEN/2023_sem2/303/COMPSYS303/project303_bsp/\libhal_bsp.a(alt_io_redirect.o)
 .data          0x0000000000809dec        0x0 C:/Users/dulan/OneDrive/Desktop/ENGGEN/2023_sem2/303/COMPSYS303/project303_bsp/\libhal_bsp.a(alt_irq_entry.o)
 .data          0x0000000000809dec        0x0 C:/Users/dulan/OneDrive/Desktop/ENGGEN/2023_sem2/303/COMPSYS303/project303_bsp/\libhal_bsp.a(alt_irq_handler.o)
 .data          0x0000000000809dec        0x0 C:/Users/dulan/OneDrive/Desktop/ENGGEN/2023_sem2/303/COMPSYS303/project303_bsp/\libhal_bsp.a(alt_irq_vars.o)
 .data          0x0000000000809dec        0x0 C:/Users/dulan/OneDrive/Desktop/ENGGEN/2023_sem2/303/COMPSYS303/project303_bsp/\libhal_bsp.a(alt_tick.o)
 .data          0x0000000000809dec        0x0 C:/Users/dulan/OneDrive/Desktop/ENGGEN/2023_sem2/303/COMPSYS303/project303_bsp/\libhal_bsp.a(alt_usleep.o)
 .data          0x0000000000809dec        0x0 C:/Users/dulan/OneDrive/Desktop/ENGGEN/2023_sem2/303/COMPSYS303/project303_bsp/\libhal_bsp.a(altera_nios2_gen2_irq.o)
 .data          0x0000000000809dec        0x0 C:/Users/dulan/OneDrive/Desktop/ENGGEN/2023_sem2/303/COMPSYS303/project303_bsp/\libhal_bsp.a(alt_busy_sleep.o)
 .data          0x0000000000809dec        0x0 C:/Users/dulan/OneDrive/Desktop/ENGGEN/2023_sem2/303/COMPSYS303/project303_bsp/\libhal_bsp.a(alt_exception_entry.o)
 .data          0x0000000000809dec        0x0 C:/Users/dulan/OneDrive/Desktop/ENGGEN/2023_sem2/303/COMPSYS303/project303_bsp/\libhal_bsp.a(alt_icache_flush.o)
 .data          0x0000000000809dec        0x0 C:/Users/dulan/OneDrive/Desktop/ENGGEN/2023_sem2/303/COMPSYS303/project303_bsp/\libhal_bsp.a(alt_instruction_exception_entry.o)
 .data          0x0000000000809dec        0x0 c:/intelfpga_lite/18.1/nios2eds/bin/gnu/h-x86_64-mingw32/bin/../lib/gcc/nios2-elf/5.3.0/../../../../../H-x86_64-mingw32/nios2-elf/lib\libc.a(lib_a-atexit.o)
 .data          0x0000000000809dec        0x0 c:/intelfpga_lite/18.1/nios2eds/bin/gnu/h-x86_64-mingw32/bin/../lib/gcc/nios2-elf/5.3.0/../../../../../H-x86_64-mingw32/nios2-elf/lib\libc.a(lib_a-ctype_.o)
 .data          0x0000000000809dec        0x0 c:/intelfpga_lite/18.1/nios2eds/bin/gnu/h-x86_64-mingw32/bin/../lib/gcc/nios2-elf/5.3.0/../../../../../H-x86_64-mingw32/nios2-elf/lib\libc.a(lib_a-exit.o)
 .data          0x0000000000809dec        0x0 c:/intelfpga_lite/18.1/nios2eds/bin/gnu/h-x86_64-mingw32/bin/../lib/gcc/nios2-elf/5.3.0/../../../../../H-x86_64-mingw32/nios2-elf/lib\libc.a(lib_a-memcmp.o)
 .data          0x0000000000809dec        0x0 c:/intelfpga_lite/18.1/nios2eds/bin/gnu/h-x86_64-mingw32/bin/../lib/gcc/nios2-elf/5.3.0/../../../../../H-x86_64-mingw32/nios2-elf/lib\libc.a(lib_a-__atexit.o)
 .data          0x0000000000809dec        0x0 c:/intelfpga_lite/18.1/nios2eds/bin/gnu/h-x86_64-mingw32/bin/../lib/gcc/nios2-elf/5.3.0/../../../../../H-x86_64-mingw32/nios2-elf/lib\libc.a(lib_a-__call_atexit.o)
 .data          0x0000000000809dec        0x0 C:/Users/dulan/OneDrive/Desktop/ENGGEN/2023_sem2/303/COMPSYS303/project303_bsp/\libhal_bsp.a(alt_exit.o)
                0x0000000000811dec                _gp = ABSOLUTE ((. + 0x8000))
                [!provide]                        PROVIDE (gp, _gp)
 *(.rwdata .rwdata.*)
 *(.sdata .sdata.* .gnu.linkonce.s.*)
 .sdata._global_impure_ptr
                0x0000000000809dec        0x4 c:/intelfpga_lite/18.1/nios2eds/bin/gnu/h-x86_64-mingw32/bin/../lib/gcc/nios2-elf/5.3.0/../../../../../H-x86_64-mingw32/nios2-elf/lib\libc.a(lib_a-impure.o)
                0x0000000000809dec                _global_impure_ptr
 .sdata._impure_ptr
                0x0000000000809df0        0x4 c:/intelfpga_lite/18.1/nios2eds/bin/gnu/h-x86_64-mingw32/bin/../lib/gcc/nios2-elf/5.3.0/../../../../../H-x86_64-mingw32/nios2-elf/lib\libc.a(lib_a-impure.o)
                0x0000000000809df0                _impure_ptr
 .sdata.__malloc_sbrk_base
                0x0000000000809df4        0x4 c:/intelfpga_lite/18.1/nios2eds/bin/gnu/h-x86_64-mingw32/bin/../lib/gcc/nios2-elf/5.3.0/../../../../../H-x86_64-mingw32/nios2-elf/lib\libc.a(lib_a-mallocr.o)
                0x0000000000809df4                __malloc_sbrk_base
 .sdata.__malloc_trim_threshold
                0x0000000000809df8        0x4 c:/intelfpga_lite/18.1/nios2eds/bin/gnu/h-x86_64-mingw32/bin/../lib/gcc/nios2-elf/5.3.0/../../../../../H-x86_64-mingw32/nios2-elf/lib\libc.a(lib_a-mallocr.o)
                0x0000000000809df8                __malloc_trim_threshold
 .sdata         0x0000000000809dfc       0x14 C:/Users/dulan/OneDrive/Desktop/ENGGEN/2023_sem2/303/COMPSYS303/project303_bsp/\libhal_bsp.a(alt_dev.o)
                0x0000000000809dfc                alt_fs_list
                0x0000000000809e04                alt_dev_list
                0x0000000000809e0c                alt_max_fd
 .sdata         0x0000000000809e10        0x4 C:/Users/dulan/OneDrive/Desktop/ENGGEN/2023_sem2/303/COMPSYS303/project303_bsp/\libhal_bsp.a(alt_errno.o)
                0x0000000000809e10                alt_errno
 .sdata         0x0000000000809e14        0x4 C:/Users/dulan/OneDrive/Desktop/ENGGEN/2023_sem2/303/COMPSYS303/project303_bsp/\libhal_bsp.a(alt_sbrk.o)
 .sdata         0x0000000000809e18        0x4 C:/Users/dulan/OneDrive/Desktop/ENGGEN/2023_sem2/303/COMPSYS303/project303_bsp/\libhal_bsp.a(altera_avalon_lcd_16207.o)
 .sdata         0x0000000000809e1c        0x4 C:/Users/dulan/OneDrive/Desktop/ENGGEN/2023_sem2/303/COMPSYS303/project303_bsp/\libhal_bsp.a(alt_irq_vars.o)
                0x0000000000809e1c                alt_priority_mask
 .sdata         0x0000000000809e20        0x8 C:/Users/dulan/OneDrive/Desktop/ENGGEN/2023_sem2/303/COMPSYS303/project303_bsp/\libhal_bsp.a(alt_tick.o)
                0x0000000000809e20                alt_alarm_list
 .sdata.__ctype_ptr__
                0x0000000000809e28        0x4 c:/intelfpga_lite/18.1/nios2eds/bin/gnu/h-x86_64-mingw32/bin/../lib/gcc/nios2-elf/5.3.0/../../../../../H-x86_64-mingw32/nios2-elf/lib\libc.a(lib_a-ctype_.o)
                0x0000000000809e28                __ctype_ptr__
 *(.sdata2 .sdata2.* .gnu.linkonce.s2.*)
                0x0000000000809e2c                . = ALIGN (0x4)
                0x0000000000809e2c                _edata = ABSOLUTE (.)
                [!provide]                        PROVIDE (edata, ABSOLUTE (.))
                0x0000000000809e2c                PROVIDE (__ram_rwdata_end, ABSOLUTE (.))
                0x0000000000809e2c                PROVIDE (__flash_rwdata_start, LOADADDR (.rwdata))

.bss            0x000000000080ba84      0x154
                0x000000000080ba84                __bss_start = ABSOLUTE (.)
                [!provide]                        PROVIDE (__sbss_start, ABSOLUTE (.))
                [!provide]                        PROVIDE (___sbss_start, ABSOLUTE (.))
 *(.dynsbss)
 *(.sbss .sbss.* .gnu.linkonce.sb.*)
 .sbss          0x000000000080ba84        0x4 c:/intelfpga_lite/18.1/nios2eds/bin/gnu/h-x86_64-mingw32/bin/../lib/gcc/nios2-elf/5.3.0/../../../../../H-x86_64-mingw32/nios2-elf/lib\libc.a(lib_a-int_errno.o)
                0x000000000080ba84                errno
 .sbss.__malloc_max_total_mem
                0x000000000080ba88        0x4 c:/intelfpga_lite/18.1/nios2eds/bin/gnu/h-x86_64-mingw32/bin/../lib/gcc/nios2-elf/5.3.0/../../../../../H-x86_64-mingw32/nios2-elf/lib\libc.a(lib_a-mallocr.o)
                0x000000000080ba88                __malloc_max_total_mem
 .sbss.__malloc_max_sbrked_mem
                0x000000000080ba8c        0x4 c:/intelfpga_lite/18.1/nios2eds/bin/gnu/h-x86_64-mingw32/bin/../lib/gcc/nios2-elf/5.3.0/../../../../../H-x86_64-mingw32/nios2-elf/lib\libc.a(lib_a-mallocr.o)
                0x000000000080ba8c                __malloc_max_sbrked_mem
 .sbss.__malloc_top_pad
                0x000000000080ba90        0x4 c:/intelfpga_lite/18.1/nios2eds/bin/gnu/h-x86_64-mingw32/bin/../lib/gcc/nios2-elf/5.3.0/../../../../../H-x86_64-mingw32/nios2-elf/lib\libc.a(lib_a-mallocr.o)
                0x000000000080ba90                __malloc_top_pad
 .sbss          0x000000000080ba94        0xc C:/Users/dulan/OneDrive/Desktop/ENGGEN/2023_sem2/303/COMPSYS303/project303_bsp/\libhal_bsp.a(alt_main.o)
                0x000000000080ba94                alt_argc
                0x000000000080ba98                alt_argv
                0x000000000080ba9c                alt_envp
 .sbss          0x000000000080baa0        0x4 C:/Users/dulan/OneDrive/Desktop/ENGGEN/2023_sem2/303/COMPSYS303/project303_bsp/\libhal_bsp.a(alt_irq_vars.o)
                0x000000000080baa0                alt_irq_active
 .sbss          0x000000000080baa4        0x8 C:/Users/dulan/OneDrive/Desktop/ENGGEN/2023_sem2/303/COMPSYS303/project303_bsp/\libhal_bsp.a(alt_tick.o)
                0x000000000080baa4                _alt_tick_rate
                0x000000000080baa8                _alt_nticks
 .sbss          0x000000000080baac        0x4 C:/Users/dulan/OneDrive/Desktop/ENGGEN/2023_sem2/303/COMPSYS303/project303_bsp/\libhal_bsp.a(alt_instruction_exception_entry.o)
                0x000000000080baac                alt_instruction_exception_handler
 *(.sbss2 .sbss2.* .gnu.linkonce.sb2.*)
 *(.scommon)
                [!provide]                        PROVIDE (__sbss_end, ABSOLUTE (.))
                [!provide]                        PROVIDE (___sbss_end, ABSOLUTE (.))
 *(.dynbss)
 *(.bss .bss.* .gnu.linkonce.b.*)
 .bss           0x000000000080bab0        0x0 C:/Users/dulan/OneDrive/Desktop/ENGGEN/2023_sem2/303/COMPSYS303/project303_bsp//obj/HAL/src/crt0.o
 .bss           0x000000000080bab0        0x0 obj/default/hello_world.o
 .bss           0x000000000080bab0        0x0 c:/intelfpga_lite/18.1/nios2eds/bin/gnu/h-x86_64-mingw32/bin/../lib/gcc/nios2-elf/5.3.0/../../../../../H-x86_64-mingw32/nios2-elf/lib\libc.a(lib_a-fclose.o)
 .bss           0x000000000080bab0        0x0 c:/intelfpga_lite/18.1/nios2eds/bin/gnu/h-x86_64-mingw32/bin/../lib/gcc/nios2-elf/5.3.0/../../../../../H-x86_64-mingw32/nios2-elf/lib\libc.a(lib_a-fflush.o)
 .bss           0x000000000080bab0        0x0 c:/intelfpga_lite/18.1/nios2eds/bin/gnu/h-x86_64-mingw32/bin/../lib/gcc/nios2-elf/5.3.0/../../../../../H-x86_64-mingw32/nios2-elf/lib\libc.a(lib_a-fgetc.o)
 .bss           0x000000000080bab0        0x0 c:/intelfpga_lite/18.1/nios2eds/bin/gnu/h-x86_64-mingw32/bin/../lib/gcc/nios2-elf/5.3.0/../../../../../H-x86_64-mingw32/nios2-elf/lib\libc.a(lib_a-findfp.o)
 .bss           0x000000000080bab0        0x0 c:/intelfpga_lite/18.1/nios2eds/bin/gnu/h-x86_64-mingw32/bin/../lib/gcc/nios2-elf/5.3.0/../../../../../H-x86_64-mingw32/nios2-elf/lib\libc.a(lib_a-fopen.o)
 .bss           0x000000000080bab0        0x0 c:/intelfpga_lite/18.1/nios2eds/bin/gnu/h-x86_64-mingw32/bin/../lib/gcc/nios2-elf/5.3.0/../../../../../H-x86_64-mingw32/nios2-elf/lib\libc.a(lib_a-freer.o)
 .bss           0x000000000080bab0        0x0 c:/intelfpga_lite/18.1/nios2eds/bin/gnu/h-x86_64-mingw32/bin/../lib/gcc/nios2-elf/5.3.0/../../../../../H-x86_64-mingw32/nios2-elf/lib\libc.a(lib_a-fseek.o)
 .bss           0x000000000080bab0        0x0 c:/intelfpga_lite/18.1/nios2eds/bin/gnu/h-x86_64-mingw32/bin/../lib/gcc/nios2-elf/5.3.0/../../../../../H-x86_64-mingw32/nios2-elf/lib\libc.a(lib_a-fseeko.o)
 .bss           0x000000000080bab0        0x0 c:/intelfpga_lite/18.1/nios2eds/bin/gnu/h-x86_64-mingw32/bin/../lib/gcc/nios2-elf/5.3.0/../../../../../H-x86_64-mingw32/nios2-elf/lib\libc.a(lib_a-fstatr.o)
 .bss           0x000000000080bab0        0x0 c:/intelfpga_lite/18.1/nios2eds/bin/gnu/h-x86_64-mingw32/bin/../lib/gcc/nios2-elf/5.3.0/../../../../../H-x86_64-mingw32/nios2-elf/lib\libc.a(lib_a-fwalk.o)
 .bss           0x000000000080bab0        0x0 c:/intelfpga_lite/18.1/nios2eds/bin/gnu/h-x86_64-mingw32/bin/../lib/gcc/nios2-elf/5.3.0/../../../../../H-x86_64-mingw32/nios2-elf/lib\libc.a(lib_a-impure.o)
 .bss           0x000000000080bab0        0x0 c:/intelfpga_lite/18.1/nios2eds/bin/gnu/h-x86_64-mingw32/bin/../lib/gcc/nios2-elf/5.3.0/../../../../../H-x86_64-mingw32/nios2-elf/lib\libc.a(lib_a-int_errno.o)
 .bss           0x000000000080bab0        0x0 c:/intelfpga_lite/18.1/nios2eds/bin/gnu/h-x86_64-mingw32/bin/../lib/gcc/nios2-elf/5.3.0/../../../../../H-x86_64-mingw32/nios2-elf/lib\libc.a(lib_a-makebuf.o)
 .bss           0x000000000080bab0        0x0 c:/intelfpga_lite/18.1/nios2eds/bin/gnu/h-x86_64-mingw32/bin/../lib/gcc/nios2-elf/5.3.0/../../../../../H-x86_64-mingw32/nios2-elf/lib\libc.a(lib_a-mallocr.o)
 .bss.__malloc_current_mallinfo
                0x000000000080bab0       0x28 c:/intelfpga_lite/18.1/nios2eds/bin/gnu/h-x86_64-mingw32/bin/../lib/gcc/nios2-elf/5.3.0/../../../../../H-x86_64-mingw32/nios2-elf/lib\libc.a(lib_a-mallocr.o)
                0x000000000080bab0                __malloc_current_mallinfo
 .bss           0x000000000080bad8        0x0 c:/intelfpga_lite/18.1/nios2eds/bin/gnu/h-x86_64-mingw32/bin/../lib/gcc/nios2-elf/5.3.0/../../../../../H-x86_64-mingw32/nios2-elf/lib\libc.a(lib_a-memset.o)
 .bss           0x000000000080bad8        0x0 c:/intelfpga_lite/18.1/nios2eds/bin/gnu/h-x86_64-mingw32/bin/../lib/gcc/nios2-elf/5.3.0/../../../../../H-x86_64-mingw32/nios2-elf/lib\libc.a(lib_a-openr.o)
 .bss           0x000000000080bad8        0x0 c:/intelfpga_lite/18.1/nios2eds/bin/gnu/h-x86_64-mingw32/bin/../lib/gcc/nios2-elf/5.3.0/../../../../../H-x86_64-mingw32/nios2-elf/lib\libc.a(lib_a-putc.o)
 .bss           0x000000000080bad8        0x0 c:/intelfpga_lite/18.1/nios2eds/bin/gnu/h-x86_64-mingw32/bin/../lib/gcc/nios2-elf/5.3.0/../../../../../H-x86_64-mingw32/nios2-elf/lib\libc.a(lib_a-puts.o)
 .bss           0x000000000080bad8        0x0 c:/intelfpga_lite/18.1/nios2eds/bin/gnu/h-x86_64-mingw32/bin/../lib/gcc/nios2-elf/5.3.0/../../../../../H-x86_64-mingw32/nios2-elf/lib\libc.a(lib_a-refill.o)
 .bss           0x000000000080bad8        0x0 c:/intelfpga_lite/18.1/nios2eds/bin/gnu/h-x86_64-mingw32/bin/../lib/gcc/nios2-elf/5.3.0/../../../../../H-x86_64-mingw32/nios2-elf/lib\libc.a(lib_a-rget.o)
 .bss           0x000000000080bad8        0x0 c:/intelfpga_lite/18.1/nios2eds/bin/gnu/h-x86_64-mingw32/bin/../lib/gcc/nios2-elf/5.3.0/../../../../../H-x86_64-mingw32/nios2-elf/lib\libc.a(lib_a-sbrkr.o)
 .bss           0x000000000080bad8        0x0 c:/intelfpga_lite/18.1/nios2eds/bin/gnu/h-x86_64-mingw32/bin/../lib/gcc/nios2-elf/5.3.0/../../../../../H-x86_64-mingw32/nios2-elf/lib\libc.a(lib_a-stdio.o)
 .bss           0x000000000080bad8        0x0 c:/intelfpga_lite/18.1/nios2eds/bin/gnu/h-x86_64-mingw32/bin/../lib/gcc/nios2-elf/5.3.0/../../../../../H-x86_64-mingw32/nios2-elf/lib\libc.a(lib_a-strlen.o)
 .bss           0x000000000080bad8        0x0 c:/intelfpga_lite/18.1/nios2eds/bin/gnu/h-x86_64-mingw32/bin/../lib/gcc/nios2-elf/5.3.0/../../../../../H-x86_64-mingw32/nios2-elf/lib\libc.a(lib_a-wbuf.o)
 .bss           0x000000000080bad8        0x0 c:/intelfpga_lite/18.1/nios2eds/bin/gnu/h-x86_64-mingw32/bin/../lib/gcc/nios2-elf/5.3.0/../../../../../H-x86_64-mingw32/nios2-elf/lib\libc.a(lib_a-writer.o)
 .bss           0x000000000080bad8        0x0 c:/intelfpga_lite/18.1/nios2eds/bin/gnu/h-x86_64-mingw32/bin/../lib/gcc/nios2-elf/5.3.0/../../../../../H-x86_64-mingw32/nios2-elf/lib\libc.a(lib_a-wsetup.o)
 .bss           0x000000000080bad8        0x0 c:/intelfpga_lite/18.1/nios2eds/bin/gnu/h-x86_64-mingw32/bin/../lib/gcc/nios2-elf/5.3.0/../../../../../H-x86_64-mingw32/nios2-elf/lib\libc.a(closer.o)
 .bss           0x000000000080bad8        0x0 c:/intelfpga_lite/18.1/nios2eds/bin/gnu/h-x86_64-mingw32/bin/../lib/gcc/nios2-elf/5.3.0/../../../../../H-x86_64-mingw32/nios2-elf/lib\libc.a(lib_a-flags.o)
 .bss           0x000000000080bad8        0x0 c:/intelfpga_lite/18.1/nios2eds/bin/gnu/h-x86_64-mingw32/bin/../lib/gcc/nios2-elf/5.3.0/../../../../../H-x86_64-mingw32/nios2-elf/lib\libc.a(lib_a-fvwrite.o)
 .bss           0x000000000080bad8        0x0 c:/intelfpga_lite/18.1/nios2eds/bin/gnu/h-x86_64-mingw32/bin/../lib/gcc/nios2-elf/5.3.0/../../../../../H-x86_64-mingw32/nios2-elf/lib\libc.a(lib_a-isattyr.o)
 .bss           0x000000000080bad8        0x0 c:/intelfpga_lite/18.1/nios2eds/bin/gnu/h-x86_64-mingw32/bin/../lib/gcc/nios2-elf/5.3.0/../../../../../H-x86_64-mingw32/nios2-elf/lib\libc.a(lib_a-lseekr.o)
 .bss           0x000000000080bad8        0x0 c:/intelfpga_lite/18.1/nios2eds/bin/gnu/h-x86_64-mingw32/bin/../lib/gcc/nios2-elf/5.3.0/../../../../../H-x86_64-mingw32/nios2-elf/lib\libc.a(lib_a-memchr.o)
 .bss           0x000000000080bad8        0x0 c:/intelfpga_lite/18.1/nios2eds/bin/gnu/h-x86_64-mingw32/bin/../lib/gcc/nios2-elf/5.3.0/../../../../../H-x86_64-mingw32/nios2-elf/lib\libc.a(lib_a-memcpy.o)
 .bss           0x000000000080bad8        0x0 c:/intelfpga_lite/18.1/nios2eds/bin/gnu/h-x86_64-mingw32/bin/../lib/gcc/nios2-elf/5.3.0/../../../../../H-x86_64-mingw32/nios2-elf/lib\libc.a(lib_a-memmove.o)
 .bss           0x000000000080bad8        0x0 c:/intelfpga_lite/18.1/nios2eds/bin/gnu/h-x86_64-mingw32/bin/../lib/gcc/nios2-elf/5.3.0/../../../../../H-x86_64-mingw32/nios2-elf/lib\libc.a(lib_a-readr.o)
 .bss           0x000000000080bad8        0x0 c:/intelfpga_lite/18.1/nios2eds/bin/gnu/h-x86_64-mingw32/bin/../lib/gcc/nios2-elf/5.3.0/../../../../../H-x86_64-mingw32/nios2-elf/lib\libc.a(lib_a-reallocr.o)
 .bss           0x000000000080bad8        0x0 c:/intelfpga_lite/18.1/nios2eds/bin/gnu/h-x86_64-mingw32/bin/../lib/gcc/nios2-elf/5.3.0\libgcc.a(lib2-divmod.o)
 .bss           0x000000000080bad8        0x0 C:/Users/dulan/OneDrive/Desktop/ENGGEN/2023_sem2/303/COMPSYS303/project303_bsp/\libhal_bsp.a(alt_close.o)
 .bss           0x000000000080bad8        0x0 C:/Users/dulan/OneDrive/Desktop/ENGGEN/2023_sem2/303/COMPSYS303/project303_bsp/\libhal_bsp.a(alt_dev.o)
 .bss           0x000000000080bad8        0x0 C:/Users/dulan/OneDrive/Desktop/ENGGEN/2023_sem2/303/COMPSYS303/project303_bsp/\libhal_bsp.a(alt_errno.o)
 .bss           0x000000000080bad8        0x0 C:/Users/dulan/OneDrive/Desktop/ENGGEN/2023_sem2/303/COMPSYS303/project303_bsp/\libhal_bsp.a(alt_fstat.o)
 .bss           0x000000000080bad8        0x0 C:/Users/dulan/OneDrive/Desktop/ENGGEN/2023_sem2/303/COMPSYS303/project303_bsp/\libhal_bsp.a(alt_isatty.o)
 .bss           0x000000000080bad8        0x0 C:/Users/dulan/OneDrive/Desktop/ENGGEN/2023_sem2/303/COMPSYS303/project303_bsp/\libhal_bsp.a(alt_load.o)
 .bss           0x000000000080bad8        0x0 C:/Users/dulan/OneDrive/Desktop/ENGGEN/2023_sem2/303/COMPSYS303/project303_bsp/\libhal_bsp.a(alt_lseek.o)
 .bss           0x000000000080bad8        0x0 C:/Users/dulan/OneDrive/Desktop/ENGGEN/2023_sem2/303/COMPSYS303/project303_bsp/\libhal_bsp.a(alt_main.o)
 .bss           0x000000000080bad8        0x0 C:/Users/dulan/OneDrive/Desktop/ENGGEN/2023_sem2/303/COMPSYS303/project303_bsp/\libhal_bsp.a(alt_malloc_lock.o)
 .bss           0x000000000080bad8        0x0 C:/Users/dulan/OneDrive/Desktop/ENGGEN/2023_sem2/303/COMPSYS303/project303_bsp/\libhal_bsp.a(alt_open.o)
 .bss           0x000000000080bad8        0x0 C:/Users/dulan/OneDrive/Desktop/ENGGEN/2023_sem2/303/COMPSYS303/project303_bsp/\libhal_bsp.a(alt_read.o)
 .bss           0x000000000080bad8        0x0 C:/Users/dulan/OneDrive/Desktop/ENGGEN/2023_sem2/303/COMPSYS303/project303_bsp/\libhal_bsp.a(alt_release_fd.o)
 .bss           0x000000000080bad8        0x0 C:/Users/dulan/OneDrive/Desktop/ENGGEN/2023_sem2/303/COMPSYS303/project303_bsp/\libhal_bsp.a(alt_sbrk.o)
 .bss           0x000000000080bad8        0x0 C:/Users/dulan/OneDrive/Desktop/ENGGEN/2023_sem2/303/COMPSYS303/project303_bsp/\libhal_bsp.a(alt_write.o)
 .bss           0x000000000080bad8        0x0 C:/Users/dulan/OneDrive/Desktop/ENGGEN/2023_sem2/303/COMPSYS303/project303_bsp/\libhal_bsp.a(alt_sys_init.o)
 .bss           0x000000000080bad8        0x0 C:/Users/dulan/OneDrive/Desktop/ENGGEN/2023_sem2/303/COMPSYS303/project303_bsp/\libhal_bsp.a(altera_avalon_jtag_uart_fd.o)
 .bss           0x000000000080bad8        0x0 C:/Users/dulan/OneDrive/Desktop/ENGGEN/2023_sem2/303/COMPSYS303/project303_bsp/\libhal_bsp.a(altera_avalon_jtag_uart_init.o)
 .bss           0x000000000080bad8        0x0 C:/Users/dulan/OneDrive/Desktop/ENGGEN/2023_sem2/303/COMPSYS303/project303_bsp/\libhal_bsp.a(altera_avalon_jtag_uart_ioctl.o)
 .bss           0x000000000080bad8        0x0 C:/Users/dulan/OneDrive/Desktop/ENGGEN/2023_sem2/303/COMPSYS303/project303_bsp/\libhal_bsp.a(altera_avalon_jtag_uart_read.o)
 .bss           0x000000000080bad8        0x0 C:/Users/dulan/OneDrive/Desktop/ENGGEN/2023_sem2/303/COMPSYS303/project303_bsp/\libhal_bsp.a(altera_avalon_jtag_uart_write.o)
 .bss           0x000000000080bad8        0x0 C:/Users/dulan/OneDrive/Desktop/ENGGEN/2023_sem2/303/COMPSYS303/project303_bsp/\libhal_bsp.a(altera_avalon_lcd_16207.o)
 .bss           0x000000000080bad8        0x0 C:/Users/dulan/OneDrive/Desktop/ENGGEN/2023_sem2/303/COMPSYS303/project303_bsp/\libhal_bsp.a(altera_avalon_lcd_16207_fd.o)
 .bss           0x000000000080bad8        0x0 C:/Users/dulan/OneDrive/Desktop/ENGGEN/2023_sem2/303/COMPSYS303/project303_bsp/\libhal_bsp.a(altera_avalon_timer_sc.o)
 .bss           0x000000000080bad8        0x0 C:/Users/dulan/OneDrive/Desktop/ENGGEN/2023_sem2/303/COMPSYS303/project303_bsp/\libhal_bsp.a(altera_avalon_uart_fd.o)
 .bss           0x000000000080bad8        0x0 C:/Users/dulan/OneDrive/Desktop/ENGGEN/2023_sem2/303/COMPSYS303/project303_bsp/\libhal_bsp.a(altera_avalon_uart_init.o)
 .bss           0x000000000080bad8        0x0 C:/Users/dulan/OneDrive/Desktop/ENGGEN/2023_sem2/303/COMPSYS303/project303_bsp/\libhal_bsp.a(altera_avalon_uart_read.o)
 .bss           0x000000000080bad8        0x0 C:/Users/dulan/OneDrive/Desktop/ENGGEN/2023_sem2/303/COMPSYS303/project303_bsp/\libhal_bsp.a(altera_avalon_uart_write.o)
 .bss           0x000000000080bad8        0x0 C:/Users/dulan/OneDrive/Desktop/ENGGEN/2023_sem2/303/COMPSYS303/project303_bsp/\libhal_bsp.a(alt_alarm_start.o)
 .bss           0x000000000080bad8        0x0 C:/Users/dulan/OneDrive/Desktop/ENGGEN/2023_sem2/303/COMPSYS303/project303_bsp/\libhal_bsp.a(alt_dcache_flush_all.o)
 .bss           0x000000000080bad8        0x0 C:/Users/dulan/OneDrive/Desktop/ENGGEN/2023_sem2/303/COMPSYS303/project303_bsp/\libhal_bsp.a(alt_dev_llist_insert.o)
 .bss           0x000000000080bad8        0x0 C:/Users/dulan/OneDrive/Desktop/ENGGEN/2023_sem2/303/COMPSYS303/project303_bsp/\libhal_bsp.a(alt_do_ctors.o)
 .bss           0x000000000080bad8        0x0 C:/Users/dulan/OneDrive/Desktop/ENGGEN/2023_sem2/303/COMPSYS303/project303_bsp/\libhal_bsp.a(alt_do_dtors.o)
 .bss           0x000000000080bad8        0x0 C:/Users/dulan/OneDrive/Desktop/ENGGEN/2023_sem2/303/COMPSYS303/project303_bsp/\libhal_bsp.a(alt_find_dev.o)
 .bss           0x000000000080bad8        0x0 C:/Users/dulan/OneDrive/Desktop/ENGGEN/2023_sem2/303/COMPSYS303/project303_bsp/\libhal_bsp.a(alt_find_file.o)
 .bss           0x000000000080bad8        0x0 C:/Users/dulan/OneDrive/Desktop/ENGGEN/2023_sem2/303/COMPSYS303/project303_bsp/\libhal_bsp.a(alt_get_fd.o)
 .bss           0x000000000080bad8        0x0 C:/Users/dulan/OneDrive/Desktop/ENGGEN/2023_sem2/303/COMPSYS303/project303_bsp/\libhal_bsp.a(alt_icache_flush_all.o)
 .bss           0x000000000080bad8        0x0 C:/Users/dulan/OneDrive/Desktop/ENGGEN/2023_sem2/303/COMPSYS303/project303_bsp/\libhal_bsp.a(alt_iic.o)
 .bss           0x000000000080bad8        0x0 C:/Users/dulan/OneDrive/Desktop/ENGGEN/2023_sem2/303/COMPSYS303/project303_bsp/\libhal_bsp.a(alt_iic_isr_register.o)
 .bss           0x000000000080bad8        0x0 C:/Users/dulan/OneDrive/Desktop/ENGGEN/2023_sem2/303/COMPSYS303/project303_bsp/\libhal_bsp.a(alt_io_redirect.o)
 .bss           0x000000000080bad8        0x0 C:/Users/dulan/OneDrive/Desktop/ENGGEN/2023_sem2/303/COMPSYS303/project303_bsp/\libhal_bsp.a(alt_irq_entry.o)
 .bss           0x000000000080bad8        0x0 C:/Users/dulan/OneDrive/Desktop/ENGGEN/2023_sem2/303/COMPSYS303/project303_bsp/\libhal_bsp.a(alt_irq_handler.o)
 .bss           0x000000000080bad8        0x0 C:/Users/dulan/OneDrive/Desktop/ENGGEN/2023_sem2/303/COMPSYS303/project303_bsp/\libhal_bsp.a(alt_irq_vars.o)
 .bss           0x000000000080bad8        0x0 C:/Users/dulan/OneDrive/Desktop/ENGGEN/2023_sem2/303/COMPSYS303/project303_bsp/\libhal_bsp.a(alt_tick.o)
 .bss           0x000000000080bad8        0x0 C:/Users/dulan/OneDrive/Desktop/ENGGEN/2023_sem2/303/COMPSYS303/project303_bsp/\libhal_bsp.a(alt_usleep.o)
 .bss           0x000000000080bad8        0x0 C:/Users/dulan/OneDrive/Desktop/ENGGEN/2023_sem2/303/COMPSYS303/project303_bsp/\libhal_bsp.a(altera_nios2_gen2_irq.o)
 .bss           0x000000000080bad8        0x0 C:/Users/dulan/OneDrive/Desktop/ENGGEN/2023_sem2/303/COMPSYS303/project303_bsp/\libhal_bsp.a(alt_busy_sleep.o)
 .bss           0x000000000080bad8        0x0 C:/Users/dulan/OneDrive/Desktop/ENGGEN/2023_sem2/303/COMPSYS303/project303_bsp/\libhal_bsp.a(alt_exception_entry.o)
 .bss           0x000000000080bad8        0x0 C:/Users/dulan/OneDrive/Desktop/ENGGEN/2023_sem2/303/COMPSYS303/project303_bsp/\libhal_bsp.a(alt_icache_flush.o)
 .bss           0x000000000080bad8        0x0 C:/Users/dulan/OneDrive/Desktop/ENGGEN/2023_sem2/303/COMPSYS303/project303_bsp/\libhal_bsp.a(alt_instruction_exception_entry.o)
 .bss           0x000000000080bad8        0x0 c:/intelfpga_lite/18.1/nios2eds/bin/gnu/h-x86_64-mingw32/bin/../lib/gcc/nios2-elf/5.3.0/../../../../../H-x86_64-mingw32/nios2-elf/lib\libc.a(lib_a-atexit.o)
 .bss           0x000000000080bad8        0x0 c:/intelfpga_lite/18.1/nios2eds/bin/gnu/h-x86_64-mingw32/bin/../lib/gcc/nios2-elf/5.3.0/../../../../../H-x86_64-mingw32/nios2-elf/lib\libc.a(lib_a-ctype_.o)
 .bss           0x000000000080bad8        0x0 c:/intelfpga_lite/18.1/nios2eds/bin/gnu/h-x86_64-mingw32/bin/../lib/gcc/nios2-elf/5.3.0/../../../../../H-x86_64-mingw32/nios2-elf/lib\libc.a(lib_a-exit.o)
 .bss           0x000000000080bad8        0x0 c:/intelfpga_lite/18.1/nios2eds/bin/gnu/h-x86_64-mingw32/bin/../lib/gcc/nios2-elf/5.3.0/../../../../../H-x86_64-mingw32/nios2-elf/lib\libc.a(lib_a-memcmp.o)
 .bss           0x000000000080bad8        0x0 c:/intelfpga_lite/18.1/nios2eds/bin/gnu/h-x86_64-mingw32/bin/../lib/gcc/nios2-elf/5.3.0/../../../../../H-x86_64-mingw32/nios2-elf/lib\libc.a(lib_a-__atexit.o)
 .bss           0x000000000080bad8        0x0 c:/intelfpga_lite/18.1/nios2eds/bin/gnu/h-x86_64-mingw32/bin/../lib/gcc/nios2-elf/5.3.0/../../../../../H-x86_64-mingw32/nios2-elf/lib\libc.a(lib_a-__call_atexit.o)
 .bss           0x000000000080bad8        0x0 C:/Users/dulan/OneDrive/Desktop/ENGGEN/2023_sem2/303/COMPSYS303/project303_bsp/\libhal_bsp.a(alt_exit.o)
 *(COMMON)
 COMMON         0x000000000080bad8      0x100 C:/Users/dulan/OneDrive/Desktop/ENGGEN/2023_sem2/303/COMPSYS303/project303_bsp/\libhal_bsp.a(alt_irq_handler.o)
                0x000000000080bad8                alt_irq
                0x000000000080bbd8                . = ALIGN (0x4)
                0x000000000080bbd8                __bss_end = ABSOLUTE (.)

.sdram          0x000000000080bbd8        0x0
                [!provide]                        PROVIDE (_alt_partition_sdram_start, ABSOLUTE (.))
 *(.sdram .sdram. sdram.*)
                0x000000000080bbd8                . = ALIGN (0x4)
                [!provide]                        PROVIDE (_alt_partition_sdram_end, ABSOLUTE (.))
                0x000000000080bbd8                _end = ABSOLUTE (.)
                0x000000000080bbd8                end = ABSOLUTE (.)
                0x000000000080bbd8                __alt_stack_base = ABSOLUTE (.)
                [!provide]                        PROVIDE (_alt_partition_sdram_load_addr, LOADADDR (.sdram))

.onchip_mem     0x0000000001008000        0x0 load address 0x000000000080bbd8
                [!provide]                        PROVIDE (_alt_partition_onchip_mem_start, ABSOLUTE (.))
 *(.onchip_mem .onchip_mem. onchip_mem.*)
                0x0000000001008000                . = ALIGN (0x4)
                [!provide]                        PROVIDE (_alt_partition_onchip_mem_end, ABSOLUTE (.))
                [!provide]                        PROVIDE (_alt_partition_onchip_mem_load_addr, LOADADDR (.onchip_mem))

.stab
 *(.stab)

.stabstr
 *(.stabstr)

.stab.excl
 *(.stab.excl)

.stab.exclstr
 *(.stab.exclstr)

.stab.index
 *(.stab.index)

.stab.indexstr
 *(.stab.indexstr)

.comment        0x0000000000000000       0x23
 *(.comment)
 .comment       0x0000000000000000       0x23 obj/default/hello_world.o
                                         0x24 (size before relaxing)
 .comment       0x0000000000000023       0x24 c:/intelfpga_lite/18.1/nios2eds/bin/gnu/h-x86_64-mingw32/bin/../lib/gcc/nios2-elf/5.3.0/../../../../../H-x86_64-mingw32/nios2-elf/lib\libc.a(lib_a-fclose.o)
 .comment       0x0000000000000023       0x24 c:/intelfpga_lite/18.1/nios2eds/bin/gnu/h-x86_64-mingw32/bin/../lib/gcc/nios2-elf/5.3.0/../../../../../H-x86_64-mingw32/nios2-elf/lib\libc.a(lib_a-fflush.o)
 .comment       0x0000000000000023       0x24 c:/intelfpga_lite/18.1/nios2eds/bin/gnu/h-x86_64-mingw32/bin/../lib/gcc/nios2-elf/5.3.0/../../../../../H-x86_64-mingw32/nios2-elf/lib\libc.a(lib_a-fgetc.o)